******************************************************************************
                  TI ARM Linker PC v20.2.5                     
******************************************************************************
>> Linked Wed Nov 10 20:00:49 2021

OUTPUT FILE NAME:   <uartecho_CC3220S_LAUNCHXL_nortos_ccs.out>
ENTRY POINT SYMBOL: "resetISR"  address: 2000f311


MEMORY CONFIGURATION

         name            origin    length      used     unused   attr    fill
----------------------  --------  ---------  --------  --------  ----  --------
  SRAM2                 20000000   00004000  0000130c  00002cf4  RW X
  SRAM                  20004000   0003c000  0000c24e  0002fdb2  RW X
  LOG_DATA              90000000   00040000  00000000  00040000  R   


SEGMENT ALLOCATION MAP

run origin  load origin   length   init length attrs members
----------  ----------- ---------- ----------- ----- -------
20003000    20003000    00001000   00000000    rw-
  20003000    20003000    00001000   00000000    rw- .stack
20004000    20004000    00000040   00000040    r--
  20004000    20004000    00000040   00000040    r-- .resetVecs
20004040    20004040    00008000   00000000    rw-
  20004040    20004040    00008000   00000000    rw- .sysmem
2000c040    2000c040    000035d4   000035d4    r-x
  2000c040    2000c040    000035d4   000035d4    r-x .text
2000f614    2000f614    000005ac   00000000    rw-
  2000f614    2000f614    000005ac   00000000    rw- .data
2000fbc0    2000fbc0    0000037a   0000037a    r--
  2000fbc0    2000fbc0    0000037a   0000037a    r-- .const
2000ff40    2000ff40    0000022c   00000000    rw-
  2000ff40    2000ff40    0000022c   00000000    rw- .bss
20010170    20010170    000000e8   000000e8    r--
  20010170    20010170    000000e8   000000e8    r-- .cinit


SECTION ALLOCATION MAP

 output                                  attributes/
section   page    origin      length       input sections
--------  ----  ----------  ----------   ----------------
.text      0    2000c040    000035d4     
                  2000c040    0000042c     driverlib.a : prcm.obj (.text:PRCMCC3200MCUInit)
                  2000c46c    00000288     drivers_cc32xx.a : UARTCC32XX.oem4 (.text:UARTCC32XX_open)
                  2000c6f4    000001e4                      : GPIOCC32XX.oem4 (.text:GPIO_setConfig)
                  2000c8d8    0000019c     nortos_cc32xx.a : PowerCC32XX_nortos.oem4 (.text:PowerCC32XX_sleepPolicy)
                  2000ca74    00000148     drivers_cc32xx.a : PowerCC32XX.oem4 (.text:parkPins)
                  2000cbbc    00000138                      : PowerCC32XX.oem4 (.text:Power_sleep)
                  2000ccf4    00000138     uartecho.obj (.text:mainThread)
                  2000ce2c    00000120     drivers_cc32xx.a : UARTCC32XX.oem4 (.text:UARTCC32XX_close)
                  2000cf4c    00000100     rtsv7M4_T_le_eabi.lib : memory.c.obj (.text:aligned_alloc)
                  2000d04c    000000f2     drivers_cc32xx.a : UARTCC32XX.oem4 (.text:UARTCC32XX_control)
                  2000d13e    00000002     ti_drivers_config.obj (.text:Board_initHook)
                  2000d140    000000e4     rtsv7M4_T_le_eabi.lib : memory.c.obj (.text:free)
                  2000d224    000000ca     drivers_cc32xx.a : UARTCC32XX.oem4 (.text:UARTCC32XX_write)
                  2000d2ee    00000002     nortos_cc32xx.a : PowerCC32XX_nortos.oem4 (.text:PowerCC32XX_initPolicy)
                  2000d2f0    000000c4     drivers_cc32xx.a : GPIOCC32XX.oem4 (.text:GPIO_init)
                  2000d3b4    000000c0                      : PowerCC32XX.oem4 (.text:restoreParkedPins)
                  2000d474    000000ba                      : UARTCC32XX.oem4 (.text:UARTCC32XX_readPolling)
                  2000d52e    00000002                      : UARTCC32XX.oem4 (.text:UARTCC32XX_init)
                  2000d530    000000b8                      : UARTCC32XX.oem4 (.text:initHw)
                  2000d5e8    000000b6                      : UARTCC32XX.oem4 (.text:readTaskCallback)
                  2000d69e    000000b0                      : UARTCC32XX.oem4 (.text:readTaskBlocking)
                  2000d74e    000000ae                      : UARTCC32XX.oem4 (.text:readIsrTextBlocking)
                  2000d7fc    000000a8     driverlib.a : interrupt.obj (.text:IntEnable)
                  2000d8a4    000000a8     drivers_cc32xx.a : PowerCC32XX.oem4 (.text:PowerCC32XX_configureWakeup)
                  2000d94c    000000a2                      : UARTCC32XX.oem4 (.text:readIsrTextCallback)
                  2000d9ee    000000a2                      : UARTCC32XX.oem4 (.text:writeData)
                  2000da90    000000a0     nortos_cc32xx.a : SemaphoreP_nortos.oem4 (.text:SemaphoreP_pend)
                  2000db30    0000009c     rtsv7M4_T_le_eabi.lib : memcpy_t2.asm.obj (.text)
                  2000dbcc    00000098     drivers_cc32xx.a : GPIOCC32XX.oem4 (.text:powerNotifyFxn)
                  2000dc64    00000096     rtsv7M4_T_le_eabi.lib : ull_div_t2.asm.obj (.text)
                  2000dcfa    00000002                           : _lock.c.obj (.text:_nop)
                  2000dcfc    00000090     drivers_cc32xx.a : PowerCC32XX.oem4 (.text:restoreNVICRegs)
                  2000dd8c    0000008c     nortos_cc32xx.a : HwiPCC32XX_nortos.oem4 (.text:HwiP_construct)
                  2000de18    00000088     driverlib.a : interrupt.obj (.text:IntPendSet)
                  2000dea0    00000088                 : pin.obj (.text:PinConfigSet)
                  2000df28    00000084     drivers_cc32xx.a : PowerCC32XX.oem4 (.text:Power_init)
                  2000dfac    00000084                      : PowerCC32XX.oem4 (.text:saveNVICRegs)
                  2000e030    00000080                      : PowerCC32XX.oem4 (.text:Power_setDependency)
                  2000e0b0    0000007c                      : UARTCC32XX.oem4 (.text:readIsrBinaryBlocking)
                  2000e12c    00000078                      : GPIOCC32XX.oem4 (.text:GPIO_hwiIntFxn)
                  2000e1a4    00000078                      : UARTCC32XX.oem4 (.text:readIsrBinaryCallback)
                  2000e21c    00000074                      : UARTCC32XX.oem4 (.text:UARTCC32XX_hwiIntFxn)
                  2000e290    00000070     rtsv7M4_T_le_eabi.lib : memory.c.obj (.text:split)
                  2000e300    00000068                           : copy_decompress_lzss.c.obj (.text:decompress:lzss:__TI_decompress_lzss)
                  2000e368    00000066     drivers_cc32xx.a : UARTCC32XX.oem4 (.text:UARTCC32XX_writeCancel)
                  2000e3ce    00000002     nortos_cc32xx.a : startup_cc32xx_ccs.oem4 (.text:busFaultHandler)
                  2000e3d0    00000064     drivers_cc32xx.a : PowerCC32XX.oem4 (.text:PowerCC32XX_setParkState)
                  2000e434    00000062                      : UARTCC32XX.oem4 (.text:UARTCC32XX_writePolling)
                  2000e496    00000002     nortos_cc32xx.a : SemaphoreP_nortos.oem4 (.text:clkFxn)
                  2000e498    00000060     driverlib.a : prcm.obj (.text:PRCMSysResetCauseGet)
                  2000e4f8    0000005c     drivers_cc32xx.a : GPIOCC32XX.oem4 (.text:GPIO_setCallback)
                  2000e554    0000005c     nortos_cc32xx.a : ClockPSysTick_nortos.oem4 (.text:sysTickInit)
                  2000e5b0    00000058     drivers_cc32xx.a : GPIOCC32XX.oem4 (.text:GPIO_write)
                  2000e608    00000058     driverlib.a : prcm.obj (.text:PRCMPeripheralReset)
                  2000e660    00000058     drivers_cc32xx.a : PowerCC32XX.oem4 (.text:Power_releaseDependency)
                  2000e6b8    00000054                      : UARTCC32XX.oem4 (.text:ringBufGet)
                  2000e70c    00000052                      : PowerCC32XX_asm.oem4 (.text:PowerCC32XX_resumeLPDS)
                  2000e75e    00000002     nortos_cc32xx.a : startup_cc32xx_ccs.oem4 (.text:defaultHandler)
                  2000e760    00000050                     : ClockPSysTick_nortos.oem4 (.text:ClockP_sysTickHandler)
                  2000e7b0    00000050                     : SemaphoreP_nortos.oem4 (.text:SemaphoreP_construct)
                  2000e800    0000004c     drivers_cc32xx.a : GPIOCC32XX.oem4 (.text:GPIO_enableInt)
                  2000e84c    0000004c                      : PowerCC32XX.oem4 (.text:PowerCC32XX_parkPin)
                  2000e898    0000004c                      : PowerCC32XX.oem4 (.text:restorePeriphClocks)
                  2000e8e4    00000048     driverlib.a : flash.obj (.text:FlashDisable)
                  2000e92c    00000048                 : prcm.obj (.text:PRCMLPDSEnter)
                  2000e974    00000048                 : prcm.obj (.text:PRCMPeripheralClkEnable)
                  2000e9bc    00000048     drivers_cc32xx.a : PowerCC32XX.oem4 (.text:Power_releaseConstraint)
                  2000ea04    00000046                      : RingBuf.oem4 (.text:RingBuf_put)
                  2000ea4a    00000002     nortos_cc32xx.a : startup_cc32xx_ccs.oem4 (.text:faultISR)
                  2000ea4c    00000044                     : ClockPSysTick_nortos.oem4 (.text:ClockP_stop)
                  2000ea90    00000044     driverlib.a : prcm.obj (.text:PRCMLPDSRestoreInfoSet)
                  2000ead4    00000044     drivers_cc32xx.a : PowerCC32XX_asm.oem4 (.text:PowerCC32XX_enterLPDS)
                  2000eb18    00000044     nortos_cc32xx.a : SemaphoreP_nortos.oem4 (.text:SemaphoreP_post)
                  2000eb5c    00000044                     : SwiP_nortos.oem4 (.text:SwiP_restore)
                  2000eba0    00000044     drivers_cc32xx.a : UART.oem4 (.text:UART_init)
                  2000ebe4    00000044     rtsv7M4_T_le_eabi.lib : autoinit.c.obj (.text:__TI_auto_init_nobinit_nopinit:__TI_auto_init_nobinit_nopinit)
                  2000ec28    00000040     nortos_cc32xx.a : ClockPSysTick_nortos.oem4 (.text:ClockP_construct)
                  2000ec68    00000040     driverlib.a : pin.obj (.text:PinModeSet)
                  2000eca8    00000040     drivers_cc32xx.a : RingBuf.oem4 (.text:RingBuf_get)
                  2000ece8    00000040                      : UARTCC32XX.oem4 (.text:UARTCC32XX_read)
                  2000ed28    00000040                      : UART.oem4 (.text:UART_open)
                  2000ed68    0000003c     nortos_cc32xx.a : ClockPSysTick_nortos.oem4 (.text:ClockP_destruct)
                  2000eda4    0000003c     drivers_cc32xx.a : PowerCC32XX.oem4 (.text:Power_setConstraint)
                  2000ede0    0000003a     nortos_cc32xx.a : PowerCC32XX_nortos.oem4 (.text:getCountsRTC)
                  2000ee1a    00000002                     : startup_cc32xx_ccs.oem4 (.text:nmiISR)
                  2000ee1c    00000038     driverlib.a : prcm.obj (.text:PRCMLPDSEnterKeepDebugIf)
                  2000ee54    00000038     nortos_cc32xx.a : ClockPSysTick_nortos.oem4 (.text:addToList)
                  2000ee8c    00000038                     : startup_cc32xx_ccs.oem4 (.text:initVectors)
                  2000eec4    00000038     drivers_cc32xx.a : PowerCC32XX.oem4 (.text:notify)
                  2000eefc    00000036                      : UARTCC32XX.oem4 (.text:UARTCC32XX_readCancel)
                  2000ef32    00000002     rtsv7M4_T_le_eabi.lib : div0.asm.obj (.text)
                  2000ef34    00000034     nortos_cc32xx.a : ClockPSysTick_nortos.oem4 (.text:ClockP_getTicksUntilInterrupt)
                  2000ef68    00000034                     : ClockPSysTick_nortos.oem4 (.text:ClockP_startup)
                  2000ef9c    00000034     driverlib.a : pin.obj (.text:PinModeGet)
                  2000efd0    00000034     drivers_cc32xx.a : PowerCC32XX.oem4 (.text:PowerCC32XX_restoreParkState)
                  2000f004    00000030     nortos_cc32xx.a : ClockPSysTick_nortos.oem4 (.text:ClockP_start)
                  2000f034    00000030     drivers_cc32xx.a : PowerCC32XX.oem4 (.text:PowerCC32XX_restoreParkedPin)
                  2000f064    0000002c                      : PowerCC32XX.oem4 (.text:PowerCC32XX_getParkState)
                  2000f090    0000002a     nortos_cc32xx.a : HwiPCC32XX_nortos.oem4 (.text:HwiP_create)
                  2000f0ba    00000002     --HOLE-- [fill = 0]
                  2000f0bc    00000028     driverlib.a : prcm.obj (.text:PRCMPeripheralClkDisable)
                  2000f0e4    00000028     drivers_cc32xx.a : PowerCC32XX.oem4 (.text:Power_registerNotify)
                  2000f10c    00000028     rtsv7M4_T_le_eabi.lib : memory.c.obj (.text:free_list_insert)
                  2000f134    00000026     drivers_cc32xx.a : List.oem4 (.text:List_put)
                  2000f15a    00000026                      : List.oem4 (.text:List_remove)
                  2000f180    00000024     nortos_cc32xx.a : HwiPCC32XX_nortos.oem4 (.text:HwiP_dispatch)
                  2000f1a4    00000024     drivers_cc32xx.a : PowerCC32XX.oem4 (.text:PowerCC32XX_reset)
                  2000f1c8    00000024     rtsv7M4_T_le_eabi.lib : boot_cortex_m.c.obj (.text:_c_int00_noargs:_c_int00_noargs)
                  2000f1ec    00000020     nortos_cc32xx.a : HwiPCC32XX_nortos.oem4 (.text:HwiP_destruct)
                  2000f20c    00000020     drivers_cc32xx.a : PowerCC32XX.oem4 (.text:Power_unregisterNotify)
                  2000f22c    00000020                      : RingBuf.oem4 (.text:RingBuf_peek)
                  2000f24c    00000020                      : UARTCC32XX.oem4 (.text:getPowerMgrId)
                  2000f26c    0000001c     driverlib.a : pin.obj (.text:PinToPadGet)
                  2000f288    0000001c     nortos_cc32xx.a : SwiP_nortos.oem4 (.text:SwiP_disable)
                  2000f2a4    0000001c     rtsv7M4_T_le_eabi.lib : copy_zero_init.c.obj (.text:decompress:ZI:__TI_zero_init_nomemset:__TI_zero_init_nomemset)
                  2000f2c0    0000001c                           : memory.c.obj (.text:free_list_remove)
                  2000f2dc    0000001a     nortos_cc32xx.a : ClockPSysTick_nortos.oem4 (.text:ClockP_create)
                  2000f2f6    0000001a                     : SemaphoreP_nortos.oem4 (.text:SemaphoreP_createBinary)
                  2000f310    0000001a                     : startup_cc32xx_ccs.oem4 (.text:resetISR)
                  2000f32a    00000002     --HOLE-- [fill = 0]
                  2000f32c    00000018     drivers_cc32xx.a : PowerCC32XX.oem4 (.text:Power_getTransitionLatency)
                  2000f344    00000018                      : PowerCC32XX.oem4 (.text:Power_idleFunc)
                  2000f35c    00000018     driverlib.a : uart.obj (.text:UARTBusy)
                  2000f374    00000018                 : uart.obj (.text:UARTIntEnable)
                  2000f38c    00000018     drivers_cc32xx.a : UART.oem4 (.text:UART_Params_init)
                  2000f3a4    00000018     rtsv7M4_T_le_eabi.lib : ll_mul_t2.asm.obj (.text)
                  2000f3bc    00000016     driverlib.a : prcm.obj (.text:PRCMHIBRegRead)
                  2000f3d2    00000016                 : prcm.obj (.text:PRCMHIBRegWrite)
                  2000f3e8    00000016     nortos_cc32xx.a : SemaphoreP_nortos.oem4 (.text:SemaphoreP_create)
                  2000f3fe    00000014     driverlib.a : cpu.obj (.text:CPUcpsid)
                  2000f412    00000002     --HOLE-- [fill = 0]
                  2000f414    00000014     nortos_cc32xx.a : HwiPCC32XX_nortos.oem4 (.text:HwiP_inISR)
                  2000f428    00000014     driverlib.a : interrupt.obj (.text:IntVTableBaseSet)
                  2000f43c    00000014     drivers_cc32xx.a : PowerCC32XX.oem4 (.text:Power_disablePolicy)
                  2000f450    00000014                      : PowerCC32XX.oem4 (.text:Power_getDependencyCount)
                  2000f464    00000014                      : UARTCC32XX.oem4 (.text:releasePowerConstraint)
                  2000f478    00000012     nortos_cc32xx.a : HwiPCC32XX_nortos.oem4 (.text:HwiP_Params_init)
                  2000f48a    00000012     drivers_cc32xx.a : RingBuf.oem4 (.text:RingBuf_construct)
                  2000f49c    00000012     main_nortos.obj (.text:main)
                  2000f4ae    00000010     ti_drivers_config.obj (.text:Board_init)
                  2000f4be    00000010     nortos_cc32xx.a : ClockPSysTick_nortos.oem4 (.text:ClockP_add)
                  2000f4ce    00000010                     : ClockPSysTick_nortos.oem4 (.text:ClockP_delete)
                  2000f4de    00000002     --HOLE-- [fill = 0]
                  2000f4e0    00000010                     : ClockPSysTick_nortos.oem4 (.text:ClockP_getCpuFreq)
                  2000f4f0    00000010                     : ClockPSysTick_nortos.oem4 (.text:ClockP_getSystemTicks)
                  2000f500    00000010                     : ClockPSysTick_nortos.oem4 (.text:ClockP_setTicks)
                  2000f510    00000010                     : HwiPCC32XX_nortos.oem4 (.text:HwiP_delete)
                  2000f520    00000010                     : HwiPCC32XX_nortos.oem4 (.text:HwiP_restore)
                  2000f530    00000010     drivers_cc32xx.a : PowerCC32XX.oem4 (.text:Power_enablePolicy)
                  2000f540    00000010     nortos_cc32xx.a : SemaphoreP_nortos.oem4 (.text:SemaphoreP_Params_init)
                  2000f550    00000010     drivers_cc32xx.a : UARTCC32XX.oem4 (.text:readBlockingTimeout)
                  2000f560    0000000e     nortos_cc32xx.a : HwiPCC32XX_nortos.oem4 (.text:HwiP_disable)
                  2000f56e    0000000e                     : HwiPCC32XX_nortos.oem4 (.text:HwiP_enable)
                  2000f57c    0000000e     drivers_cc32xx.a : RingBuf.oem4 (.text:RingBuf_isFull)
                  2000f58a    0000000e     rtsv7M4_T_le_eabi.lib : copy_decompress_none.c.obj (.text:decompress:none:__TI_decompress_none)
                  2000f598    0000000c     drivers_cc32xx.a : PowerCC32XX.oem4 (.text:Power_getConstraintMask)
                  2000f5a4    0000000c                      : UARTCC32XX.oem4 (.text:postNotifyFxn)
                  2000f5b0    0000000a     nortos_cc32xx.a : ClockPSysTick_nortos.oem4 (.text:ClockP_Params_init)
                  2000f5ba    0000000a                     : ClockPSysTick_nortos.oem4 (.text:ClockP_isActive)
                  2000f5c4    0000000a     driverlib.a : interrupt.obj (.text:IntMasterDisable)
                  2000f5ce    0000000a     drivers_cc32xx.a : UART.oem4 (.text:UART_read)
                  2000f5d8    0000000a                      : UART.oem4 (.text:UART_write)
                  2000f5e2    00000008     rtsv7M4_T_le_eabi.lib : memory.c.obj (.text:malloc)
                  2000f5ea    00000008     drivers_cc32xx.a : UARTCC32XX.oem4 (.text:readSemCallback)
                  2000f5f2    00000008                      : UARTCC32XX.oem4 (.text:writeSemCallback)
                  2000f5fa    00000006     driverlib.a : utils.obj (.text:UtilsDelay)
                  2000f600    00000004     nortos_cc32xx.a : ClockPSysTick_nortos.oem4 (.text:ClockP_setTimeout)
                  2000f604    00000004                     : HwiPCC32XX_nortos.oem4 (.text:HwiP_post)
                  2000f608    00000004                     : SemaphoreP_nortos.oem4 (.text:SemaphoreP_delete)
                  2000f60c    00000004     rtsv7M4_T_le_eabi.lib : pre_init.c.obj (.text:_system_pre_init)
                  2000f610    00000004                           : exit.c.obj (.text:abort:abort)

.const     0    2000fbc0    0000037a     
                  2000fbc0    00000100     driverlib.a : pin.obj (.const:g_ulPinToPadMap)
                  2000fcc0    000000a8                 : prcm.obj (.const:PRCM_PeriphRegsList)
                  2000fd68    00000044     ti_drivers_config.obj (.const:PowerCC32XX_config)
                  2000fdac    00000028     drivers_cc32xx.a : UARTCC32XX.oem4 (.const:UARTCC32XX_fxnTable)
                  2000fdd4    00000024                      : UART.oem4 (.const:UART_defaultParams)
                  2000fdf8    00000024     ti_drivers_config.obj (.const:uartCC32XXHWAttrs0)
                  2000fe1c    00000021     drivers_cc32xx.a : GPIOCC32XX.oem4 (.const:.string:pinTable)
                  2000fe3d    00000003     ti_drivers_config.obj (.const)
                  2000fe40    00000020     drivers_cc32xx.a : UARTCC32XX.oem4 (.const:staticFxnTable)
                  2000fe60    00000018     driverlib.a : interrupt.obj (.const:g_pulEnRegs)
                  2000fe78    00000018                 : interrupt.obj (.const:g_pulPendRegs)
                  2000fe90    00000016     uartecho.obj (.const:.string:$P$T0$1)
                  2000fea6    00000002     --HOLE-- [fill = 0]
                  2000fea8    00000014     ti_drivers_config.obj (.const:GPIOCC32XX_config)
                  2000febc    00000014     drivers_cc32xx.a : GPIOCC32XX.oem4 (.const:gpioBaseAddresses)
                  2000fed0    00000014                      : UARTCC32XX.oem4 (.const:parityType)
                  2000fee4    00000014                      : GPIOCC32XX.oem4 (.const:powerResources)
                  2000fef8    00000010                      : UARTCC32XX.oem4 (.const:dataLength)
                  2000ff08    0000000c     ti_drivers_config.obj (.const:UART_config)
                  2000ff14    00000008     drivers_cc32xx.a : GPIOCC32XX.oem4 (.const:outPinTypes)
                  2000ff1c    00000008                      : UARTCC32XX.oem4 (.const:stopBits)
                  2000ff24    00000006                      : GPIOCC32XX.oem4 (.const:.string:interruptType)
                  2000ff2a    00000006                      : GPIOCC32XX.oem4 (.const:inPinTypes)
                  2000ff30    00000006                      : GPIOCC32XX.oem4 (.const:outPinStrengths)
                  2000ff36    00000004                      : GPIOCC32XX.oem4 (.const:.string:portInterruptIds)

.cinit     0    20010170    000000e8     
                  20010170    000000be     (.cinit..data.load) [load image, compression = lzss]
                  2001022e    00000002     --HOLE-- [fill = 0]
                  20010230    0000000c     (__TI_handler_table)
                  2001023c    00000004     --HOLE-- [fill = 0]
                  20010240    00000008     (.cinit..bss.load) [load image, compression = zero_init]
                  20010248    00000010     (__TI_cinit_table)

.init_array 
*          0    20004000    00000000     UNINITIALIZED

.ramVecs   0    20000000    0000030c     NOLOAD SECTION
                  20000000    0000030c     nortos_cc32xx.a : startup_cc32xx_ccs.oem4 (.ramVecs)

.stack     0    20003000    00001000     UNINITIALIZED
                  20003000    00000004     rtsv7M4_T_le_eabi.lib : boot_cortex_m.c.obj (.stack)
                  20003004    00000ffc     --HOLE--

.resetVecs 
*          0    20004000    00000040     
                  20004000    00000040     nortos_cc32xx.a : startup_cc32xx_ccs.oem4 (.resetVecs:retain)

.sysmem    0    20004040    00008000     UNINITIALIZED
                  20004040    00000010     rtsv7M4_T_le_eabi.lib : memory.c.obj (.sysmem)
                  20004050    00007ff0     --HOLE--

.data      0    2000f614    000005ac     UNINITIALIZED
                  2000f614    0000030c     nortos_cc32xx.a : HwiPCC32XX_nortos.oem4 (.data:HwiP_dispatchTable)
                  2000f920    0000016c     drivers_cc32xx.a : PowerCC32XX.oem4 (.data:PowerCC32XX_module)
                  2000fa8c    000000f8     ti_drivers_config.obj (.data:parkInfo)
                  2000fb84    00000009     drivers_cc32xx.a : GPIOCC32XX.oem4 (.data)
                  2000fb8d    00000003     nortos_cc32xx.a : SemaphoreP_nortos.oem4 (.data)
                  2000fb90    00000008     rtsv7M4_T_le_eabi.lib : _lock.c.obj (.data:$O1$$)
                  2000fb98    00000008                           : memory.c.obj (.data:$O1$$)
                  2000fba0    00000008     nortos_cc32xx.a : SemaphoreP_nortos.oem4 (.data:SemaphoreP_defaultParams)
                  2000fba8    00000008                     : HwiPCC32XX_nortos.oem4 (.data)
                  2000fbb0    00000005                     : ClockPSysTick_nortos.oem4 (.data)
                  2000fbb5    00000001     drivers_cc32xx.a : UART.oem4 (.data)
                  2000fbb6    00000002     --HOLE--
                  2000fbb8    00000004     ti_drivers_config.obj (.data:gpioCallbackFunctions)
                  2000fbbc    00000004     ti_drivers_config.obj (.data:gpioPinConfigs)

.bss       0    2000ff40    0000022c     UNINITIALIZED
                  2000ff40    0000012c     (.common:PowerCC32XX_contextSave)
                  2001006c    00000084     (.common:uartCC32XXObjects0)
                  200100f0    00000020     drivers_cc32xx.a : GPIOCC32XX.oem4 (.bss:gpioCallbackInfo)
                  20010110    00000020     ti_drivers_config.obj (.bss:uartCC32XXRingBuffer0)
                  20010130    00000014     drivers_cc32xx.a : GPIOCC32XX.oem4 (.bss:powerNotifyObj)
                  20010144    00000004                      : GPIOCC32XX.oem4 (.bss)
                  20010148    00000010     (.common:ClockP_ctrl)
                  20010158    0000000d     nortos_cc32xx.a : SwiP_nortos.oem4 (.bss)
                  20010165    00000003     --HOLE--
                  20010168    00000004                     : ClockPSysTick_nortos.oem4 (.bss)

.log_data 
*          0    90000000    00000000     COPY SECTION

__llvm_prf_cnts 
*          0    20004000    00000000     UNINITIALIZED

MODULE SUMMARY

       Module                       code    ro data   rw data
       ------                       ----    -------   -------
    .\
       uartecho.obj                 312     22        0      
       main_nortos.obj              18      0         0      
    +--+----------------------------+-------+---------+---------+
       Total:                       330     22        0      
                                                             
    .\syscfg\
       ti_drivers_config.obj        18      139       420    
    +--+----------------------------+-------+---------+---------+
       Total:                       18      139       420    
                                                             
    C:/ti/simplelink_cc32xx_sdk_5_20_00_06/kernel/nortos/lib/ccs/m4/nortos_cc32xx.a
       HwiPCC32XX_nortos.oem4       352     0         788    
       startup_cc32xx_ccs.oem4      90      64        780    
       ClockPSysTick_nortos.oem4    702     0         25     
       PowerCC32XX_nortos.oem4      472     0         0      
       SemaphoreP_nortos.oem4       378     0         11     
       SwiP_nortos.oem4             96      0         13     
    +--+----------------------------+-------+---------+---------+
       Total:                       2090    64        1617   
                                                             
    C:/ti/simplelink_cc32xx_sdk_5_20_00_06/source/ti/devices/cc32xx/driverlib/ccs/Release/driverlib.a
       prcm.obj                     1604    168       0      
       pin.obj                      280     256       0      
       interrupt.obj                334     48        0      
       flash.obj                    72      0         0      
       uart.obj                     48      0         0      
       cpu.obj                      20      0         0      
       utils.obj                    6       0         0      
    +--+----------------------------+-------+---------+---------+
       Total:                       2364    472       0      
                                                             
    C:/ti/simplelink_cc32xx_sdk_5_20_00_06/source/ti/drivers/lib/ccs/m4/drivers_cc32xx.a
       UARTCC32XX.oem4              3466    116       0      
       PowerCC32XX.oem4             2432    0         664    
       GPIOCC32XX.oem4              1208    103       65     
       UART.oem4                    176     36        1      
       RingBuf.oem4                 198     0         0      
       PowerCC32XX_asm.oem4         150     0         0      
       List.oem4                    76      0         0      
    +--+----------------------------+-------+---------+---------+
       Total:                       7706    255       730    
                                                             
    C:\ti\ccs1040\ccs\tools\compiler\ti-cgt-arm_20.2.5.LTS\lib\rtsv7M4_T_le_eabi.lib
       memory.c.obj                 672     0         8      
       memcpy_t2.asm.obj            156     0         0      
       ull_div_t2.asm.obj           150     0         0      
       copy_decompress_lzss.c.obj   104     0         0      
       autoinit.c.obj               68      0         0      
       boot_cortex_m.c.obj          36      0         0      
       copy_zero_init.c.obj         28      0         0      
       ll_mul_t2.asm.obj            24      0         0      
       copy_decompress_none.c.obj   14      0         0      
       _lock.c.obj                  2       0         8      
       exit.c.obj                   4       0         0      
       pre_init.c.obj               4       0         0      
       div0.asm.obj                 2       0         0      
    +--+----------------------------+-------+---------+---------+
       Total:                       1264    0         16     
                                                             
       Heap:                        0       0         32768  
       Stack:                       0       0         4096   
       Linker Generated:            0       226       0      
    +--+----------------------------+-------+---------+---------+
       Grand Total:                 13772   1178      39647  


LINKER GENERATED COPY TABLES

__TI_cinit_table @ 20010248 records: 2, size/record: 8, table size: 16
	.data: load addr=20010170, load size=000000be bytes, run addr=2000f614, run size=000005ac bytes, compression=lzss
	.bss: load addr=20010240, load size=00000008 bytes, run addr=2000ff40, run size=0000022c bytes, compression=zero_init


LINKER GENERATED HANDLER TABLE

__TI_handler_table @ 20010230 records: 3, size/record: 4, table size: 12
	index: 0, handler: __TI_decompress_lzss
	index: 1, handler: __TI_decompress_none
	index: 2, handler: __TI_zero_init


GLOBAL SYMBOLS: SORTED ALPHABETICALLY BY Name 

address   name                          
-------   ----                          
2000f4af  Board_init                    
2000d13f  Board_initHook                
2000f611  C$$EXIT                       
2000fe3d  CONFIG_GPIO_LED_0_CONST       
2000fe3e  CONFIG_UART_0_CONST           
2000f3ff  CPUcpsid                      
2000f5b1  ClockP_Params_init            
2000f4bf  ClockP_add                    
2000ec29  ClockP_construct              
2000f2dd  ClockP_create                 
20010148  ClockP_ctrl                   
2000f4cf  ClockP_delete                 
2000ed69  ClockP_destruct               
2000e761  ClockP_doTick                 
2000f4e1  ClockP_getCpuFreq             
2000f4f1  ClockP_getSystemTicks         
2000ef35  ClockP_getTicksUntilInterrupt 
2000f5bb  ClockP_isActive               
2000f501  ClockP_setTicks               
2000f601  ClockP_setTimeout             
2000f005  ClockP_start                  
2000ef69  ClockP_startup                
2000ea4d  ClockP_stop                   
2000e761  ClockP_sysTickHandler         
2000fbb0  ClockP_tickPeriod             
2000e8e5  FlashDisable                  
2000fea8  GPIOCC32XX_config             
2000e801  GPIO_enableInt                
2000e12d  GPIO_hwiIntFxn                
2000d2f1  GPIO_init                     
2000e4f9  GPIO_setCallback              
2000c6f5  GPIO_setConfig                
2000e5b1  GPIO_write                    
2000f479  HwiP_Params_init              
2000dd8d  HwiP_construct                
2000f091  HwiP_create                   
2000f511  HwiP_delete                   
2000f1ed  HwiP_destruct                 
2000f561  HwiP_disable                  
2000f181  HwiP_dispatch                 
2000f56f  HwiP_enable                   
2000f415  HwiP_inISR                    
2000fba8  HwiP_key                      
2000f605  HwiP_post                     
2000f521  HwiP_restore                  
2000fbac  HwiP_swiPIntNum               
UNDEFED   ITM_flush                     
UNDEFED   ITM_restore                   
2000d7fd  IntEnable                     
2000f5c5  IntMasterDisable              
2000de19  IntPendSet                    
2000f429  IntVTableBaseSet              
2000f135  List_put                      
2000f15b  List_remove                   
2000f56f  NoRTOS_start                  
2000c041  PRCMCC3200MCUInit             
2000f3bd  PRCMHIBRegRead                
2000f3d3  PRCMHIBRegWrite               
2000e92d  PRCMLPDSEnter                 
2000ee1d  PRCMLPDSEnterKeepDebugIf      
2000ea91  PRCMLPDSRestoreInfoSet        
2000f0bd  PRCMPeripheralClkDisable      
2000e975  PRCMPeripheralClkEnable       
2000e609  PRCMPeripheralReset           
2000e499  PRCMSysResetCauseGet          
2000dea1  PinConfigSet                  
2000ef9d  PinModeGet                    
2000ec69  PinModeSet                    
2000f26d  PinToPadGet                   
2000fd68  PowerCC32XX_config            
2000d8a5  PowerCC32XX_configureWakeup   
2000ff40  PowerCC32XX_contextSave       
2000ead5  PowerCC32XX_enterLPDS         
2000f065  PowerCC32XX_getParkState      
2000d2ef  PowerCC32XX_initPolicy        
2000f920  PowerCC32XX_module            
2000e84d  PowerCC32XX_parkPin           
2000f1a5  PowerCC32XX_reset             
2000efd1  PowerCC32XX_restoreParkState  
2000f035  PowerCC32XX_restoreParkedPin  
2000e70d  PowerCC32XX_resumeLPDS        
2000e3d1  PowerCC32XX_setParkState      
2000c8d9  PowerCC32XX_sleepPolicy       
2000f43d  Power_disablePolicy           
2000f531  Power_enablePolicy            
2000f599  Power_getConstraintMask       
2000f451  Power_getDependencyCount      
2000f32d  Power_getTransitionLatency    
2000f345  Power_idleFunc                
2000df29  Power_init                    
2000f0e5  Power_registerNotify          
2000e9bd  Power_releaseConstraint       
2000e661  Power_releaseDependency       
2000eda5  Power_setConstraint           
2000e031  Power_setDependency           
2000cbbd  Power_sleep                   
2000f20d  Power_unregisterNotify        
2000f48b  RingBuf_construct             
2000eca9  RingBuf_get                   
2000f57d  RingBuf_isFull                
2000f22d  RingBuf_peek                  
2000ea05  RingBuf_put                   
2000f541  SemaphoreP_Params_init        
2000e7b1  SemaphoreP_construct          
2000f3e9  SemaphoreP_create             
2000f2f7  SemaphoreP_createBinary       
2000fba0  SemaphoreP_defaultParams      
2000f609  SemaphoreP_delete             
2000da91  SemaphoreP_pend               
2000eb19  SemaphoreP_post               
2000f289  SwiP_disable                  
2000eb5d  SwiP_restore                  
2000f35d  UARTBusy                      
2000ce2d  UARTCC32XX_close              
2000d04d  UARTCC32XX_control            
2000fdac  UARTCC32XX_fxnTable           
2000d52f  UARTCC32XX_init               
2000c46d  UARTCC32XX_open               
2000ece9  UARTCC32XX_read               
2000eefd  UARTCC32XX_readCancel         
2000d475  UARTCC32XX_readPolling        
2000d225  UARTCC32XX_write              
2000e369  UARTCC32XX_writeCancel        
2000e435  UARTCC32XX_writePolling       
2000f375  UARTIntEnable                 
2000f38d  UART_Params_init              
2000ff08  UART_config                   
2000fe3f  UART_count                    
2000fdd4  UART_defaultParams            
2000eba1  UART_init                     
2000ed29  UART_open                     
2000f5cf  UART_read                     
2000f5d9  UART_write                    
2000f5fb  UtilsDelay                    
20004000  __STACK_END                   
00001000  __STACK_SIZE                  
00008000  __SYSMEM_SIZE                 
20010248  __TI_CINIT_Base               
20010258  __TI_CINIT_Limit              
20010230  __TI_Handler_Table_Base       
2001023c  __TI_Handler_Table_Limit      
2000ebe5  __TI_auto_init_nobinit_nopinit
2000e301  __TI_decompress_lzss          
2000f58b  __TI_decompress_none          
ffffffff  __TI_pprof_out_hndl           
ffffffff  __TI_prof_data_size           
ffffffff  __TI_prof_data_start          
20010170  __TI_static_base__            
2000f2a5  __TI_zero_init_nomemset       
2000ef33  __aeabi_idiv0                 
2000ef33  __aeabi_ldiv0                 
2000f3a5  __aeabi_lmul                  
2000db31  __aeabi_memcpy                
2000db31  __aeabi_memcpy4               
2000db31  __aeabi_memcpy8               
2000dc65  __aeabi_uldivmod              
ffffffff  __binit__                     
ffffffff  __c_args__                    
UNDEFED   __mpu_init                    
20003000  __stack                       
20004000  __start___llvm_prf_cnts       
20004000  __stop___llvm_prf_cnts        
2000f1c9  _c_int00_noargs               
2000fb90  _lock                         
2000dcfb  _nop                          
20004040  _sys_memory                   
UNDEFED   _system_post_cinit            
2000f60d  _system_pre_init              
2000fb94  _unlock                       
2000f611  abort                         
2000cf4d  aligned_alloc                 
ffffffff  binit                         
2000e497  clkFxn                        
2000d141  free                          
2000fbb8  gpioCallbackFunctions         
2000fbbc  gpioPinConfigs                
2000ff2a  inPinTypes                    
2000ee8d  initVectors                   
2000f49d  main                          
2000ccf5  mainThread                    
2000f5e3  malloc                        
2000cf4d  memalign                      
2000db31  memcpy                        
2000ff30  outPinStrengths               
2000ff14  outPinTypes                   
2000fa8c  parkInfo                      
2000f311  resetISR                      
2000f324  resetVectorAddr               
20004000  resetVectors                  
2001006c  uartCC32XXObjects0            


GLOBAL SYMBOLS: SORTED BY Symbol Address 

address   name                          
-------   ----                          
00001000  __STACK_SIZE                  
00008000  __SYSMEM_SIZE                 
20003000  __stack                       
20004000  __STACK_END                   
20004000  __start___llvm_prf_cnts       
20004000  __stop___llvm_prf_cnts        
20004000  resetVectors                  
20004040  _sys_memory                   
2000c041  PRCMCC3200MCUInit             
2000c46d  UARTCC32XX_open               
2000c6f5  GPIO_setConfig                
2000c8d9  PowerCC32XX_sleepPolicy       
2000cbbd  Power_sleep                   
2000ccf5  mainThread                    
2000ce2d  UARTCC32XX_close              
2000cf4d  aligned_alloc                 
2000cf4d  memalign                      
2000d04d  UARTCC32XX_control            
2000d13f  Board_initHook                
2000d141  free                          
2000d225  UARTCC32XX_write              
2000d2ef  PowerCC32XX_initPolicy        
2000d2f1  GPIO_init                     
2000d475  UARTCC32XX_readPolling        
2000d52f  UARTCC32XX_init               
2000d7fd  IntEnable                     
2000d8a5  PowerCC32XX_configureWakeup   
2000da91  SemaphoreP_pend               
2000db31  __aeabi_memcpy                
2000db31  __aeabi_memcpy4               
2000db31  __aeabi_memcpy8               
2000db31  memcpy                        
2000dc65  __aeabi_uldivmod              
2000dcfb  _nop                          
2000dd8d  HwiP_construct                
2000de19  IntPendSet                    
2000dea1  PinConfigSet                  
2000df29  Power_init                    
2000e031  Power_setDependency           
2000e12d  GPIO_hwiIntFxn                
2000e301  __TI_decompress_lzss          
2000e369  UARTCC32XX_writeCancel        
2000e3d1  PowerCC32XX_setParkState      
2000e435  UARTCC32XX_writePolling       
2000e497  clkFxn                        
2000e499  PRCMSysResetCauseGet          
2000e4f9  GPIO_setCallback              
2000e5b1  GPIO_write                    
2000e609  PRCMPeripheralReset           
2000e661  Power_releaseDependency       
2000e70d  PowerCC32XX_resumeLPDS        
2000e761  ClockP_doTick                 
2000e761  ClockP_sysTickHandler         
2000e7b1  SemaphoreP_construct          
2000e801  GPIO_enableInt                
2000e84d  PowerCC32XX_parkPin           
2000e8e5  FlashDisable                  
2000e92d  PRCMLPDSEnter                 
2000e975  PRCMPeripheralClkEnable       
2000e9bd  Power_releaseConstraint       
2000ea05  RingBuf_put                   
2000ea4d  ClockP_stop                   
2000ea91  PRCMLPDSRestoreInfoSet        
2000ead5  PowerCC32XX_enterLPDS         
2000eb19  SemaphoreP_post               
2000eb5d  SwiP_restore                  
2000eba1  UART_init                     
2000ebe5  __TI_auto_init_nobinit_nopinit
2000ec29  ClockP_construct              
2000ec69  PinModeSet                    
2000eca9  RingBuf_get                   
2000ece9  UARTCC32XX_read               
2000ed29  UART_open                     
2000ed69  ClockP_destruct               
2000eda5  Power_setConstraint           
2000ee1d  PRCMLPDSEnterKeepDebugIf      
2000ee8d  initVectors                   
2000eefd  UARTCC32XX_readCancel         
2000ef33  __aeabi_idiv0                 
2000ef33  __aeabi_ldiv0                 
2000ef35  ClockP_getTicksUntilInterrupt 
2000ef69  ClockP_startup                
2000ef9d  PinModeGet                    
2000efd1  PowerCC32XX_restoreParkState  
2000f005  ClockP_start                  
2000f035  PowerCC32XX_restoreParkedPin  
2000f065  PowerCC32XX_getParkState      
2000f091  HwiP_create                   
2000f0bd  PRCMPeripheralClkDisable      
2000f0e5  Power_registerNotify          
2000f135  List_put                      
2000f15b  List_remove                   
2000f181  HwiP_dispatch                 
2000f1a5  PowerCC32XX_reset             
2000f1c9  _c_int00_noargs               
2000f1ed  HwiP_destruct                 
2000f20d  Power_unregisterNotify        
2000f22d  RingBuf_peek                  
2000f26d  PinToPadGet                   
2000f289  SwiP_disable                  
2000f2a5  __TI_zero_init_nomemset       
2000f2dd  ClockP_create                 
2000f2f7  SemaphoreP_createBinary       
2000f311  resetISR                      
2000f324  resetVectorAddr               
2000f32d  Power_getTransitionLatency    
2000f345  Power_idleFunc                
2000f35d  UARTBusy                      
2000f375  UARTIntEnable                 
2000f38d  UART_Params_init              
2000f3a5  __aeabi_lmul                  
2000f3bd  PRCMHIBRegRead                
2000f3d3  PRCMHIBRegWrite               
2000f3e9  SemaphoreP_create             
2000f3ff  CPUcpsid                      
2000f415  HwiP_inISR                    
2000f429  IntVTableBaseSet              
2000f43d  Power_disablePolicy           
2000f451  Power_getDependencyCount      
2000f479  HwiP_Params_init              
2000f48b  RingBuf_construct             
2000f49d  main                          
2000f4af  Board_init                    
2000f4bf  ClockP_add                    
2000f4cf  ClockP_delete                 
2000f4e1  ClockP_getCpuFreq             
2000f4f1  ClockP_getSystemTicks         
2000f501  ClockP_setTicks               
2000f511  HwiP_delete                   
2000f521  HwiP_restore                  
2000f531  Power_enablePolicy            
2000f541  SemaphoreP_Params_init        
2000f561  HwiP_disable                  
2000f56f  HwiP_enable                   
2000f56f  NoRTOS_start                  
2000f57d  RingBuf_isFull                
2000f58b  __TI_decompress_none          
2000f599  Power_getConstraintMask       
2000f5b1  ClockP_Params_init            
2000f5bb  ClockP_isActive               
2000f5c5  IntMasterDisable              
2000f5cf  UART_read                     
2000f5d9  UART_write                    
2000f5e3  malloc                        
2000f5fb  UtilsDelay                    
2000f601  ClockP_setTimeout             
2000f605  HwiP_post                     
2000f609  SemaphoreP_delete             
2000f60d  _system_pre_init              
2000f611  C$$EXIT                       
2000f611  abort                         
2000f920  PowerCC32XX_module            
2000fa8c  parkInfo                      
2000fb90  _lock                         
2000fb94  _unlock                       
2000fba0  SemaphoreP_defaultParams      
2000fba8  HwiP_key                      
2000fbac  HwiP_swiPIntNum               
2000fbb0  ClockP_tickPeriod             
2000fbb8  gpioCallbackFunctions         
2000fbbc  gpioPinConfigs                
2000fd68  PowerCC32XX_config            
2000fdac  UARTCC32XX_fxnTable           
2000fdd4  UART_defaultParams            
2000fe3d  CONFIG_GPIO_LED_0_CONST       
2000fe3e  CONFIG_UART_0_CONST           
2000fe3f  UART_count                    
2000fea8  GPIOCC32XX_config             
2000ff08  UART_config                   
2000ff14  outPinTypes                   
2000ff2a  inPinTypes                    
2000ff30  outPinStrengths               
2000ff40  PowerCC32XX_contextSave       
2001006c  uartCC32XXObjects0            
20010148  ClockP_ctrl                   
20010170  __TI_static_base__            
20010230  __TI_Handler_Table_Base       
2001023c  __TI_Handler_Table_Limit      
20010248  __TI_CINIT_Base               
20010258  __TI_CINIT_Limit              
ffffffff  __TI_pprof_out_hndl           
ffffffff  __TI_prof_data_size           
ffffffff  __TI_prof_data_start          
ffffffff  __binit__                     
ffffffff  __c_args__                    
ffffffff  binit                         
UNDEFED   ITM_flush                     
UNDEFED   ITM_restore                   
UNDEFED   __mpu_init                    
UNDEFED   _system_post_cinit            

[190 symbols]
