<?xml version="1.0" encoding="ISO-8859-1" ?>
<link_info>
   <banner>TI ARM Linker PC v20.2.5.LTS</banner>
   <copyright>Copyright (c) 1996-2018 Texas Instruments Incorporated</copyright>
   <link_time>0x61b2cb64</link_time>
   <link_errors>0x0</link_errors>
   <output_file>gpiointerrupt_CC3220S_LAUNCHXL_nortos_ccs.out</output_file>
   <entry_point>
      <name>resetISR</name>
      <address>0x20011e45</address>
   </entry_point>
   <input_file_list>
      <input_file id="fl-2">
         <path>.\</path>
         <kind>object</kind>
         <file>gpiointerrupt.obj</file>
         <name>gpiointerrupt.obj</name>
      </input_file>
      <input_file id="fl-3">
         <path>.\syscfg\</path>
         <kind>object</kind>
         <file>ti_drivers_config.obj</file>
         <name>ti_drivers_config.obj</name>
      </input_file>
      <input_file id="fl-4">
         <path>.\</path>
         <kind>object</kind>
         <file>main_nortos.obj</file>
         <name>main_nortos.obj</name>
      </input_file>
      <input_file id="fl-d">
         <kind>object</kind>
         <file>&lt;internal&gt;</file>
         <name>&lt;internal&gt;</name>
      </input_file>
      <input_file id="fl-e">
         <path>C:\ti\simplelink_cc32xx_sdk_5_30_00_08\source\ti\drivers\lib\ccs\m4\</path>
         <kind>archive</kind>
         <file>drivers_cc32xx.a</file>
         <name>GPIO.oem4</name>
      </input_file>
      <input_file id="fl-f">
         <path>C:\ti\simplelink_cc32xx_sdk_5_30_00_08\source\ti\drivers\lib\ccs\m4\</path>
         <kind>archive</kind>
         <file>drivers_cc32xx.a</file>
         <name>I2C.oem4</name>
      </input_file>
      <input_file id="fl-10">
         <path>C:\ti\simplelink_cc32xx_sdk_5_30_00_08\source\ti\drivers\lib\ccs\m4\</path>
         <kind>archive</kind>
         <file>drivers_cc32xx.a</file>
         <name>Timer.oem4</name>
      </input_file>
      <input_file id="fl-11">
         <path>C:\ti\simplelink_cc32xx_sdk_5_30_00_08\source\ti\drivers\lib\ccs\m4\</path>
         <kind>archive</kind>
         <file>drivers_cc32xx.a</file>
         <name>UART.oem4</name>
      </input_file>
      <input_file id="fl-12">
         <path>C:\ti\simplelink_cc32xx_sdk_5_30_00_08\source\ti\drivers\lib\ccs\m4\</path>
         <kind>archive</kind>
         <file>drivers_cc32xx.a</file>
         <name>GPIOCC32XX.oem4</name>
      </input_file>
      <input_file id="fl-13">
         <path>C:\ti\simplelink_cc32xx_sdk_5_30_00_08\source\ti\drivers\lib\ccs\m4\</path>
         <kind>archive</kind>
         <file>drivers_cc32xx.a</file>
         <name>I2CCC32XX.oem4</name>
      </input_file>
      <input_file id="fl-14">
         <path>C:\ti\simplelink_cc32xx_sdk_5_30_00_08\source\ti\drivers\lib\ccs\m4\</path>
         <kind>archive</kind>
         <file>drivers_cc32xx.a</file>
         <name>PowerCC32XX.oem4</name>
      </input_file>
      <input_file id="fl-15">
         <path>C:\ti\simplelink_cc32xx_sdk_5_30_00_08\source\ti\drivers\lib\ccs\m4\</path>
         <kind>archive</kind>
         <file>drivers_cc32xx.a</file>
         <name>PowerCC32XX_asm.oem4</name>
      </input_file>
      <input_file id="fl-16">
         <path>C:\ti\simplelink_cc32xx_sdk_5_30_00_08\source\ti\drivers\lib\ccs\m4\</path>
         <kind>archive</kind>
         <file>drivers_cc32xx.a</file>
         <name>TimerCC32XX.oem4</name>
      </input_file>
      <input_file id="fl-17">
         <path>C:\ti\simplelink_cc32xx_sdk_5_30_00_08\source\ti\drivers\lib\ccs\m4\</path>
         <kind>archive</kind>
         <file>drivers_cc32xx.a</file>
         <name>UARTCC32XX.oem4</name>
      </input_file>
      <input_file id="fl-18">
         <path>C:\ti\simplelink_cc32xx_sdk_5_30_00_08\source\ti\drivers\lib\ccs\m4\</path>
         <kind>archive</kind>
         <file>drivers_cc32xx.a</file>
         <name>List.oem4</name>
      </input_file>
      <input_file id="fl-19">
         <path>C:\ti\simplelink_cc32xx_sdk_5_30_00_08\source\ti\drivers\lib\ccs\m4\</path>
         <kind>archive</kind>
         <file>drivers_cc32xx.a</file>
         <name>RingBuf.oem4</name>
      </input_file>
      <input_file id="fl-1a">
         <path>C:\ti\simplelink_cc32xx_sdk_5_30_00_08\kernel\nortos\lib\ccs\m4\</path>
         <kind>archive</kind>
         <file>nortos_cc32xx.a</file>
         <name>NoRTOS.oem4</name>
      </input_file>
      <input_file id="fl-1b">
         <path>C:\ti\simplelink_cc32xx_sdk_5_30_00_08\kernel\nortos\lib\ccs\m4\</path>
         <kind>archive</kind>
         <file>nortos_cc32xx.a</file>
         <name>SemaphoreP_nortos.oem4</name>
      </input_file>
      <input_file id="fl-1c">
         <path>C:\ti\simplelink_cc32xx_sdk_5_30_00_08\kernel\nortos\lib\ccs\m4\</path>
         <kind>archive</kind>
         <file>nortos_cc32xx.a</file>
         <name>ClockPSysTick_nortos.oem4</name>
      </input_file>
      <input_file id="fl-1d">
         <path>C:\ti\simplelink_cc32xx_sdk_5_30_00_08\kernel\nortos\lib\ccs\m4\</path>
         <kind>archive</kind>
         <file>nortos_cc32xx.a</file>
         <name>HwiPCC32XX_nortos.oem4</name>
      </input_file>
      <input_file id="fl-1e">
         <path>C:\ti\simplelink_cc32xx_sdk_5_30_00_08\kernel\nortos\lib\ccs\m4\</path>
         <kind>archive</kind>
         <file>nortos_cc32xx.a</file>
         <name>PowerCC32XX_nortos.oem4</name>
      </input_file>
      <input_file id="fl-1f">
         <path>C:\ti\simplelink_cc32xx_sdk_5_30_00_08\kernel\nortos\lib\ccs\m4\</path>
         <kind>archive</kind>
         <file>nortos_cc32xx.a</file>
         <name>startup_cc32xx_ccs.oem4</name>
      </input_file>
      <input_file id="fl-20">
         <path>C:\ti\simplelink_cc32xx_sdk_5_30_00_08\kernel\nortos\lib\ccs\m4\</path>
         <kind>archive</kind>
         <file>nortos_cc32xx.a</file>
         <name>SwiP_nortos.oem4</name>
      </input_file>
      <input_file id="fl-21">
         <path>C:\ti\simplelink_cc32xx_sdk_5_30_00_08\kernel\nortos\lib\ccs\m4\</path>
         <kind>archive</kind>
         <file>nortos_cc32xx.a</file>
         <name>QueueP_nortos.oem4</name>
      </input_file>
      <input_file id="fl-22">
         <path>C:\ti\simplelink_cc32xx_sdk_5_30_00_08\source\ti\devices\cc32xx\driverlib\ccs\Release\</path>
         <kind>archive</kind>
         <file>driverlib.a</file>
         <name>cpu.obj</name>
      </input_file>
      <input_file id="fl-23">
         <path>C:\ti\simplelink_cc32xx_sdk_5_30_00_08\source\ti\devices\cc32xx\driverlib\ccs\Release\</path>
         <kind>archive</kind>
         <file>driverlib.a</file>
         <name>i2c.obj</name>
      </input_file>
      <input_file id="fl-24">
         <path>C:\ti\simplelink_cc32xx_sdk_5_30_00_08\source\ti\devices\cc32xx\driverlib\ccs\Release\</path>
         <kind>archive</kind>
         <file>driverlib.a</file>
         <name>interrupt.obj</name>
      </input_file>
      <input_file id="fl-25">
         <path>C:\ti\simplelink_cc32xx_sdk_5_30_00_08\source\ti\devices\cc32xx\driverlib\ccs\Release\</path>
         <kind>archive</kind>
         <file>driverlib.a</file>
         <name>pin.obj</name>
      </input_file>
      <input_file id="fl-26">
         <path>C:\ti\simplelink_cc32xx_sdk_5_30_00_08\source\ti\devices\cc32xx\driverlib\ccs\Release\</path>
         <kind>archive</kind>
         <file>driverlib.a</file>
         <name>prcm.obj</name>
      </input_file>
      <input_file id="fl-27">
         <path>C:\ti\simplelink_cc32xx_sdk_5_30_00_08\source\ti\devices\cc32xx\driverlib\ccs\Release\</path>
         <kind>archive</kind>
         <file>driverlib.a</file>
         <name>timer.obj</name>
      </input_file>
      <input_file id="fl-28">
         <path>C:\ti\simplelink_cc32xx_sdk_5_30_00_08\source\ti\devices\cc32xx\driverlib\ccs\Release\</path>
         <kind>archive</kind>
         <file>driverlib.a</file>
         <name>uart.obj</name>
      </input_file>
      <input_file id="fl-29">
         <path>C:\ti\simplelink_cc32xx_sdk_5_30_00_08\source\ti\devices\cc32xx\driverlib\ccs\Release\</path>
         <kind>archive</kind>
         <file>driverlib.a</file>
         <name>utils.obj</name>
      </input_file>
      <input_file id="fl-2a">
         <path>C:\ti\simplelink_cc32xx_sdk_5_30_00_08\source\ti\devices\cc32xx\driverlib\ccs\Release\</path>
         <kind>archive</kind>
         <file>driverlib.a</file>
         <name>flash.obj</name>
      </input_file>
      <input_file id="fl-e0">
         <path>C:\ti\ccs1040\ccs\tools\compiler\ti-cgt-arm_20.2.5.LTS\lib\</path>
         <kind>archive</kind>
         <file>rtsv7M4_T_le_eabi.lib</file>
         <name>snprintf.c.obj</name>
      </input_file>
      <input_file id="fl-e1">
         <path>C:\ti\ccs1040\ccs\tools\compiler\ti-cgt-arm_20.2.5.LTS\lib\</path>
         <kind>archive</kind>
         <file>rtsv7M4_T_le_eabi.lib</file>
         <name>fs_mul_t2.asm.obj</name>
      </input_file>
      <input_file id="fl-e2">
         <path>C:\ti\ccs1040\ccs\tools\compiler\ti-cgt-arm_20.2.5.LTS\lib\</path>
         <kind>archive</kind>
         <file>rtsv7M4_T_le_eabi.lib</file>
         <name>fs_toi_t2.asm.obj</name>
      </input_file>
      <input_file id="fl-e3">
         <path>C:\ti\ccs1040\ccs\tools\compiler\ti-cgt-arm_20.2.5.LTS\lib\</path>
         <kind>archive</kind>
         <file>rtsv7M4_T_le_eabi.lib</file>
         <name>i_tofs_t2.asm.obj</name>
      </input_file>
      <input_file id="fl-e4">
         <path>C:\ti\ccs1040\ccs\tools\compiler\ti-cgt-arm_20.2.5.LTS\lib\</path>
         <kind>archive</kind>
         <file>rtsv7M4_T_le_eabi.lib</file>
         <name>ll_mul_t2.asm.obj</name>
      </input_file>
      <input_file id="fl-e5">
         <path>C:\ti\ccs1040\ccs\tools\compiler\ti-cgt-arm_20.2.5.LTS\lib\</path>
         <kind>archive</kind>
         <file>rtsv7M4_T_le_eabi.lib</file>
         <name>memcpy_t2.asm.obj</name>
      </input_file>
      <input_file id="fl-e6">
         <path>C:\ti\ccs1040\ccs\tools\compiler\ti-cgt-arm_20.2.5.LTS\lib\</path>
         <kind>archive</kind>
         <file>rtsv7M4_T_le_eabi.lib</file>
         <name>ull_div_t2.asm.obj</name>
      </input_file>
      <input_file id="fl-e7">
         <path>C:\ti\ccs1040\ccs\tools\compiler\ti-cgt-arm_20.2.5.LTS\lib\</path>
         <kind>archive</kind>
         <file>rtsv7M4_T_le_eabi.lib</file>
         <name>copy_zero_init.c.obj</name>
      </input_file>
      <input_file id="fl-e8">
         <path>C:\ti\ccs1040\ccs\tools\compiler\ti-cgt-arm_20.2.5.LTS\lib\</path>
         <kind>archive</kind>
         <file>rtsv7M4_T_le_eabi.lib</file>
         <name>copy_decompress_none.c.obj</name>
      </input_file>
      <input_file id="fl-e9">
         <path>C:\ti\ccs1040\ccs\tools\compiler\ti-cgt-arm_20.2.5.LTS\lib\</path>
         <kind>archive</kind>
         <file>rtsv7M4_T_le_eabi.lib</file>
         <name>copy_decompress_lzss.c.obj</name>
      </input_file>
      <input_file id="fl-ea">
         <path>C:\ti\ccs1040\ccs\tools\compiler\ti-cgt-arm_20.2.5.LTS\lib\</path>
         <kind>archive</kind>
         <file>rtsv7M4_T_le_eabi.lib</file>
         <name>memory.c.obj</name>
      </input_file>
      <input_file id="fl-eb">
         <path>C:\ti\ccs1040\ccs\tools\compiler\ti-cgt-arm_20.2.5.LTS\lib\</path>
         <kind>archive</kind>
         <file>rtsv7M4_T_le_eabi.lib</file>
         <name>boot_cortex_m.c.obj</name>
      </input_file>
      <input_file id="fl-ec">
         <path>C:\ti\ccs1040\ccs\tools\compiler\ti-cgt-arm_20.2.5.LTS\lib\</path>
         <kind>archive</kind>
         <file>rtsv7M4_T_le_eabi.lib</file>
         <name>_printfi.c.obj</name>
      </input_file>
      <input_file id="fl-ed">
         <path>C:\ti\ccs1040\ccs\tools\compiler\ti-cgt-arm_20.2.5.LTS\lib\</path>
         <kind>archive</kind>
         <file>rtsv7M4_T_le_eabi.lib</file>
         <name>s_frexp.c.obj</name>
      </input_file>
      <input_file id="fl-ee">
         <path>C:\ti\ccs1040\ccs\tools\compiler\ti-cgt-arm_20.2.5.LTS\lib\</path>
         <kind>archive</kind>
         <file>rtsv7M4_T_le_eabi.lib</file>
         <name>s_scalbn.c.obj</name>
      </input_file>
      <input_file id="fl-ef">
         <path>C:\ti\ccs1040\ccs\tools\compiler\ti-cgt-arm_20.2.5.LTS\lib\</path>
         <kind>archive</kind>
         <file>rtsv7M4_T_le_eabi.lib</file>
         <name>wcslen.c.obj</name>
      </input_file>
      <input_file id="fl-f0">
         <path>C:\ti\ccs1040\ccs\tools\compiler\ti-cgt-arm_20.2.5.LTS\lib\</path>
         <kind>archive</kind>
         <file>rtsv7M4_T_le_eabi.lib</file>
         <name>div0.asm.obj</name>
      </input_file>
      <input_file id="fl-f1">
         <path>C:\ti\ccs1040\ccs\tools\compiler\ti-cgt-arm_20.2.5.LTS\lib\</path>
         <kind>archive</kind>
         <file>rtsv7M4_T_le_eabi.lib</file>
         <name>fd_add_t2.asm.obj</name>
      </input_file>
      <input_file id="fl-f2">
         <path>C:\ti\ccs1040\ccs\tools\compiler\ti-cgt-arm_20.2.5.LTS\lib\</path>
         <kind>archive</kind>
         <file>rtsv7M4_T_le_eabi.lib</file>
         <name>fd_cmp_t2.asm.obj</name>
      </input_file>
      <input_file id="fl-f3">
         <path>C:\ti\ccs1040\ccs\tools\compiler\ti-cgt-arm_20.2.5.LTS\lib\</path>
         <kind>archive</kind>
         <file>rtsv7M4_T_le_eabi.lib</file>
         <name>fd_div_t2.asm.obj</name>
      </input_file>
      <input_file id="fl-f4">
         <path>C:\ti\ccs1040\ccs\tools\compiler\ti-cgt-arm_20.2.5.LTS\lib\</path>
         <kind>archive</kind>
         <file>rtsv7M4_T_le_eabi.lib</file>
         <name>fd_mul_t2.asm.obj</name>
      </input_file>
      <input_file id="fl-f5">
         <path>C:\ti\ccs1040\ccs\tools\compiler\ti-cgt-arm_20.2.5.LTS\lib\</path>
         <kind>archive</kind>
         <file>rtsv7M4_T_le_eabi.lib</file>
         <name>fd_toi_t2.asm.obj</name>
      </input_file>
      <input_file id="fl-f6">
         <path>C:\ti\ccs1040\ccs\tools\compiler\ti-cgt-arm_20.2.5.LTS\lib\</path>
         <kind>archive</kind>
         <file>rtsv7M4_T_le_eabi.lib</file>
         <name>i_tofd_t2.asm.obj</name>
      </input_file>
      <input_file id="fl-f7">
         <path>C:\ti\ccs1040\ccs\tools\compiler\ti-cgt-arm_20.2.5.LTS\lib\</path>
         <kind>archive</kind>
         <file>rtsv7M4_T_le_eabi.lib</file>
         <name>memset_t2.asm.obj</name>
      </input_file>
      <input_file id="fl-f8">
         <path>C:\ti\ccs1040\ccs\tools\compiler\ti-cgt-arm_20.2.5.LTS\lib\</path>
         <kind>archive</kind>
         <file>rtsv7M4_T_le_eabi.lib</file>
         <name>autoinit.c.obj</name>
      </input_file>
      <input_file id="fl-f9">
         <path>C:\ti\ccs1040\ccs\tools\compiler\ti-cgt-arm_20.2.5.LTS\lib\</path>
         <kind>archive</kind>
         <file>rtsv7M4_T_le_eabi.lib</file>
         <name>pre_init.c.obj</name>
      </input_file>
      <input_file id="fl-fa">
         <path>C:\ti\ccs1040\ccs\tools\compiler\ti-cgt-arm_20.2.5.LTS\lib\</path>
         <kind>archive</kind>
         <file>rtsv7M4_T_le_eabi.lib</file>
         <name>cpy_tbl.c.obj</name>
      </input_file>
      <input_file id="fl-fb">
         <path>C:\ti\ccs1040\ccs\tools\compiler\ti-cgt-arm_20.2.5.LTS\lib\</path>
         <kind>archive</kind>
         <file>rtsv7M4_T_le_eabi.lib</file>
         <name>exit.c.obj</name>
      </input_file>
      <input_file id="fl-fc">
         <path>C:\ti\ccs1040\ccs\tools\compiler\ti-cgt-arm_20.2.5.LTS\lib\</path>
         <kind>archive</kind>
         <file>rtsv7M4_T_le_eabi.lib</file>
         <name>_lock.c.obj</name>
      </input_file>
      <input_file id="fl-fd">
         <path>C:\ti\ccs1040\ccs\tools\compiler\ti-cgt-arm_20.2.5.LTS\lib\</path>
         <kind>archive</kind>
         <file>rtsv7M4_T_le_eabi.lib</file>
         <name>_ltoa.c.obj</name>
      </input_file>
      <input_file id="fl-fe">
         <path>C:\ti\ccs1040\ccs\tools\compiler\ti-cgt-arm_20.2.5.LTS\lib\</path>
         <kind>archive</kind>
         <file>rtsv7M4_T_le_eabi.lib</file>
         <name>args_main.c.obj</name>
      </input_file>
      <input_file id="fl-ff">
         <path>C:\ti\ccs1040\ccs\tools\compiler\ti-cgt-arm_20.2.5.LTS\lib\</path>
         <kind>archive</kind>
         <file>rtsv7M4_T_le_eabi.lib</file>
         <name>atoi.c.obj</name>
      </input_file>
      <input_file id="fl-100">
         <path>C:\ti\ccs1040\ccs\tools\compiler\ti-cgt-arm_20.2.5.LTS\lib\</path>
         <kind>archive</kind>
         <file>rtsv7M4_T_le_eabi.lib</file>
         <name>ctype.c.obj</name>
      </input_file>
      <input_file id="fl-101">
         <path>C:\ti\ccs1040\ccs\tools\compiler\ti-cgt-arm_20.2.5.LTS\lib\</path>
         <kind>archive</kind>
         <file>rtsv7M4_T_le_eabi.lib</file>
         <name>memccpy.c.obj</name>
      </input_file>
      <input_file id="fl-102">
         <path>C:\ti\ccs1040\ccs\tools\compiler\ti-cgt-arm_20.2.5.LTS\lib\</path>
         <kind>archive</kind>
         <file>rtsv7M4_T_le_eabi.lib</file>
         <name>strchr.c.obj</name>
      </input_file>
      <input_file id="fl-103">
         <path>C:\ti\ccs1040\ccs\tools\compiler\ti-cgt-arm_20.2.5.LTS\lib\</path>
         <kind>archive</kind>
         <file>rtsv7M4_T_le_eabi.lib</file>
         <name>strlen.c.obj</name>
      </input_file>
      <input_file id="fl-104">
         <path>C:\ti\ccs1040\ccs\tools\compiler\ti-cgt-arm_20.2.5.LTS\lib\</path>
         <kind>archive</kind>
         <file>rtsv7M4_T_le_eabi.lib</file>
         <name>errno.c.obj</name>
      </input_file>
      <input_file id="fl-105">
         <path>C:\ti\ccs1040\ccs\tools\compiler\ti-cgt-arm_20.2.5.LTS\lib\</path>
         <kind>archive</kind>
         <file>rtsv7M4_T_le_eabi.lib</file>
         <name>s_copysign.c.obj</name>
      </input_file>
   </input_file_list>
   <object_component_list>
      <object_component id="oc-378">
         <name>.text:__TI_printfi</name>
         <load_address>0x2000c040</load_address>
         <run_address>0x2000c040</run_address>
         <size>0xa4e</size>
         <input_file_ref idref="fl-ec"/>
      </object_component>
      <object_component id="oc-1ed">
         <name>.text:Board_initHook</name>
         <load_address>0x2000ca8e</load_address>
         <run_address>0x2000ca8e</run_address>
         <size>0x2</size>
         <input_file_ref idref="fl-3"/>
      </object_component>
      <object_component id="oc-1db">
         <name>.text:PRCMCC3200MCUInit</name>
         <load_address>0x2000ca90</load_address>
         <run_address>0x2000ca90</run_address>
         <size>0x42c</size>
         <input_file_ref idref="fl-26"/>
      </object_component>
      <object_component id="oc-84a">
         <name>.text:UARTCC32XX_open</name>
         <load_address>0x2000cebc</load_address>
         <run_address>0x2000cebc</run_address>
         <size>0x288</size>
         <input_file_ref idref="fl-17"/>
      </object_component>
      <object_component id="oc-53d">
         <name>.text:_pconv_a</name>
         <load_address>0x2000d144</load_address>
         <run_address>0x2000d144</run_address>
         <size>0x268</size>
         <input_file_ref idref="fl-ec"/>
      </object_component>
      <object_component id="oc-52b">
         <name>.text:_pconv_g</name>
         <load_address>0x2000d3ac</load_address>
         <run_address>0x2000d3ac</run_address>
         <size>0x1cc</size>
         <input_file_ref idref="fl-ec"/>
      </object_component>
      <object_component id="oc-207">
         <name>.text:initI2C</name>
         <load_address>0x2000d578</load_address>
         <run_address>0x2000d578</run_address>
         <size>0x1c4</size>
         <input_file_ref idref="fl-2"/>
      </object_component>
      <object_component id="oc-745">
         <name>.text</name>
         <load_address>0x2000d73c</load_address>
         <run_address>0x2000d73c</run_address>
         <size>0x1b6</size>
         <input_file_ref idref="fl-f1"/>
      </object_component>
      <object_component id="oc-347">
         <name>.text:I2C_init</name>
         <load_address>0x2000d8f2</load_address>
         <run_address>0x2000d8f2</run_address>
         <size>0x2</size>
         <input_file_ref idref="fl-f"/>
      </object_component>
      <object_component id="oc-3dc">
         <name>.text:PowerCC32XX_sleepPolicy</name>
         <load_address>0x2000d8f4</load_address>
         <run_address>0x2000d8f4</run_address>
         <size>0x19c</size>
         <input_file_ref idref="fl-1e"/>
      </object_component>
      <object_component id="oc-166">
         <name>.text:mainThread</name>
         <load_address>0x2000da90</load_address>
         <run_address>0x2000da90</run_address>
         <size>0x168</size>
         <input_file_ref idref="fl-2"/>
      </object_component>
      <object_component id="oc-2d5">
         <name>.text:GPIO_setConfig</name>
         <load_address>0x2000dbf8</load_address>
         <run_address>0x2000dbf8</run_address>
         <size>0x154</size>
         <input_file_ref idref="fl-12"/>
      </object_component>
      <object_component id="oc-4f0">
         <name>.text:I2CCC32XX_hwiFxn</name>
         <load_address>0x2000dd4c</load_address>
         <run_address>0x2000dd4c</run_address>
         <size>0x148</size>
         <input_file_ref idref="fl-13"/>
      </object_component>
      <object_component id="oc-7b5">
         <name>.text:parkPins</name>
         <load_address>0x2000de94</load_address>
         <run_address>0x2000de94</run_address>
         <size>0x148</size>
         <input_file_ref idref="fl-14"/>
      </object_component>
      <object_component id="oc-537">
         <name>.text:_pconv_e</name>
         <load_address>0x2000dfdc</load_address>
         <run_address>0x2000dfdc</run_address>
         <size>0x13c</size>
         <input_file_ref idref="fl-ec"/>
      </object_component>
      <object_component id="oc-5b3">
         <name>.text:Power_sleep</name>
         <load_address>0x2000e118</load_address>
         <run_address>0x2000e118</run_address>
         <size>0x138</size>
         <input_file_ref idref="fl-14"/>
      </object_component>
      <object_component id="oc-321">
         <name>.text:Timer_open</name>
         <load_address>0x2000e250</load_address>
         <run_address>0x2000e250</run_address>
         <size>0x138</size>
         <input_file_ref idref="fl-16"/>
      </object_component>
      <object_component id="oc-72b">
         <name>.text</name>
         <load_address>0x2000e388</load_address>
         <run_address>0x2000e388</run_address>
         <size>0x136</size>
         <input_file_ref idref="fl-f3"/>
      </object_component>
      <object_component id="oc-4fe">
         <name>.text:I2C_transferTimeout</name>
         <load_address>0x2000e4be</load_address>
         <run_address>0x2000e4be</run_address>
         <size>0x122</size>
         <input_file_ref idref="fl-f"/>
      </object_component>
      <object_component id="oc-838">
         <name>.text:UARTCC32XX_close</name>
         <load_address>0x2000e5e0</load_address>
         <run_address>0x2000e5e0</run_address>
         <size>0x120</size>
         <input_file_ref idref="fl-17"/>
      </object_component>
      <object_component id="oc-757">
         <name>.text:fcvt</name>
         <load_address>0x2000e700</load_address>
         <run_address>0x2000e700</run_address>
         <size>0x120</size>
         <input_file_ref idref="fl-ec"/>
      </object_component>
      <object_component id="oc-7f9">
         <name>.text:aligned_alloc</name>
         <load_address>0x2000e820</load_address>
         <run_address>0x2000e820</run_address>
         <size>0x100</size>
         <input_file_ref idref="fl-ea"/>
      </object_component>
      <object_component id="oc-353">
         <name>.text:I2C_open</name>
         <load_address>0x2000e920</load_address>
         <run_address>0x2000e920</run_address>
         <size>0xfc</size>
         <input_file_ref idref="fl-13"/>
      </object_component>
      <object_component id="oc-726">
         <name>.text</name>
         <load_address>0x2000ea1c</load_address>
         <run_address>0x2000ea1c</run_address>
         <size>0xfc</size>
         <input_file_ref idref="fl-f4"/>
      </object_component>
      <object_component id="oc-83e">
         <name>.text:UARTCC32XX_control</name>
         <load_address>0x2000eb18</load_address>
         <run_address>0x2000eb18</run_address>
         <size>0xf2</size>
         <input_file_ref idref="fl-17"/>
      </object_component>
      <object_component id="oc-3d6">
         <name>.text:PowerCC32XX_initPolicy</name>
         <load_address>0x2000ec0a</load_address>
         <run_address>0x2000ec0a</run_address>
         <size>0x2</size>
         <input_file_ref idref="fl-1e"/>
      </object_component>
      <object_component id="oc-20d">
         <name>.text:readTemp</name>
         <load_address>0x2000ec0c</load_address>
         <run_address>0x2000ec0c</run_address>
         <size>0xec</size>
         <input_file_ref idref="fl-2"/>
      </object_component>
      <object_component id="oc-3f8">
         <name>.text:free</name>
         <load_address>0x2000ecf8</load_address>
         <run_address>0x2000ecf8</run_address>
         <size>0xe4</size>
         <input_file_ref idref="fl-ea"/>
      </object_component>
      <object_component id="oc-76b">
         <name>.text:scalbn</name>
         <load_address>0x2000eddc</load_address>
         <run_address>0x2000eddc</run_address>
         <size>0xd0</size>
         <input_file_ref idref="fl-ee"/>
      </object_component>
      <object_component id="oc-862">
         <name>.text:UARTCC32XX_write</name>
         <load_address>0x2000eeac</load_address>
         <run_address>0x2000eeac</run_address>
         <size>0xca</size>
         <input_file_ref idref="fl-17"/>
      </object_component>
      <object_component id="oc-646">
         <name>.text:SemaphoreP_destruct</name>
         <load_address>0x2000ef76</load_address>
         <run_address>0x2000ef76</run_address>
         <size>0x2</size>
         <input_file_ref idref="fl-1b"/>
      </object_component>
      <object_component id="oc-7d2">
         <name>.text:restoreParkedPins</name>
         <load_address>0x2000ef78</load_address>
         <run_address>0x2000ef78</run_address>
         <size>0xc0</size>
         <input_file_ref idref="fl-14"/>
      </object_component>
      <object_component id="oc-856">
         <name>.text:UARTCC32XX_readPolling</name>
         <load_address>0x2000f038</load_address>
         <run_address>0x2000f038</run_address>
         <size>0xba</size>
         <input_file_ref idref="fl-17"/>
      </object_component>
      <object_component id="oc-315">
         <name>.text:Timer_init</name>
         <load_address>0x2000f0f2</load_address>
         <run_address>0x2000f0f2</run_address>
         <size>0x2</size>
         <input_file_ref idref="fl-10"/>
      </object_component>
      <object_component id="oc-9a6">
         <name>.text:initHw</name>
         <load_address>0x2000f0f4</load_address>
         <run_address>0x2000f0f4</run_address>
         <size>0xb8</size>
         <input_file_ref idref="fl-17"/>
      </object_component>
      <object_component id="oc-a47">
         <name>.text:readTaskCallback</name>
         <load_address>0x2000f1ac</load_address>
         <run_address>0x2000f1ac</run_address>
         <size>0xb6</size>
         <input_file_ref idref="fl-17"/>
      </object_component>
      <object_component id="oc-6e9">
         <name>.text:I2CCC32XX_completeTransfer</name>
         <load_address>0x2000f262</load_address>
         <run_address>0x2000f262</run_address>
         <size>0xb2</size>
         <input_file_ref idref="fl-13"/>
      </object_component>
      <object_component id="oc-520">
         <name>.text:_ltostr</name>
         <load_address>0x2000f314</load_address>
         <run_address>0x2000f314</run_address>
         <size>0xb1</size>
         <input_file_ref idref="fl-ec"/>
      </object_component>
      <object_component id="oc-a35">
         <name>.text:readTaskBlocking</name>
         <load_address>0x2000f3c6</load_address>
         <run_address>0x2000f3c6</run_address>
         <size>0xb0</size>
         <input_file_ref idref="fl-17"/>
      </object_component>
      <object_component id="oc-a3b">
         <name>.text:readIsrTextBlocking</name>
         <load_address>0x2000f476</load_address>
         <run_address>0x2000f476</run_address>
         <size>0xae</size>
         <input_file_ref idref="fl-17"/>
      </object_component>
      <object_component id="oc-6d7">
         <name>.text:I2CCC32XX_primeWriteBurst</name>
         <load_address>0x2000f524</load_address>
         <run_address>0x2000f524</run_address>
         <size>0xa8</size>
         <input_file_ref idref="fl-13"/>
      </object_component>
      <object_component id="oc-b5">
         <name>.text:IntEnable</name>
         <load_address>0x2000f5cc</load_address>
         <run_address>0x2000f5cc</run_address>
         <size>0xa8</size>
         <input_file_ref idref="fl-24"/>
      </object_component>
      <object_component id="oc-2aa">
         <name>.text:PowerCC32XX_configureWakeup</name>
         <load_address>0x2000f674</load_address>
         <run_address>0x2000f674</run_address>
         <size>0xa8</size>
         <input_file_ref idref="fl-14"/>
      </object_component>
      <object_component id="oc-a4d">
         <name>.text:readIsrTextCallback</name>
         <load_address>0x2000f71c</load_address>
         <run_address>0x2000f71c</run_address>
         <size>0xa2</size>
         <input_file_ref idref="fl-17"/>
      </object_component>
      <object_component id="oc-9dd">
         <name>.text:writeData</name>
         <load_address>0x2000f7be</load_address>
         <run_address>0x2000f7be</run_address>
         <size>0xa2</size>
         <input_file_ref idref="fl-17"/>
      </object_component>
      <object_component id="oc-2cf">
         <name>.text:SemaphoreP_pend</name>
         <load_address>0x2000f860</load_address>
         <run_address>0x2000f860</run_address>
         <size>0xa0</size>
         <input_file_ref idref="fl-1b"/>
      </object_component>
      <object_component id="oc-4de">
         <name>.text:I2CCC32XX_initHw</name>
         <load_address>0x2000f900</load_address>
         <run_address>0x2000f900</run_address>
         <size>0x9c</size>
         <input_file_ref idref="fl-13"/>
      </object_component>
      <object_component id="oc-3b">
         <name>.text</name>
         <load_address>0x2000f99c</load_address>
         <run_address>0x2000f99c</run_address>
         <size>0x9c</size>
         <input_file_ref idref="fl-e5"/>
      </object_component>
      <object_component id="oc-5ae">
         <name>.text</name>
         <load_address>0x2000fa38</load_address>
         <run_address>0x2000fa38</run_address>
         <size>0x96</size>
         <input_file_ref idref="fl-e6"/>
      </object_component>
      <object_component id="oc-844">
         <name>.text:UARTCC32XX_init</name>
         <load_address>0x2000face</load_address>
         <run_address>0x2000face</run_address>
         <size>0x2</size>
         <input_file_ref idref="fl-17"/>
      </object_component>
      <object_component id="oc-1e7">
         <name>.text:GPIO_init</name>
         <load_address>0x2000fad0</load_address>
         <run_address>0x2000fad0</run_address>
         <size>0x90</size>
         <input_file_ref idref="fl-12"/>
      </object_component>
      <object_component id="oc-7c6">
         <name>.text:restoreNVICRegs</name>
         <load_address>0x2000fb60</load_address>
         <run_address>0x2000fb60</run_address>
         <size>0x90</size>
         <input_file_ref idref="fl-14"/>
      </object_component>
      <object_component id="oc-4d8">
         <name>.text:HwiP_construct</name>
         <load_address>0x2000fbf0</load_address>
         <run_address>0x2000fbf0</run_address>
         <size>0x8c</size>
         <input_file_ref idref="fl-1d"/>
      </object_component>
      <object_component id="oc-950">
         <name>.text:IntPendSet</name>
         <load_address>0x2000fc7c</load_address>
         <run_address>0x2000fc7c</run_address>
         <size>0x88</size>
         <input_file_ref idref="fl-24"/>
      </object_component>
      <object_component id="oc-427">
         <name>.text:PinConfigSet</name>
         <load_address>0x2000fd04</load_address>
         <run_address>0x2000fd04</run_address>
         <size>0x88</size>
         <input_file_ref idref="fl-25"/>
      </object_component>
      <object_component id="oc-526">
         <name>.text:__aeabi_cdcmple</name>
         <load_address>0x2000fd8c</load_address>
         <run_address>0x2000fd8c</run_address>
         <size>0x86</size>
         <input_file_ref idref="fl-f2"/>
      </object_component>
      <object_component id="oc-730">
         <name>.text:__aeabi_cdrcmple</name>
         <load_address>0x2000fe12</load_address>
         <run_address>0x2000fe12</run_address>
         <size>0x86</size>
         <input_file_ref idref="fl-f2"/>
      </object_component>
      <object_component id="oc-1e1">
         <name>.text:Power_init</name>
         <load_address>0x2000fe98</load_address>
         <run_address>0x2000fe98</run_address>
         <size>0x84</size>
         <input_file_ref idref="fl-14"/>
      </object_component>
      <object_component id="oc-7bb">
         <name>.text:saveNVICRegs</name>
         <load_address>0x2000ff1c</load_address>
         <run_address>0x2000ff1c</run_address>
         <size>0x84</size>
         <input_file_ref idref="fl-14"/>
      </object_component>
      <object_component id="oc-213">
         <name>.text:GPIO_write</name>
         <load_address>0x2000ffa0</load_address>
         <run_address>0x2000ffa0</run_address>
         <size>0x80</size>
         <input_file_ref idref="fl-12"/>
      </object_component>
      <object_component id="oc-42d">
         <name>.text:Power_setDependency</name>
         <load_address>0x20010020</load_address>
         <run_address>0x20010020</run_address>
         <size>0x80</size>
         <input_file_ref idref="fl-14"/>
      </object_component>
      <object_component id="oc-a2f">
         <name>.text:readIsrBinaryBlocking</name>
         <load_address>0x200100a0</load_address>
         <run_address>0x200100a0</run_address>
         <size>0x7c</size>
         <input_file_ref idref="fl-17"/>
      </object_component>
      <object_component id="oc-6d1">
         <name>.text:I2CCC32XX_primeReadBurst</name>
         <load_address>0x2001011c</load_address>
         <run_address>0x2001011c</run_address>
         <size>0x7a</size>
         <input_file_ref idref="fl-13"/>
      </object_component>
      <object_component id="oc-368">
         <name>.text</name>
         <load_address>0x20010196</load_address>
         <run_address>0x20010196</run_address>
         <size>0x7a</size>
         <input_file_ref idref="fl-e1"/>
      </object_component>
      <object_component id="oc-9d">
         <name>.text</name>
         <load_address>0x20010210</load_address>
         <run_address>0x20010210</run_address>
         <size>0x7a</size>
         <input_file_ref idref="fl-f7"/>
      </object_component>
      <object_component id="oc-a41">
         <name>.text:readIsrBinaryCallback</name>
         <load_address>0x2001028a</load_address>
         <run_address>0x2001028a</run_address>
         <size>0x78</size>
         <input_file_ref idref="fl-17"/>
      </object_component>
      <object_component id="oc-9b5">
         <name>.text:UARTCC32XX_hwiIntFxn</name>
         <load_address>0x20010302</load_address>
         <run_address>0x20010302</run_address>
         <size>0x74</size>
         <input_file_ref idref="fl-17"/>
      </object_component>
      <object_component id="oc-3a3">
         <name>.text:_nop</name>
         <load_address>0x20010376</load_address>
         <run_address>0x20010376</run_address>
         <size>0x2</size>
         <input_file_ref idref="fl-fc"/>
      </object_component>
      <object_component id="oc-2f4">
         <name>.text:powerNotifyFxn</name>
         <load_address>0x20010378</load_address>
         <run_address>0x20010378</run_address>
         <size>0x74</size>
         <input_file_ref idref="fl-12"/>
      </object_component>
      <object_component id="oc-95a">
         <name>.text:split</name>
         <load_address>0x200103ec</load_address>
         <run_address>0x200103ec</run_address>
         <size>0x70</size>
         <input_file_ref idref="fl-ea"/>
      </object_component>
      <object_component id="oc-750">
         <name>.text:_mcpy</name>
         <load_address>0x2001045c</load_address>
         <run_address>0x2001045c</run_address>
         <size>0x6e</size>
         <input_file_ref idref="fl-ec"/>
      </object_component>
      <object_component id="oc-704">
         <name>.text:I2CSupport_primeTransfer</name>
         <load_address>0x200104ca</load_address>
         <run_address>0x200104ca</run_address>
         <size>0x6a</size>
         <input_file_ref idref="fl-13"/>
      </object_component>
      <object_component id="oc-14">
         <name>.text:decompress:lzss:__TI_decompress_lzss</name>
         <load_address>0x20010534</load_address>
         <run_address>0x20010534</run_address>
         <size>0x68</size>
         <input_file_ref idref="fl-e9"/>
      </object_component>
      <object_component id="oc-86e">
         <name>.text:UARTCC32XX_writeCancel</name>
         <load_address>0x2001059c</load_address>
         <run_address>0x2001059c</run_address>
         <size>0x66</size>
         <input_file_ref idref="fl-17"/>
      </object_component>
      <object_component id="oc-73">
         <name>.text:busFaultHandler</name>
         <load_address>0x20010602</load_address>
         <run_address>0x20010602</run_address>
         <size>0x2</size>
         <input_file_ref idref="fl-1f"/>
      </object_component>
      <object_component id="oc-43f">
         <name>.text:GPIO_setInterruptConfig</name>
         <load_address>0x20010604</load_address>
         <run_address>0x20010604</run_address>
         <size>0x64</size>
         <input_file_ref idref="fl-12"/>
      </object_component>
      <object_component id="oc-470">
         <name>.text:PowerCC32XX_setParkState</name>
         <load_address>0x20010668</load_address>
         <run_address>0x20010668</run_address>
         <size>0x64</size>
         <input_file_ref idref="fl-14"/>
      </object_component>
      <object_component id="oc-868">
         <name>.text:UARTCC32XX_writePolling</name>
         <load_address>0x200106cc</load_address>
         <run_address>0x200106cc</run_address>
         <size>0x62</size>
         <input_file_ref idref="fl-17"/>
      </object_component>
      <object_component id="oc-41d">
         <name>.text:clkFxn</name>
         <load_address>0x2001072e</load_address>
         <run_address>0x2001072e</run_address>
         <size>0x2</size>
         <input_file_ref idref="fl-1b"/>
      </object_component>
      <object_component id="oc-448">
         <name>.text:GPIO_hwiIntFxn</name>
         <load_address>0x20010730</load_address>
         <run_address>0x20010730</run_address>
         <size>0x60</size>
         <input_file_ref idref="fl-12"/>
      </object_component>
      <object_component id="oc-278">
         <name>.text:PRCMSysResetCauseGet</name>
         <load_address>0x20010790</load_address>
         <run_address>0x20010790</run_address>
         <size>0x60</size>
         <input_file_ref idref="fl-26"/>
      </object_component>
      <object_component id="oc-765">
         <name>.text:frexp</name>
         <load_address>0x200107f0</load_address>
         <run_address>0x200107f0</run_address>
         <size>0x5c</size>
         <input_file_ref idref="fl-ed"/>
      </object_component>
      <object_component id="oc-910">
         <name>.text:sysTickInit</name>
         <load_address>0x2001084c</load_address>
         <run_address>0x2001084c</run_address>
         <size>0x5c</size>
         <input_file_ref idref="fl-1c"/>
      </object_component>
      <object_component id="oc-291">
         <name>.text:PRCMPeripheralReset</name>
         <load_address>0x200108a8</load_address>
         <run_address>0x200108a8</run_address>
         <size>0x58</size>
         <input_file_ref idref="fl-26"/>
      </object_component>
      <object_component id="oc-827">
         <name>.text:Power_releaseDependency</name>
         <load_address>0x20010900</load_address>
         <run_address>0x20010900</run_address>
         <size>0x58</size>
         <input_file_ref idref="fl-14"/>
      </object_component>
      <object_component id="oc-531">
         <name>.text:_pconv_f</name>
         <load_address>0x20010958</load_address>
         <run_address>0x20010958</run_address>
         <size>0x56</size>
         <input_file_ref idref="fl-ec"/>
      </object_component>
      <object_component id="oc-73a">
         <name>.text:__TI_ltoa</name>
         <load_address>0x200109ae</load_address>
         <run_address>0x200109ae</run_address>
         <size>0x54</size>
         <input_file_ref idref="fl-fd"/>
      </object_component>
      <object_component id="oc-6d">
         <name>.text:defaultHandler</name>
         <load_address>0x20010a02</load_address>
         <run_address>0x20010a02</run_address>
         <size>0x2</size>
         <input_file_ref idref="fl-1f"/>
      </object_component>
      <object_component id="oc-1f5">
         <name>.text:initGPIO</name>
         <load_address>0x20010a04</load_address>
         <run_address>0x20010a04</run_address>
         <size>0x54</size>
         <input_file_ref idref="fl-2"/>
      </object_component>
      <object_component id="oc-a89">
         <name>.text:ringBufGet</name>
         <load_address>0x20010a58</load_address>
         <run_address>0x20010a58</run_address>
         <size>0x54</size>
         <input_file_ref idref="fl-17"/>
      </object_component>
      <object_component id="oc-92d">
         <name>.text:PowerCC32XX_resumeLPDS</name>
         <load_address>0x20010aac</load_address>
         <run_address>0x20010aac</run_address>
         <size>0x52</size>
         <input_file_ref idref="fl-15"/>
      </object_component>
      <object_component id="oc-74a">
         <name>.text:_ecpy</name>
         <load_address>0x20010afe</load_address>
         <run_address>0x20010afe</run_address>
         <size>0x52</size>
         <input_file_ref idref="fl-ec"/>
      </object_component>
      <object_component id="oc-49f">
         <name>.text:initHw</name>
         <load_address>0x20010b50</load_address>
         <run_address>0x20010b50</run_address>
         <size>0x52</size>
         <input_file_ref idref="fl-16"/>
      </object_component>
      <object_component id="oc-67">
         <name>.text:faultISR</name>
         <load_address>0x20010ba2</load_address>
         <run_address>0x20010ba2</run_address>
         <size>0x2</size>
         <input_file_ref idref="fl-1f"/>
      </object_component>
      <object_component id="oc-79">
         <name>.text:ClockP_sysTickHandler</name>
         <load_address>0x20010ba4</load_address>
         <run_address>0x20010ba4</run_address>
         <size>0x50</size>
         <input_file_ref idref="fl-1c"/>
      </object_component>
      <object_component id="oc-5da">
         <name>.text:SemaphoreP_construct</name>
         <load_address>0x20010bf4</load_address>
         <run_address>0x20010bf4</run_address>
         <size>0x50</size>
         <input_file_ref idref="fl-1b"/>
      </object_component>
      <object_component id="oc-481">
         <name>.text:TimerCC32XX_allocateTimerResource</name>
         <load_address>0x20010c44</load_address>
         <run_address>0x20010c44</run_address>
         <size>0x50</size>
         <input_file_ref idref="fl-16"/>
      </object_component>
      <object_component id="oc-6c5">
         <name>.text:I2CCC32XX_readRecieveFifo</name>
         <load_address>0x20010c94</load_address>
         <run_address>0x20010c94</run_address>
         <size>0x4c</size>
         <input_file_ref idref="fl-13"/>
      </object_component>
      <object_component id="oc-924">
         <name>.text:PowerCC32XX_parkPin</name>
         <load_address>0x20010ce0</load_address>
         <run_address>0x20010ce0</run_address>
         <size>0x4c</size>
         <input_file_ref idref="fl-14"/>
      </object_component>
      <object_component id="oc-51a">
         <name>.text:atoi</name>
         <load_address>0x20010d2c</load_address>
         <run_address>0x20010d2c</run_address>
         <size>0x4c</size>
         <input_file_ref idref="fl-ff"/>
      </object_component>
      <object_component id="oc-1fb">
         <name>.text:initTimer</name>
         <load_address>0x20010d78</load_address>
         <run_address>0x20010d78</run_address>
         <size>0x4c</size>
         <input_file_ref idref="fl-2"/>
      </object_component>
      <object_component id="oc-7cc">
         <name>.text:restorePeriphClocks</name>
         <load_address>0x20010dc4</load_address>
         <run_address>0x20010dc4</run_address>
         <size>0x4c</size>
         <input_file_ref idref="fl-14"/>
      </object_component>
      <object_component id="oc-219">
         <name>.text:snprintf</name>
         <load_address>0x20010e10</load_address>
         <run_address>0x20010e10</run_address>
         <size>0x4c</size>
         <input_file_ref idref="fl-e0"/>
      </object_component>
      <object_component id="oc-948">
         <name>.text:FlashDisable</name>
         <load_address>0x20010e5c</load_address>
         <run_address>0x20010e5c</run_address>
         <size>0x48</size>
         <input_file_ref idref="fl-2a"/>
      </object_component>
      <object_component id="oc-613">
         <name>.text:GPIO_disableInt</name>
         <load_address>0x20010ea4</load_address>
         <run_address>0x20010ea4</run_address>
         <size>0x48</size>
         <input_file_ref idref="fl-12"/>
      </object_component>
      <object_component id="oc-302">
         <name>.text:GPIO_enableInt</name>
         <load_address>0x20010eec</load_address>
         <run_address>0x20010eec</run_address>
         <size>0x48</size>
         <input_file_ref idref="fl-12"/>
      </object_component>
      <object_component id="oc-7d8">
         <name>.text:PRCMLPDSEnter</name>
         <load_address>0x20010f34</load_address>
         <run_address>0x20010f34</run_address>
         <size>0x48</size>
         <input_file_ref idref="fl-26"/>
      </object_component>
      <object_component id="oc-28b">
         <name>.text:PRCMPeripheralClkEnable</name>
         <load_address>0x20010f7c</load_address>
         <run_address>0x20010f7c</run_address>
         <size>0x48</size>
         <input_file_ref idref="fl-26"/>
      </object_component>
      <object_component id="oc-8a9">
         <name>.text:Power_releaseConstraint</name>
         <load_address>0x20010fc4</load_address>
         <run_address>0x20010fc4</run_address>
         <size>0x48</size>
         <input_file_ref idref="fl-14"/>
      </object_component>
      <object_component id="oc-735">
         <name>.text</name>
         <load_address>0x2001100c</load_address>
         <run_address>0x2001100c</run_address>
         <size>0x48</size>
         <input_file_ref idref="fl-f5"/>
      </object_component>
      <object_component id="oc-a76">
         <name>.text:RingBuf_put</name>
         <load_address>0x20011054</load_address>
         <run_address>0x20011054</run_address>
         <size>0x46</size>
         <input_file_ref idref="fl-19"/>
      </object_component>
      <object_component id="oc-499">
         <name>.text:getPrescaler</name>
         <load_address>0x2001109a</load_address>
         <run_address>0x2001109a</run_address>
         <size>0x46</size>
         <input_file_ref idref="fl-16"/>
      </object_component>
      <object_component id="oc-602">
         <name>.text:ClockP_stop</name>
         <load_address>0x200110e0</load_address>
         <run_address>0x200110e0</run_address>
         <size>0x44</size>
         <input_file_ref idref="fl-1c"/>
      </object_component>
      <object_component id="oc-932">
         <name>.text:PRCMLPDSRestoreInfoSet</name>
         <load_address>0x20011124</load_address>
         <run_address>0x20011124</run_address>
         <size>0x44</size>
         <input_file_ref idref="fl-26"/>
      </object_component>
      <object_component id="oc-7c1">
         <name>.text:PowerCC32XX_enterLPDS</name>
         <load_address>0x20011168</load_address>
         <run_address>0x20011168</run_address>
         <size>0x44</size>
         <input_file_ref idref="fl-15"/>
      </object_component>
      <object_component id="oc-2e1">
         <name>.text:SemaphoreP_post</name>
         <load_address>0x200111ac</load_address>
         <run_address>0x200111ac</run_address>
         <size>0x44</size>
         <input_file_ref idref="fl-1b"/>
      </object_component>
      <object_component id="oc-5c4">
         <name>.text:SwiP_restore</name>
         <load_address>0x200111f0</load_address>
         <run_address>0x200111f0</run_address>
         <size>0x44</size>
         <input_file_ref idref="fl-20"/>
      </object_component>
      <object_component id="oc-327">
         <name>.text:Timer_start</name>
         <load_address>0x20011234</load_address>
         <run_address>0x20011234</run_address>
         <size>0x44</size>
         <input_file_ref idref="fl-10"/>
      </object_component>
      <object_component id="oc-334">
         <name>.text:UART_init</name>
         <load_address>0x20011278</load_address>
         <run_address>0x20011278</run_address>
         <size>0x44</size>
         <input_file_ref idref="fl-11"/>
      </object_component>
      <object_component id="oc-179">
         <name>.text:__TI_auto_init_nobinit_nopinit:__TI_auto_init_nobinit_nopinit</name>
         <load_address>0x200112bc</load_address>
         <run_address>0x200112bc</run_address>
         <size>0x44</size>
         <input_file_ref idref="fl-f8"/>
      </object_component>
      <object_component id="oc-a1e">
         <name>.text:ClockP_construct</name>
         <load_address>0x20011300</load_address>
         <run_address>0x20011300</run_address>
         <size>0x40</size>
         <input_file_ref idref="fl-1c"/>
      </object_component>
      <object_component id="oc-2a3">
         <name>.text:PinModeSet</name>
         <load_address>0x20011340</load_address>
         <run_address>0x20011340</run_address>
         <size>0x40</size>
         <input_file_ref idref="fl-25"/>
      </object_component>
      <object_component id="oc-9cf">
         <name>.text:RingBuf_get</name>
         <load_address>0x20011380</load_address>
         <run_address>0x20011380</run_address>
         <size>0x40</size>
         <input_file_ref idref="fl-19"/>
      </object_component>
      <object_component id="oc-4b9">
         <name>.text:TimerSupport_timerEnable</name>
         <load_address>0x200113c0</load_address>
         <run_address>0x200113c0</run_address>
         <size>0x40</size>
         <input_file_ref idref="fl-16"/>
      </object_component>
      <object_component id="oc-493">
         <name>.text:Timer_close</name>
         <load_address>0x20011400</load_address>
         <run_address>0x20011400</run_address>
         <size>0x40</size>
         <input_file_ref idref="fl-16"/>
      </object_component>
      <object_component id="oc-850">
         <name>.text:UARTCC32XX_read</name>
         <load_address>0x20011440</load_address>
         <run_address>0x20011440</run_address>
         <size>0x40</size>
         <input_file_ref idref="fl-17"/>
      </object_component>
      <object_component id="oc-340">
         <name>.text:UART_open</name>
         <load_address>0x20011480</load_address>
         <run_address>0x20011480</run_address>
         <size>0x40</size>
         <input_file_ref idref="fl-11"/>
      </object_component>
      <object_component id="oc-75d">
         <name>.text:_fcpy</name>
         <load_address>0x200114c0</load_address>
         <run_address>0x200114c0</run_address>
         <size>0x3e</size>
         <input_file_ref idref="fl-ec"/>
      </object_component>
      <object_component id="oc-61">
         <name>.text:nmiISR</name>
         <load_address>0x200114fe</load_address>
         <run_address>0x200114fe</run_address>
         <size>0x2</size>
         <input_file_ref idref="fl-1f"/>
      </object_component>
      <object_component id="oc-417">
         <name>.text:ClockP_destruct</name>
         <load_address>0x20011500</load_address>
         <run_address>0x20011500</run_address>
         <size>0x3c</size>
         <input_file_ref idref="fl-1c"/>
      </object_component>
      <object_component id="oc-685">
         <name>.text:Power_setConstraint</name>
         <load_address>0x2001153c</load_address>
         <run_address>0x2001153c</run_address>
         <size>0x3c</size>
         <input_file_ref idref="fl-14"/>
      </object_component>
      <object_component id="oc-201">
         <name>.text:initUART</name>
         <load_address>0x20011578</load_address>
         <run_address>0x20011578</run_address>
         <size>0x3c</size>
         <input_file_ref idref="fl-2"/>
      </object_component>
      <object_component id="oc-5a8">
         <name>.text:getCountsRTC</name>
         <load_address>0x200115b4</load_address>
         <run_address>0x200115b4</run_address>
         <size>0x3a</size>
         <input_file_ref idref="fl-1e"/>
      </object_component>
      <object_component id="oc-7a9">
         <name>.text</name>
         <load_address>0x200115ee</load_address>
         <run_address>0x200115ee</run_address>
         <size>0x2</size>
         <input_file_ref idref="fl-f0"/>
      </object_component>
      <object_component id="oc-7de">
         <name>.text:PRCMLPDSEnterKeepDebugIf</name>
         <load_address>0x200115f0</load_address>
         <run_address>0x200115f0</run_address>
         <size>0x38</size>
         <input_file_ref idref="fl-26"/>
      </object_component>
      <object_component id="oc-db">
         <name>.text:addToList</name>
         <load_address>0x20011628</load_address>
         <run_address>0x20011628</run_address>
         <size>0x38</size>
         <input_file_ref idref="fl-1c"/>
      </object_component>
      <object_component id="oc-59">
         <name>.text:initVectors</name>
         <load_address>0x20011660</load_address>
         <run_address>0x20011660</run_address>
         <size>0x38</size>
         <input_file_ref idref="fl-1f"/>
      </object_component>
      <object_component id="oc-7af">
         <name>.text:notify</name>
         <load_address>0x20011698</load_address>
         <run_address>0x20011698</run_address>
         <size>0x38</size>
         <input_file_ref idref="fl-14"/>
      </object_component>
      <object_component id="oc-36d">
         <name>.text</name>
         <load_address>0x200116d0</load_address>
         <run_address>0x200116d0</run_address>
         <size>0x38</size>
         <input_file_ref idref="fl-e2"/>
      </object_component>
      <object_component id="oc-363">
         <name>.text</name>
         <load_address>0x20011708</load_address>
         <run_address>0x20011708</run_address>
         <size>0x38</size>
         <input_file_ref idref="fl-e3"/>
      </object_component>
      <object_component id="oc-666">
         <name>.text:TimerControlStall</name>
         <load_address>0x20011740</load_address>
         <run_address>0x20011740</run_address>
         <size>0x36</size>
         <input_file_ref idref="fl-27"/>
      </object_component>
      <object_component id="oc-634">
         <name>.text:Timer_stop</name>
         <load_address>0x20011776</load_address>
         <run_address>0x20011776</run_address>
         <size>0x36</size>
         <input_file_ref idref="fl-10"/>
      </object_component>
      <object_component id="oc-85c">
         <name>.text:UARTCC32XX_readCancel</name>
         <load_address>0x200117ac</load_address>
         <run_address>0x200117ac</run_address>
         <size>0x36</size>
         <input_file_ref idref="fl-17"/>
      </object_component>
      <object_component id="oc-596">
         <name>.text:ClockP_getTicksUntilInterrupt</name>
         <load_address>0x200117e4</load_address>
         <run_address>0x200117e4</run_address>
         <size>0x34</size>
         <input_file_ref idref="fl-1c"/>
      </object_component>
      <object_component id="oc-7a0">
         <name>.text:ClockP_startup</name>
         <load_address>0x20011818</load_address>
         <run_address>0x20011818</run_address>
         <size>0x34</size>
         <input_file_ref idref="fl-1c"/>
      </object_component>
      <object_component id="oc-29d">
         <name>.text:PinModeGet</name>
         <load_address>0x2001184c</load_address>
         <run_address>0x2001184c</run_address>
         <size>0x34</size>
         <input_file_ref idref="fl-25"/>
      </object_component>
      <object_component id="oc-973">
         <name>.text:PowerCC32XX_restoreParkState</name>
         <load_address>0x20011880</load_address>
         <run_address>0x20011880</run_address>
         <size>0x34</size>
         <input_file_ref idref="fl-14"/>
      </object_component>
      <object_component id="oc-64c">
         <name>.text:TimerCC32XX_freeTimerResource</name>
         <load_address>0x200118b4</load_address>
         <run_address>0x200118b4</run_address>
         <size>0x34</size>
         <input_file_ref idref="fl-16"/>
      </object_component>
      <object_component id="oc-4b1">
         <name>.text:TimerCC32XX_hwiIntFunction</name>
         <load_address>0x200118e8</load_address>
         <run_address>0x200118e8</run_address>
         <size>0x34</size>
         <input_file_ref idref="fl-16"/>
      </object_component>
      <object_component id="oc-628">
         <name>.text:getPowerMgrId</name>
         <load_address>0x2001191c</load_address>
         <run_address>0x2001191c</run_address>
         <size>0x34</size>
         <input_file_ref idref="fl-16"/>
      </object_component>
      <object_component id="oc-405">
         <name>.text:ClockP_start</name>
         <load_address>0x20011950</load_address>
         <run_address>0x20011950</run_address>
         <size>0x30</size>
         <input_file_ref idref="fl-1c"/>
      </object_component>
      <object_component id="oc-941">
         <name>.text:PowerCC32XX_restoreParkedPin</name>
         <load_address>0x20011980</load_address>
         <run_address>0x20011980</run_address>
         <size>0x30</size>
         <input_file_ref idref="fl-14"/>
      </object_component>
      <object_component id="oc-37e">
         <name>.text:_outs</name>
         <load_address>0x200119b0</load_address>
         <run_address>0x200119b0</run_address>
         <size>0x30</size>
         <input_file_ref idref="fl-e0"/>
      </object_component>
      <object_component id="oc-740">
         <name>.text</name>
         <load_address>0x200119e0</load_address>
         <run_address>0x200119e0</run_address>
         <size>0x2e</size>
         <input_file_ref idref="fl-f6"/>
      </object_component>
      <object_component id="oc-994">
         <name>.text:PowerCC32XX_getParkState</name>
         <load_address>0x20011a10</load_address>
         <run_address>0x20011a10</run_address>
         <size>0x2c</size>
         <input_file_ref idref="fl-14"/>
      </object_component>
      <object_component id="oc-439">
         <name>.text:HwiP_create</name>
         <load_address>0x20011a3c</load_address>
         <run_address>0x20011a3c</run_address>
         <size>0x2a</size>
         <input_file_ref idref="fl-1d"/>
      </object_component>
      <object_component id="oc-660">
         <name>.text:TimerLoadSet</name>
         <load_address>0x20011a66</load_address>
         <run_address>0x20011a66</run_address>
         <size>0x2a</size>
         <input_file_ref idref="fl-27"/>
      </object_component>
      <object_component id="oc-65a">
         <name>.text:TimerPrescaleSet</name>
         <load_address>0x20011a90</load_address>
         <run_address>0x20011a90</run_address>
         <size>0x2a</size>
         <input_file_ref idref="fl-27"/>
      </object_component>
      <object_component id="oc-6dd">
         <name>.text:I2CFIFODataPutNonBlocking</name>
         <load_address>0x20011aba</load_address>
         <run_address>0x20011aba</run_address>
         <size>0x28</size>
         <input_file_ref idref="fl-23"/>
      </object_component>
      <object_component id="oc-297">
         <name>.text:PRCMPeripheralClkDisable</name>
         <load_address>0x20011ae4</load_address>
         <run_address>0x20011ae4</run_address>
         <size>0x28</size>
         <input_file_ref idref="fl-26"/>
      </object_component>
      <object_component id="oc-2db">
         <name>.text:Power_registerNotify</name>
         <load_address>0x20011b0c</load_address>
         <run_address>0x20011b0c</run_address>
         <size>0x28</size>
         <input_file_ref idref="fl-14"/>
      </object_component>
      <object_component id="oc-5fa">
         <name>.text:free_list_insert</name>
         <load_address>0x20011b34</load_address>
         <run_address>0x20011b34</run_address>
         <size>0x28</size>
         <input_file_ref idref="fl-ea"/>
      </object_component>
      <object_component id="oc-885">
         <name>.text:I2CFIFODataGetNonBlocking</name>
         <load_address>0x20011b5c</load_address>
         <run_address>0x20011b5c</run_address>
         <size>0x26</size>
         <input_file_ref idref="fl-23"/>
      </object_component>
      <object_component id="oc-710">
         <name>.text:I2C_cancel</name>
         <load_address>0x20011b82</load_address>
         <run_address>0x20011b82</run_address>
         <size>0x26</size>
         <input_file_ref idref="fl-f"/>
      </object_component>
      <object_component id="oc-44f">
         <name>.text:List_put</name>
         <load_address>0x20011ba8</load_address>
         <run_address>0x20011ba8</run_address>
         <size>0x26</size>
         <input_file_ref idref="fl-18"/>
      </object_component>
      <object_component id="oc-818">
         <name>.text:List_remove</name>
         <load_address>0x20011bce</load_address>
         <run_address>0x20011bce</run_address>
         <size>0x26</size>
         <input_file_ref idref="fl-18"/>
      </object_component>
      <object_component id="oc-6a5">
         <name>.text:HwiP_dispatch</name>
         <load_address>0x20011bf4</load_address>
         <run_address>0x20011bf4</run_address>
         <size>0x24</size>
         <input_file_ref idref="fl-1d"/>
      </object_component>
      <object_component id="oc-98e">
         <name>.text:PowerCC32XX_reset</name>
         <load_address>0x20011c18</load_address>
         <run_address>0x20011c18</run_address>
         <size>0x24</size>
         <input_file_ref idref="fl-14"/>
      </object_component>
      <object_component id="oc-811">
         <name>.text:TimerSupport_timerDisable</name>
         <load_address>0x20011c3c</load_address>
         <run_address>0x20011c3c</run_address>
         <size>0x24</size>
         <input_file_ref idref="fl-16"/>
      </object_component>
      <object_component id="oc-c5">
         <name>.text:_c_int00_noargs:_c_int00_noargs</name>
         <load_address>0x20011c60</load_address>
         <run_address>0x20011c60</run_address>
         <size>0x24</size>
         <input_file_ref idref="fl-eb"/>
      </object_component>
      <object_component id="oc-88d">
         <name>.text:I2CMasterSlaveAddrSet</name>
         <load_address>0x20011c84</load_address>
         <run_address>0x20011c84</run_address>
         <size>0x22</size>
         <input_file_ref idref="fl-23"/>
      </object_component>
      <object_component id="oc-81f">
         <name>.text:HwiP_destruct</name>
         <load_address>0x20011ca6</load_address>
         <run_address>0x20011ca6</run_address>
         <size>0x20</size>
         <input_file_ref idref="fl-1d"/>
      </object_component>
      <object_component id="oc-63a">
         <name>.text:Power_unregisterNotify</name>
         <load_address>0x20011cc8</load_address>
         <run_address>0x20011cc8</run_address>
         <size>0x20</size>
         <input_file_ref idref="fl-14"/>
      </object_component>
      <object_component id="oc-97a">
         <name>.text:RingBuf_peek</name>
         <load_address>0x20011ce8</load_address>
         <run_address>0x20011ce8</run_address>
         <size>0x20</size>
         <input_file_ref idref="fl-19"/>
      </object_component>
      <object_component id="oc-988">
         <name>.text:getPowerMgrId</name>
         <load_address>0x20011d08</load_address>
         <run_address>0x20011d08</run_address>
         <size>0x20</size>
         <input_file_ref idref="fl-17"/>
      </object_component>
      <object_component id="oc-6b9">
         <name>.text:I2CMasterIntStatusEx</name>
         <load_address>0x20011d28</load_address>
         <run_address>0x20011d28</run_address>
         <size>0x1e</size>
         <input_file_ref idref="fl-23"/>
      </object_component>
      <object_component id="oc-487">
         <name>.text:SemaphoreP_constructBinary</name>
         <load_address>0x20011d46</load_address>
         <run_address>0x20011d46</run_address>
         <size>0x1e</size>
         <input_file_ref idref="fl-1b"/>
      </object_component>
      <object_component id="oc-654">
         <name>.text:TimerDisable</name>
         <load_address>0x20011d64</load_address>
         <run_address>0x20011d64</run_address>
         <size>0x1e</size>
         <input_file_ref idref="fl-27"/>
      </object_component>
      <object_component id="oc-68b">
         <name>.text:TimerEnable</name>
         <load_address>0x20011d82</load_address>
         <run_address>0x20011d82</run_address>
         <size>0x1e</size>
         <input_file_ref idref="fl-27"/>
      </object_component>
      <object_component id="oc-91e">
         <name>.text:PinToPadGet</name>
         <load_address>0x20011da0</load_address>
         <run_address>0x20011da0</run_address>
         <size>0x1c</size>
         <input_file_ref idref="fl-25"/>
      </object_component>
      <object_component id="oc-58a">
         <name>.text:SwiP_disable</name>
         <load_address>0x20011dbc</load_address>
         <run_address>0x20011dbc</run_address>
         <size>0x1c</size>
         <input_file_ref idref="fl-20"/>
      </object_component>
      <object_component id="oc-5f4">
         <name>.text:free_list_remove</name>
         <load_address>0x20011dd8</load_address>
         <run_address>0x20011dd8</run_address>
         <size>0x1c</size>
         <input_file_ref idref="fl-ea"/>
      </object_component>
      <object_component id="oc-543">
         <name>.text:memccpy</name>
         <load_address>0x20011df4</load_address>
         <run_address>0x20011df4</run_address>
         <size>0x1c</size>
         <input_file_ref idref="fl-101"/>
      </object_component>
      <object_component id="oc-9a0">
         <name>.text:ClockP_create</name>
         <load_address>0x20011e10</load_address>
         <run_address>0x20011e10</run_address>
         <size>0x1a</size>
         <input_file_ref idref="fl-1c"/>
      </object_component>
      <object_component id="oc-2b7">
         <name>.text:SemaphoreP_createBinary</name>
         <load_address>0x20011e2a</load_address>
         <run_address>0x20011e2a</run_address>
         <size>0x1a</size>
         <input_file_ref idref="fl-1b"/>
      </object_component>
      <object_component id="oc-21">
         <name>.text:resetISR</name>
         <load_address>0x20011e44</load_address>
         <run_address>0x20011e44</run_address>
         <size>0x1a</size>
         <input_file_ref idref="fl-1f"/>
      </object_component>
      <object_component id="oc-2fc">
         <name>.text:GPIO_setCallback</name>
         <load_address>0x20011e60</load_address>
         <run_address>0x20011e60</run_address>
         <size>0x18</size>
         <input_file_ref idref="fl-e"/>
      </object_component>
      <object_component id="oc-8be">
         <name>.text:I2CMasterBusBusy</name>
         <load_address>0x20011e78</load_address>
         <run_address>0x20011e78</run_address>
         <size>0x18</size>
         <input_file_ref idref="fl-23"/>
      </object_component>
      <object_component id="oc-6cb">
         <name>.text:I2CMasterIntDisableEx</name>
         <load_address>0x20011e90</load_address>
         <run_address>0x20011e90</run_address>
         <size>0x18</size>
         <input_file_ref idref="fl-23"/>
      </object_component>
      <object_component id="oc-89f">
         <name>.text:I2CMasterIntEnableEx</name>
         <load_address>0x20011ea8</load_address>
         <run_address>0x20011ea8</run_address>
         <size>0x18</size>
         <input_file_ref idref="fl-23"/>
      </object_component>
      <object_component id="oc-8b8">
         <name>.text:I2CRxFIFOFlush</name>
         <load_address>0x20011ec0</load_address>
         <run_address>0x20011ec0</run_address>
         <size>0x18</size>
         <input_file_ref idref="fl-23"/>
      </object_component>
      <object_component id="oc-8b2">
         <name>.text:I2CTxFIFOFlush</name>
         <load_address>0x20011ed8</load_address>
         <run_address>0x20011ed8</run_address>
         <size>0x18</size>
         <input_file_ref idref="fl-23"/>
      </object_component>
      <object_component id="oc-59c">
         <name>.text:Power_getTransitionLatency</name>
         <load_address>0x20011ef0</load_address>
         <run_address>0x20011ef0</run_address>
         <size>0x18</size>
         <input_file_ref idref="fl-14"/>
      </object_component>
      <object_component id="oc-7f1">
         <name>.text:Power_idleFunc</name>
         <load_address>0x20011f08</load_address>
         <run_address>0x20011f08</run_address>
         <size>0x18</size>
         <input_file_ref idref="fl-14"/>
      </object_component>
      <object_component id="oc-963">
         <name>.text:TimerIntDisable</name>
         <load_address>0x20011f20</load_address>
         <run_address>0x20011f20</run_address>
         <size>0x18</size>
         <input_file_ref idref="fl-27"/>
      </object_component>
      <object_component id="oc-67f">
         <name>.text:TimerIntEnable</name>
         <load_address>0x20011f38</load_address>
         <run_address>0x20011f38</run_address>
         <size>0x18</size>
         <input_file_ref idref="fl-27"/>
      </object_component>
      <object_component id="oc-9d7">
         <name>.text:UARTBusy</name>
         <load_address>0x20011f50</load_address>
         <run_address>0x20011f50</run_address>
         <size>0x18</size>
         <input_file_ref idref="fl-28"/>
      </object_component>
      <object_component id="oc-a62">
         <name>.text:UARTIntEnable</name>
         <load_address>0x20011f68</load_address>
         <run_address>0x20011f68</run_address>
         <size>0x18</size>
         <input_file_ref idref="fl-28"/>
      </object_component>
      <object_component id="oc-33a">
         <name>.text:UART_Params_init</name>
         <load_address>0x20011f80</load_address>
         <run_address>0x20011f80</run_address>
         <size>0x18</size>
         <input_file_ref idref="fl-11"/>
      </object_component>
      <object_component id="oc-384">
         <name>.text:_outc</name>
         <load_address>0x20011f98</load_address>
         <run_address>0x20011f98</run_address>
         <size>0x18</size>
         <input_file_ref idref="fl-e0"/>
      </object_component>
      <object_component id="oc-5b9">
         <name>.text</name>
         <load_address>0x20011fb0</load_address>
         <run_address>0x20011fb0</run_address>
         <size>0x18</size>
         <input_file_ref idref="fl-e4"/>
      </object_component>
      <object_component id="oc-899">
         <name>.text:I2CMasterBurstLengthSet</name>
         <load_address>0x20011fc8</load_address>
         <run_address>0x20011fc8</run_address>
         <size>0x16</size>
         <input_file_ref idref="fl-23"/>
      </object_component>
      <object_component id="oc-285">
         <name>.text:PRCMHIBRegRead</name>
         <load_address>0x20011fde</load_address>
         <run_address>0x20011fde</run_address>
         <size>0x16</size>
         <input_file_ref idref="fl-26"/>
      </object_component>
      <object_component id="oc-27f">
         <name>.text:PRCMHIBRegWrite</name>
         <load_address>0x20011ff4</load_address>
         <run_address>0x20011ff4</run_address>
         <size>0x16</size>
         <input_file_ref idref="fl-26"/>
      </object_component>
      <object_component id="oc-3ed">
         <name>.text:SemaphoreP_create</name>
         <load_address>0x2001200a</load_address>
         <run_address>0x2001200a</run_address>
         <size>0x16</size>
         <input_file_ref idref="fl-1b"/>
      </object_component>
      <object_component id="oc-771">
         <name>.text:strchr</name>
         <load_address>0x20012020</load_address>
         <run_address>0x20012020</run_address>
         <size>0x16</size>
         <input_file_ref idref="fl-102"/>
      </object_component>
      <object_component id="oc-15a">
         <name>.text:Board_init</name>
         <load_address>0x20012036</load_address>
         <run_address>0x20012036</run_address>
         <size>0x14</size>
         <input_file_ref idref="fl-3"/>
      </object_component>
      <object_component id="oc-a3">
         <name>.text:CPUcpsid</name>
         <load_address>0x2001204a</load_address>
         <run_address>0x2001204a</run_address>
         <size>0x14</size>
         <input_file_ref idref="fl-22"/>
      </object_component>
      <object_component id="oc-456">
         <name>.text:HwiP_inISR</name>
         <load_address>0x20012060</load_address>
         <run_address>0x20012060</run_address>
         <size>0x14</size>
         <input_file_ref idref="fl-1d"/>
      </object_component>
      <object_component id="oc-8c6">
         <name>.text:I2CSupport_masterFinish</name>
         <load_address>0x20012074</load_address>
         <run_address>0x20012074</run_address>
         <size>0x14</size>
         <input_file_ref idref="fl-13"/>
      </object_component>
      <object_component id="oc-359">
         <name>.text:I2C_transfer</name>
         <load_address>0x20012088</load_address>
         <run_address>0x20012088</run_address>
         <size>0x14</size>
         <input_file_ref idref="fl-f"/>
      </object_component>
      <object_component id="oc-af">
         <name>.text:IntVTableBaseSet</name>
         <load_address>0x2001209c</load_address>
         <run_address>0x2001209c</run_address>
         <size>0x14</size>
         <input_file_ref idref="fl-24"/>
      </object_component>
      <object_component id="oc-45c">
         <name>.text:Power_disablePolicy</name>
         <load_address>0x200120b0</load_address>
         <run_address>0x200120b0</run_address>
         <size>0x14</size>
         <input_file_ref idref="fl-14"/>
      </object_component>
      <object_component id="oc-93a">
         <name>.text:Power_getDependencyCount</name>
         <load_address>0x200120c4</load_address>
         <run_address>0x200120c4</run_address>
         <size>0x14</size>
         <input_file_ref idref="fl-14"/>
      </object_component>
      <object_component id="oc-a5c">
         <name>.text:releasePowerConstraint</name>
         <load_address>0x200120d8</load_address>
         <run_address>0x200120d8</run_address>
         <size>0x14</size>
         <input_file_ref idref="fl-17"/>
      </object_component>
      <object_component id="oc-514">
         <name>.text:strlen</name>
         <load_address>0x200120ec</load_address>
         <run_address>0x200120ec</run_address>
         <size>0x14</size>
         <input_file_ref idref="fl-103"/>
      </object_component>
      <object_component id="oc-433">
         <name>.text:HwiP_Params_init</name>
         <load_address>0x20012100</load_address>
         <run_address>0x20012100</run_address>
         <size>0x12</size>
         <input_file_ref idref="fl-1d"/>
      </object_component>
      <object_component id="oc-6bf">
         <name>.text:I2CMasterIntClearEx</name>
         <load_address>0x20012112</load_address>
         <run_address>0x20012112</run_address>
         <size>0x12</size>
         <input_file_ref idref="fl-23"/>
      </object_component>
      <object_component id="oc-982">
         <name>.text:RingBuf_construct</name>
         <load_address>0x20012124</load_address>
         <run_address>0x20012124</run_address>
         <size>0x12</size>
         <input_file_ref idref="fl-19"/>
      </object_component>
      <object_component id="oc-676">
         <name>.text:TimerIntClear</name>
         <load_address>0x20012136</load_address>
         <run_address>0x20012136</run_address>
         <size>0x12</size>
         <input_file_ref idref="fl-27"/>
      </object_component>
      <object_component id="oc-11f">
         <name>.text:main</name>
         <load_address>0x20012148</load_address>
         <run_address>0x20012148</run_address>
         <size>0x12</size>
         <input_file_ref idref="fl-4"/>
      </object_component>
      <object_component id="oc-549">
         <name>.text:wcslen</name>
         <load_address>0x2001215a</load_address>
         <run_address>0x2001215a</run_address>
         <size>0x12</size>
         <input_file_ref idref="fl-ef"/>
      </object_component>
      <object_component id="oc-3ff">
         <name>.text:ClockP_add</name>
         <load_address>0x2001216c</load_address>
         <run_address>0x2001216c</run_address>
         <size>0x10</size>
         <input_file_ref idref="fl-1c"/>
      </object_component>
      <object_component id="oc-96d">
[...]
      </symbol>
      <symbol id="sm-ac6">
         <name>HwiP_disableInterrupt</name>
         <value>0x20012259</value>
         <object_component_ref idref="oc-6fe"/>
      </symbol>
      <symbol id="sm-af6">
         <name>PowerCC32XX_initPolicy</name>
         <value>0x2000ec0b</value>
         <object_component_ref idref="oc-3d6"/>
      </symbol>
      <symbol id="sm-af7">
         <name>PowerCC32XX_sleepPolicy</name>
         <value>0x2000d8f5</value>
         <object_component_ref idref="oc-3dc"/>
      </symbol>
      <symbol id="sm-b47">
         <name>resetISR</name>
         <value>0x20011e45</value>
         <object_component_ref idref="oc-21"/>
      </symbol>
      <symbol id="sm-b48">
         <name>resetVectorAddr</name>
         <value>0x20011e58</value>
         <object_component_ref idref="oc-21"/>
      </symbol>
      <symbol id="sm-b49">
         <name>initVectors</name>
         <value>0x20011661</value>
         <object_component_ref idref="oc-59"/>
      </symbol>
      <symbol id="sm-b4a">
         <name>resetVectors</name>
         <value>0x20004000</value>
         <object_component_ref idref="oc-27"/>
      </symbol>
      <symbol id="sm-b7a">
         <name>SwiP_disable</name>
         <value>0x20011dbd</value>
         <object_component_ref idref="oc-58a"/>
      </symbol>
      <symbol id="sm-b7b">
         <name>SwiP_restore</name>
         <value>0x200111f1</value>
         <object_component_ref idref="oc-5c4"/>
      </symbol>
      <symbol id="sm-b86">
         <name>CPUcpsid</name>
         <value>0x2001204b</value>
         <object_component_ref idref="oc-a3"/>
      </symbol>
      <symbol id="sm-bf3">
         <name>I2CRxFIFOFlush</name>
         <value>0x20011ec1</value>
         <object_component_ref idref="oc-8b8"/>
      </symbol>
      <symbol id="sm-bf4">
         <name>I2CTxFIFOFlush</name>
         <value>0x20011ed9</value>
         <object_component_ref idref="oc-8b2"/>
      </symbol>
      <symbol id="sm-bf5">
         <name>I2CFIFODataPutNonBlocking</name>
         <value>0x20011abb</value>
         <object_component_ref idref="oc-6dd"/>
      </symbol>
      <symbol id="sm-bf6">
         <name>I2CMasterBusBusy</name>
         <value>0x20011e79</value>
         <object_component_ref idref="oc-8be"/>
      </symbol>
      <symbol id="sm-bf7">
         <name>I2CMasterIntDisableEx</name>
         <value>0x20011e91</value>
         <object_component_ref idref="oc-6cb"/>
      </symbol>
      <symbol id="sm-bf8">
         <name>I2CMasterBurstLengthSet</name>
         <value>0x20011fc9</value>
         <object_component_ref idref="oc-899"/>
      </symbol>
      <symbol id="sm-bf9">
         <name>I2CMasterIntClearEx</name>
         <value>0x20012113</value>
         <object_component_ref idref="oc-6bf"/>
      </symbol>
      <symbol id="sm-bfa">
         <name>I2CMasterSlaveAddrSet</name>
         <value>0x20011c85</value>
         <object_component_ref idref="oc-88d"/>
      </symbol>
      <symbol id="sm-bfb">
         <name>I2CMasterIntEnableEx</name>
         <value>0x20011ea9</value>
         <object_component_ref idref="oc-89f"/>
      </symbol>
      <symbol id="sm-bfc">
         <name>I2CFIFOStatus</name>
         <value>0x200121dd</value>
         <object_component_ref idref="oc-6e3"/>
      </symbol>
      <symbol id="sm-bfd">
         <name>I2CMasterIntStatusEx</name>
         <value>0x20011d29</value>
         <object_component_ref idref="oc-6b9"/>
      </symbol>
      <symbol id="sm-bfe">
         <name>I2CFIFODataGetNonBlocking</name>
         <value>0x20011b5d</value>
         <object_component_ref idref="oc-885"/>
      </symbol>
      <symbol id="sm-c43">
         <name>IntVTableBaseSet</name>
         <value>0x2001209d</value>
         <object_component_ref idref="oc-af"/>
      </symbol>
      <symbol id="sm-c44">
         <name>IntEnable</name>
         <value>0x2000f5cd</value>
         <object_component_ref idref="oc-b5"/>
      </symbol>
      <symbol id="sm-c45">
         <name>IntMasterDisable</name>
         <value>0x2001232d</value>
         <object_component_ref idref="oc-53"/>
      </symbol>
      <symbol id="sm-c46">
         <name>IntPendSet</name>
         <value>0x2000fc7d</value>
         <object_component_ref idref="oc-950"/>
      </symbol>
      <symbol id="sm-c80">
         <name>PinModeGet</name>
         <value>0x2001184d</value>
         <object_component_ref idref="oc-29d"/>
      </symbol>
      <symbol id="sm-c81">
         <name>PinConfigSet</name>
         <value>0x2000fd05</value>
         <object_component_ref idref="oc-427"/>
      </symbol>
      <symbol id="sm-c82">
         <name>PinModeSet</name>
         <value>0x20011341</value>
         <object_component_ref idref="oc-2a3"/>
      </symbol>
      <symbol id="sm-c83">
         <name>PinToPadGet</name>
         <value>0x20011da1</value>
         <object_component_ref idref="oc-91e"/>
      </symbol>
      <symbol id="sm-d4c">
         <name>PRCMLPDSRestoreInfoSet</name>
         <value>0x20011125</value>
         <object_component_ref idref="oc-932"/>
      </symbol>
      <symbol id="sm-d4d">
         <name>PRCMPeripheralReset</name>
         <value>0x200108a9</value>
         <object_component_ref idref="oc-291"/>
      </symbol>
      <symbol id="sm-d4e">
         <name>PRCMLPDSEnter</name>
         <value>0x20010f35</value>
         <object_component_ref idref="oc-7d8"/>
      </symbol>
      <symbol id="sm-d4f">
         <name>PRCMPeripheralClkEnable</name>
         <value>0x20010f7d</value>
         <object_component_ref idref="oc-28b"/>
      </symbol>
      <symbol id="sm-d50">
         <name>PRCMLPDSEnterKeepDebugIf</name>
         <value>0x200115f1</value>
         <object_component_ref idref="oc-7de"/>
      </symbol>
      <symbol id="sm-d51">
         <name>PRCMCC3200MCUInit</name>
         <value>0x2000ca91</value>
         <object_component_ref idref="oc-1db"/>
      </symbol>
      <symbol id="sm-d52">
         <name>PRCMHIBRegWrite</name>
         <value>0x20011ff5</value>
         <object_component_ref idref="oc-27f"/>
      </symbol>
      <symbol id="sm-d53">
         <name>PRCMSysResetCauseGet</name>
         <value>0x20010791</value>
         <object_component_ref idref="oc-278"/>
      </symbol>
      <symbol id="sm-d54">
         <name>PRCMPeripheralClkDisable</name>
         <value>0x20011ae5</value>
         <object_component_ref idref="oc-297"/>
      </symbol>
      <symbol id="sm-d55">
         <name>PRCMHIBRegRead</name>
         <value>0x20011fdf</value>
         <object_component_ref idref="oc-285"/>
      </symbol>
      <symbol id="sm-d9d">
         <name>TimerLoadSet</name>
         <value>0x20011a67</value>
         <object_component_ref idref="oc-660"/>
      </symbol>
      <symbol id="sm-d9e">
         <name>TimerDisable</name>
         <value>0x20011d65</value>
         <object_component_ref idref="oc-654"/>
      </symbol>
      <symbol id="sm-d9f">
         <name>TimerEnable</name>
         <value>0x20011d83</value>
         <object_component_ref idref="oc-68b"/>
      </symbol>
      <symbol id="sm-da0">
         <name>TimerIntDisable</name>
         <value>0x20011f21</value>
         <object_component_ref idref="oc-963"/>
      </symbol>
      <symbol id="sm-da1">
         <name>TimerPrescaleSet</name>
         <value>0x20011a91</value>
         <object_component_ref idref="oc-65a"/>
      </symbol>
      <symbol id="sm-da2">
         <name>TimerControlStall</name>
         <value>0x20011741</value>
         <object_component_ref idref="oc-666"/>
      </symbol>
      <symbol id="sm-da3">
         <name>TimerIntEnable</name>
         <value>0x20011f39</value>
         <object_component_ref idref="oc-67f"/>
      </symbol>
      <symbol id="sm-da4">
         <name>TimerIntClear</name>
         <value>0x20012137</value>
         <object_component_ref idref="oc-676"/>
      </symbol>
      <symbol id="sm-db8">
         <name>UARTBusy</name>
         <value>0x20011f51</value>
         <object_component_ref idref="oc-9d7"/>
      </symbol>
      <symbol id="sm-db9">
         <name>UARTIntEnable</name>
         <value>0x20011f69</value>
         <object_component_ref idref="oc-a62"/>
      </symbol>
      <symbol id="sm-dbd">
         <name>UtilsDelay</name>
         <value>0x20012375</value>
         <object_component_ref idref="oc-27e"/>
      </symbol>
      <symbol id="sm-dcd">
         <name>FlashDisable</name>
         <value>0x20010e5d</value>
         <object_component_ref idref="oc-948"/>
      </symbol>
      <symbol id="sm-dfc">
         <name>snprintf</name>
         <value>0x20010e11</value>
         <object_component_ref idref="oc-219"/>
      </symbol>
      <symbol id="sm-e06">
         <name>__aeabi_fmul</name>
         <value>0x20010197</value>
         <object_component_ref idref="oc-368"/>
      </symbol>
      <symbol id="sm-e10">
         <name>__aeabi_f2iz</name>
         <value>0x200116d1</value>
         <object_component_ref idref="oc-36d"/>
      </symbol>
      <symbol id="sm-e1b">
         <name>__aeabi_i2f</name>
         <value>0x20011709</value>
         <object_component_ref idref="oc-363"/>
      </symbol>
      <symbol id="sm-e24">
         <name>__aeabi_lmul</name>
         <value>0x20011fb1</value>
         <object_component_ref idref="oc-5b9"/>
      </symbol>
      <symbol id="sm-e3f">
         <name>memcpy</name>
         <value>0x2000f99d</value>
         <object_component_ref idref="oc-3b"/>
      </symbol>
      <symbol id="sm-e40">
         <name>__aeabi_memcpy</name>
         <value>0x2000f99d</value>
         <object_component_ref idref="oc-3b"/>
      </symbol>
      <symbol id="sm-e41">
         <name>__aeabi_memcpy8</name>
         <value>0x2000f99d</value>
         <object_component_ref idref="oc-3b"/>
      </symbol>
      <symbol id="sm-e42">
         <name>__aeabi_memcpy4</name>
         <value>0x2000f99d</value>
         <object_component_ref idref="oc-3b"/>
      </symbol>
      <symbol id="sm-e4f">
         <name>__aeabi_uldivmod</name>
         <value>0x2000fa39</value>
         <object_component_ref idref="oc-5ae"/>
      </symbol>
      <symbol id="sm-e61">
         <name>__TI_zero_init</name>
         <value>0x200122d1</value>
         <object_component_ref idref="oc-4d"/>
      </symbol>
      <symbol id="sm-e78">
         <name>__TI_decompress_none</name>
         <value>0x2001229f</value>
         <object_component_ref idref="oc-1a"/>
      </symbol>
      <symbol id="sm-e9b">
         <name>__TI_decompress_lzss</name>
         <value>0x20010535</value>
         <object_component_ref idref="oc-14"/>
      </symbol>
      <symbol id="sm-f24">
         <name>_sys_memory</name>
         <value>0x20004040</value>
         <object_component_ref idref="oc-2a"/>
      </symbol>
      <symbol id="sm-f25">
         <name>free</name>
         <value>0x2000ecf9</value>
         <object_component_ref idref="oc-3f8"/>
      </symbol>
      <symbol id="sm-f26">
         <name>memalign</name>
         <value>0x2000e821</value>
         <object_component_ref idref="oc-7f9"/>
      </symbol>
      <symbol id="sm-f27">
         <name>malloc</name>
         <value>0x20012351</value>
         <object_component_ref idref="oc-5d4"/>
      </symbol>
      <symbol id="sm-f28">
         <name>aligned_alloc</name>
         <value>0x2000e821</value>
         <object_component_ref idref="oc-7f9"/>
      </symbol>
      <symbol id="sm-f3a">
         <name>__stack</name>
         <value>0x20003000</value>
         <object_component_ref idref="oc-2d"/>
      </symbol>
      <symbol id="sm-f3b">
         <name>_c_int00_noargs</name>
         <value>0x20011c61</value>
         <object_component_ref idref="oc-c5"/>
      </symbol>
      <symbol id="sm-10a0">
         <name>__TI_printfi</name>
         <value>0x2000c041</value>
         <object_component_ref idref="oc-378"/>
      </symbol>
      <symbol id="sm-10c0">
         <name>frexpl</name>
         <value>0x200107f1</value>
         <object_component_ref idref="oc-765"/>
      </symbol>
      <symbol id="sm-10c1">
         <name>frexp</name>
         <value>0x200107f1</value>
         <object_component_ref idref="oc-765"/>
      </symbol>
      <symbol id="sm-10df">
         <name>scalbn</name>
         <value>0x2000eddd</value>
         <object_component_ref idref="oc-76b"/>
      </symbol>
      <symbol id="sm-10e0">
         <name>scalbnl</name>
         <value>0x2000eddd</value>
         <object_component_ref idref="oc-76b"/>
      </symbol>
      <symbol id="sm-10e1">
         <name>ldexpl</name>
         <value>0x2000eddd</value>
         <object_component_ref idref="oc-76b"/>
      </symbol>
      <symbol id="sm-10e2">
         <name>ldexp</name>
         <value>0x2000eddd</value>
         <object_component_ref idref="oc-76b"/>
      </symbol>
      <symbol id="sm-10fb">
         <name>wcslen</name>
         <value>0x2001215b</value>
         <object_component_ref idref="oc-549"/>
      </symbol>
      <symbol id="sm-1105">
         <name>__aeabi_idiv0</name>
         <value>0x200115ef</value>
         <object_component_ref idref="oc-7a9"/>
      </symbol>
      <symbol id="sm-1106">
         <name>__aeabi_ldiv0</name>
         <value>0x200115ef</value>
         <object_component_ref idref="oc-7a9"/>
      </symbol>
      <symbol id="sm-111d">
         <name>__aeabi_dsub</name>
         <value>0x2000d73d</value>
         <object_component_ref idref="oc-745"/>
      </symbol>
      <symbol id="sm-111e">
         <name>__aeabi_dadd</name>
         <value>0x2000d747</value>
         <object_component_ref idref="oc-745"/>
      </symbol>
      <symbol id="sm-1140">
         <name>__aeabi_cdcmpeq</name>
         <value>0x2000fd8d</value>
         <object_component_ref idref="oc-526"/>
      </symbol>
      <symbol id="sm-1141">
         <name>__aeabi_cdcmple</name>
         <value>0x2000fd8d</value>
         <object_component_ref idref="oc-526"/>
      </symbol>
      <symbol id="sm-1142">
         <name>__aeabi_cdrcmple</name>
         <value>0x2000fe13</value>
         <object_component_ref idref="oc-730"/>
      </symbol>
      <symbol id="sm-1156">
         <name>__aeabi_ddiv</name>
         <value>0x2000e389</value>
         <object_component_ref idref="oc-72b"/>
      </symbol>
      <symbol id="sm-1161">
         <name>__aeabi_dmul</name>
         <value>0x2000ea1d</value>
         <object_component_ref idref="oc-726"/>
      </symbol>
      <symbol id="sm-116b">
         <name>__aeabi_d2iz</name>
         <value>0x2001100d</value>
         <object_component_ref idref="oc-735"/>
      </symbol>
      <symbol id="sm-1175">
         <name>__aeabi_i2d</name>
         <value>0x200119e1</value>
         <object_component_ref idref="oc-740"/>
      </symbol>
      <symbol id="sm-1184">
         <name>__aeabi_memset</name>
         <value>0x20010213</value>
         <object_component_ref idref="oc-9d"/>
      </symbol>
      <symbol id="sm-1185">
         <name>memset</name>
         <value>0x20010219</value>
         <object_component_ref idref="oc-9d"/>
      </symbol>
      <symbol id="sm-1186">
         <name>__aeabi_memset8</name>
         <value>0x20010213</value>
         <object_component_ref idref="oc-9d"/>
      </symbol>
      <symbol id="sm-1187">
         <name>__aeabi_memset4</name>
         <value>0x20010213</value>
         <object_component_ref idref="oc-9d"/>
      </symbol>
      <symbol id="sm-1188">
         <name>__aeabi_memclr8</name>
         <value>0x20010211</value>
         <object_component_ref idref="oc-9d"/>
      </symbol>
      <symbol id="sm-1189">
         <name>__aeabi_memclr4</name>
         <value>0x20010211</value>
         <object_component_ref idref="oc-9d"/>
      </symbol>
      <symbol id="sm-118a">
         <name>__aeabi_memclr</name>
         <value>0x20010211</value>
         <object_component_ref idref="oc-9d"/>
      </symbol>
      <symbol id="sm-11b2">
         <name>__TI_auto_init_nobinit_nopinit</name>
         <value>0x200112bd</value>
         <object_component_ref idref="oc-179"/>
      </symbol>
      <symbol id="sm-11bc">
         <name>_system_pre_init</name>
         <value>0x20012387</value>
         <object_component_ref idref="oc-119"/>
      </symbol>
      <symbol id="sm-11c8">
         <name>C$$EXIT</name>
         <value>0x2001238b</value>
         <object_component_ref idref="oc-16d"/>
      </symbol>
      <symbol id="sm-11c9">
         <name>abort</name>
         <value>0x2001238b</value>
         <object_component_ref idref="oc-16d"/>
      </symbol>
      <symbol id="sm-11de">
         <name>_nop</name>
         <value>0x20010377</value>
         <object_component_ref idref="oc-3a3"/>
      </symbol>
      <symbol id="sm-11df">
         <name>_lock</name>
         <value>0x2001299c</value>
         <object_component_ref idref="oc-230"/>
      </symbol>
      <symbol id="sm-11e0">
         <name>_unlock</name>
         <value>0x200129a0</value>
         <object_component_ref idref="oc-230"/>
      </symbol>
      <symbol id="sm-11ef">
         <name>__TI_ltoa</name>
         <value>0x200109af</value>
         <object_component_ref idref="oc-73a"/>
      </symbol>
      <symbol id="sm-1206">
         <name>atoi</name>
         <value>0x20010d2d</value>
         <object_component_ref idref="oc-51a"/>
      </symbol>
      <symbol id="sm-1211">
         <name>_ctypes_</name>
         <value>0x20012ed4</value>
         <object_component_ref idref="oc-71f"/>
      </symbol>
      <symbol id="sm-1221">
         <name>memccpy</name>
         <value>0x20011df5</value>
         <object_component_ref idref="oc-543"/>
      </symbol>
      <symbol id="sm-1231">
         <name>strchr</name>
         <value>0x20012021</value>
         <object_component_ref idref="oc-771"/>
      </symbol>
      <symbol id="sm-123f">
         <name>strlen</name>
         <value>0x200120ed</value>
         <object_component_ref idref="oc-514"/>
      </symbol>
      <symbol id="sm-1255">
         <name>__aeabi_errno_addr</name>
         <value>0x20012349</value>
         <object_component_ref idref="oc-54f"/>
      </symbol>
      <symbol id="sm-1256">
         <name>errno</name>
         <value>0x200129c4</value>
         <object_component_ref idref="oc-781"/>
      </symbol>
      <symbol id="sm-1260">
         <name>copysign</name>
         <value>0x200122c5</value>
         <object_component_ref idref="oc-8e8"/>
      </symbol>
      <symbol id="sm-1261">
         <name>copysignl</name>
         <value>0x200122c5</value>
         <object_component_ref idref="oc-8e8"/>
      </symbol>
      <symbol id="sm-1262">
         <name>__TI_static_base__</name>
         <value>0x200133b8</value>
      </symbol>
      <symbol id="sm-1265">
         <name>ITM_flush</name>
         <value>0x0</value>
      </symbol>
      <symbol id="sm-1266">
         <name>ITM_restore</name>
         <value>0x0</value>
      </symbol>
      <symbol id="sm-1267">
         <name>__mpu_init</name>
         <value>0x0</value>
      </symbol>
      <symbol id="sm-1268">
         <name>_system_post_cinit</name>
         <value>0x0</value>
      </symbol>
      <symbol id="sm-1269">
         <name>NoRTOS_start</name>
         <value>0x20012267</value>
      </symbol>
   </symbol_table>
   <title>Link successful</title>
</link_info>
