******************************************************************************
                  TI ARM Linker PC v20.2.5                     
******************************************************************************
>> Linked Thu Dec  9 21:37:08 2021

OUTPUT FILE NAME:   <gpiointerrupt_CC3220S_LAUNCHXL_nortos_ccs.out>
ENTRY POINT SYMBOL: "resetISR"  address: 20011e45


MEMORY CONFIGURATION

         name            origin    length      used     unused   attr    fill
----------------------  --------  ---------  --------  --------  ----  --------
  SRAM2                 20000000   00004000  0000130c  00002cf4  RW X
  SRAM                  20004000   0003c000  0000f4b2  0002cb4e  RW X
  LOG_DATA              90000000   00040000  00000000  00040000  R   


SEGMENT ALLOCATION MAP

run origin  load origin   length   init length attrs members
----------  ----------- ---------- ----------- ----- -------
20003000    20003000    00001000   00000000    rw-
  20003000    20003000    00001000   00000000    rw- .stack
20004000    20004000    00000040   00000040    r--
  20004000    20004000    00000040   00000040    r-- .resetVecs
20004040    20004040    00008000   00000000    rw-
  20004040    20004040    00008000   00000000    rw- .sysmem
2000c040    2000c040    0000634e   0000634e    r-x
  2000c040    2000c040    0000634e   0000634e    r-x .text
20012390    20012390    00000b44   00000000    rw-
  20012390    20012390    00000638   00000000    rw- .data
  200129c8    200129c8    0000050c   00000000    rw- .bss
20012ed4    20012ed4    000004e0   000004e0    r--
  20012ed4    20012ed4    000004e0   000004e0    r-- .const
200133b8    200133b8    00000100   00000100    r--
  200133b8    200133b8    00000100   00000100    r-- .cinit


SECTION ALLOCATION MAP

 output                                  attributes/
section   page    origin      length       input sections
--------  ----  ----------  ----------   ----------------
.text      0    2000c040    0000634e     
                  2000c040    00000a4e     rtsv7M4_T_le_eabi.lib : _printfi.c.obj (.text:__TI_printfi)
                  2000ca8e    00000002     ti_drivers_config.obj (.text:Board_initHook)
                  2000ca90    0000042c     driverlib.a : prcm.obj (.text:PRCMCC3200MCUInit)
                  2000cebc    00000288     drivers_cc32xx.a : UARTCC32XX.oem4 (.text:UARTCC32XX_open)
                  2000d144    00000268     rtsv7M4_T_le_eabi.lib : _printfi.c.obj (.text:_pconv_a)
                  2000d3ac    000001cc                           : _printfi.c.obj (.text:_pconv_g)
                  2000d578    000001c4     gpiointerrupt.obj (.text:initI2C)
                  2000d73c    000001b6     rtsv7M4_T_le_eabi.lib : fd_add_t2.asm.obj (.text)
                  2000d8f2    00000002     drivers_cc32xx.a : I2C.oem4 (.text:I2C_init)
                  2000d8f4    0000019c     nortos_cc32xx.a : PowerCC32XX_nortos.oem4 (.text:PowerCC32XX_sleepPolicy)
                  2000da90    00000168     gpiointerrupt.obj (.text:mainThread)
                  2000dbf8    00000154     drivers_cc32xx.a : GPIOCC32XX.oem4 (.text:GPIO_setConfig)
                  2000dd4c    00000148                      : I2CCC32XX.oem4 (.text:I2CCC32XX_hwiFxn)
                  2000de94    00000148                      : PowerCC32XX.oem4 (.text:parkPins)
                  2000dfdc    0000013c     rtsv7M4_T_le_eabi.lib : _printfi.c.obj (.text:_pconv_e)
                  2000e118    00000138     drivers_cc32xx.a : PowerCC32XX.oem4 (.text:Power_sleep)
                  2000e250    00000138                      : TimerCC32XX.oem4 (.text:Timer_open)
                  2000e388    00000136     rtsv7M4_T_le_eabi.lib : fd_div_t2.asm.obj (.text)
                  2000e4be    00000122     drivers_cc32xx.a : I2C.oem4 (.text:I2C_transferTimeout)
                  2000e5e0    00000120                      : UARTCC32XX.oem4 (.text:UARTCC32XX_close)
                  2000e700    00000120     rtsv7M4_T_le_eabi.lib : _printfi.c.obj (.text:fcvt)
                  2000e820    00000100                           : memory.c.obj (.text:aligned_alloc)
                  2000e920    000000fc     drivers_cc32xx.a : I2CCC32XX.oem4 (.text:I2C_open)
                  2000ea1c    000000fc     rtsv7M4_T_le_eabi.lib : fd_mul_t2.asm.obj (.text)
                  2000eb18    000000f2     drivers_cc32xx.a : UARTCC32XX.oem4 (.text:UARTCC32XX_control)
                  2000ec0a    00000002     nortos_cc32xx.a : PowerCC32XX_nortos.oem4 (.text:PowerCC32XX_initPolicy)
                  2000ec0c    000000ec     gpiointerrupt.obj (.text:readTemp)
                  2000ecf8    000000e4     rtsv7M4_T_le_eabi.lib : memory.c.obj (.text:free)
                  2000eddc    000000d0                           : s_scalbn.c.obj (.text:scalbn)
                  2000eeac    000000ca     drivers_cc32xx.a : UARTCC32XX.oem4 (.text:UARTCC32XX_write)
                  2000ef76    00000002     nortos_cc32xx.a : SemaphoreP_nortos.oem4 (.text:SemaphoreP_destruct)
                  2000ef78    000000c0     drivers_cc32xx.a : PowerCC32XX.oem4 (.text:restoreParkedPins)
                  2000f038    000000ba                      : UARTCC32XX.oem4 (.text:UARTCC32XX_readPolling)
                  2000f0f2    00000002                      : Timer.oem4 (.text:Timer_init)
                  2000f0f4    000000b8                      : UARTCC32XX.oem4 (.text:initHw)
                  2000f1ac    000000b6                      : UARTCC32XX.oem4 (.text:readTaskCallback)
                  2000f262    000000b2                      : I2CCC32XX.oem4 (.text:I2CCC32XX_completeTransfer)
                  2000f314    000000b1     rtsv7M4_T_le_eabi.lib : _printfi.c.obj (.text:_ltostr)
                  2000f3c5    00000001     --HOLE-- [fill = 0]
                  2000f3c6    000000b0     drivers_cc32xx.a : UARTCC32XX.oem4 (.text:readTaskBlocking)
                  2000f476    000000ae                      : UARTCC32XX.oem4 (.text:readIsrTextBlocking)
                  2000f524    000000a8                      : I2CCC32XX.oem4 (.text:I2CCC32XX_primeWriteBurst)
                  2000f5cc    000000a8     driverlib.a : interrupt.obj (.text:IntEnable)
                  2000f674    000000a8     drivers_cc32xx.a : PowerCC32XX.oem4 (.text:PowerCC32XX_configureWakeup)
                  2000f71c    000000a2                      : UARTCC32XX.oem4 (.text:readIsrTextCallback)
                  2000f7be    000000a2                      : UARTCC32XX.oem4 (.text:writeData)
                  2000f860    000000a0     nortos_cc32xx.a : SemaphoreP_nortos.oem4 (.text:SemaphoreP_pend)
                  2000f900    0000009c     drivers_cc32xx.a : I2CCC32XX.oem4 (.text:I2CCC32XX_initHw)
                  2000f99c    0000009c     rtsv7M4_T_le_eabi.lib : memcpy_t2.asm.obj (.text)
                  2000fa38    00000096                           : ull_div_t2.asm.obj (.text)
                  2000face    00000002     drivers_cc32xx.a : UARTCC32XX.oem4 (.text:UARTCC32XX_init)
                  2000fad0    00000090                      : GPIOCC32XX.oem4 (.text:GPIO_init)
                  2000fb60    00000090                      : PowerCC32XX.oem4 (.text:restoreNVICRegs)
                  2000fbf0    0000008c     nortos_cc32xx.a : HwiPCC32XX_nortos.oem4 (.text:HwiP_construct)
                  2000fc7c    00000088     driverlib.a : interrupt.obj (.text:IntPendSet)
                  2000fd04    00000088                 : pin.obj (.text:PinConfigSet)
                  2000fd8c    00000086     rtsv7M4_T_le_eabi.lib : fd_cmp_t2.asm.obj (.text:__aeabi_cdcmple)
                  2000fe12    00000086                           : fd_cmp_t2.asm.obj (.text:__aeabi_cdrcmple)
                  2000fe98    00000084     drivers_cc32xx.a : PowerCC32XX.oem4 (.text:Power_init)
                  2000ff1c    00000084                      : PowerCC32XX.oem4 (.text:saveNVICRegs)
                  2000ffa0    00000080                      : GPIOCC32XX.oem4 (.text:GPIO_write)
                  20010020    00000080                      : PowerCC32XX.oem4 (.text:Power_setDependency)
                  200100a0    0000007c                      : UARTCC32XX.oem4 (.text:readIsrBinaryBlocking)
                  2001011c    0000007a                      : I2CCC32XX.oem4 (.text:I2CCC32XX_primeReadBurst)
                  20010196    0000007a     rtsv7M4_T_le_eabi.lib : fs_mul_t2.asm.obj (.text)
                  20010210    0000007a                           : memset_t2.asm.obj (.text)
                  2001028a    00000078     drivers_cc32xx.a : UARTCC32XX.oem4 (.text:readIsrBinaryCallback)
                  20010302    00000074                      : UARTCC32XX.oem4 (.text:UARTCC32XX_hwiIntFxn)
                  20010376    00000002     rtsv7M4_T_le_eabi.lib : _lock.c.obj (.text:_nop)
                  20010378    00000074     drivers_cc32xx.a : GPIOCC32XX.oem4 (.text:powerNotifyFxn)
                  200103ec    00000070     rtsv7M4_T_le_eabi.lib : memory.c.obj (.text:split)
                  2001045c    0000006e                           : _printfi.c.obj (.text:_mcpy)
                  200104ca    0000006a     drivers_cc32xx.a : I2CCC32XX.oem4 (.text:I2CSupport_primeTransfer)
                  20010534    00000068     rtsv7M4_T_le_eabi.lib : copy_decompress_lzss.c.obj (.text:decompress:lzss:__TI_decompress_lzss)
                  2001059c    00000066     drivers_cc32xx.a : UARTCC32XX.oem4 (.text:UARTCC32XX_writeCancel)
                  20010602    00000002     nortos_cc32xx.a : startup_cc32xx_ccs.oem4 (.text:busFaultHandler)
                  20010604    00000064     drivers_cc32xx.a : GPIOCC32XX.oem4 (.text:GPIO_setInterruptConfig)
                  20010668    00000064                      : PowerCC32XX.oem4 (.text:PowerCC32XX_setParkState)
                  200106cc    00000062                      : UARTCC32XX.oem4 (.text:UARTCC32XX_writePolling)
                  2001072e    00000002     nortos_cc32xx.a : SemaphoreP_nortos.oem4 (.text:clkFxn)
                  20010730    00000060     drivers_cc32xx.a : GPIOCC32XX.oem4 (.text:GPIO_hwiIntFxn)
                  20010790    00000060     driverlib.a : prcm.obj (.text:PRCMSysResetCauseGet)
                  200107f0    0000005c     rtsv7M4_T_le_eabi.lib : s_frexp.c.obj (.text:frexp)
                  2001084c    0000005c     nortos_cc32xx.a : ClockPSysTick_nortos.oem4 (.text:sysTickInit)
                  200108a8    00000058     driverlib.a : prcm.obj (.text:PRCMPeripheralReset)
                  20010900    00000058     drivers_cc32xx.a : PowerCC32XX.oem4 (.text:Power_releaseDependency)
                  20010958    00000056     rtsv7M4_T_le_eabi.lib : _printfi.c.obj (.text:_pconv_f)
                  200109ae    00000054                           : _ltoa.c.obj (.text:__TI_ltoa)
                  20010a02    00000002     nortos_cc32xx.a : startup_cc32xx_ccs.oem4 (.text:defaultHandler)
                  20010a04    00000054     gpiointerrupt.obj (.text:initGPIO)
                  20010a58    00000054     drivers_cc32xx.a : UARTCC32XX.oem4 (.text:ringBufGet)
                  20010aac    00000052                      : PowerCC32XX_asm.oem4 (.text:PowerCC32XX_resumeLPDS)
                  20010afe    00000052     rtsv7M4_T_le_eabi.lib : _printfi.c.obj (.text:_ecpy)
                  20010b50    00000052     drivers_cc32xx.a : TimerCC32XX.oem4 (.text:initHw)
                  20010ba2    00000002     nortos_cc32xx.a : startup_cc32xx_ccs.oem4 (.text:faultISR)
                  20010ba4    00000050                     : ClockPSysTick_nortos.oem4 (.text:ClockP_sysTickHandler)
                  20010bf4    00000050                     : SemaphoreP_nortos.oem4 (.text:SemaphoreP_construct)
                  20010c44    00000050     drivers_cc32xx.a : TimerCC32XX.oem4 (.text:TimerCC32XX_allocateTimerResource)
                  20010c94    0000004c                      : I2CCC32XX.oem4 (.text:I2CCC32XX_readRecieveFifo)
                  20010ce0    0000004c                      : PowerCC32XX.oem4 (.text:PowerCC32XX_parkPin)
                  20010d2c    0000004c     rtsv7M4_T_le_eabi.lib : atoi.c.obj (.text:atoi)
                  20010d78    0000004c     gpiointerrupt.obj (.text:initTimer)
                  20010dc4    0000004c     drivers_cc32xx.a : PowerCC32XX.oem4 (.text:restorePeriphClocks)
                  20010e10    0000004c     rtsv7M4_T_le_eabi.lib : snprintf.c.obj (.text:snprintf)
                  20010e5c    00000048     driverlib.a : flash.obj (.text:FlashDisable)
                  20010ea4    00000048     drivers_cc32xx.a : GPIOCC32XX.oem4 (.text:GPIO_disableInt)
                  20010eec    00000048                      : GPIOCC32XX.oem4 (.text:GPIO_enableInt)
                  20010f34    00000048     driverlib.a : prcm.obj (.text:PRCMLPDSEnter)
                  20010f7c    00000048                 : prcm.obj (.text:PRCMPeripheralClkEnable)
                  20010fc4    00000048     drivers_cc32xx.a : PowerCC32XX.oem4 (.text:Power_releaseConstraint)
                  2001100c    00000048     rtsv7M4_T_le_eabi.lib : fd_toi_t2.asm.obj (.text)
                  20011054    00000046     drivers_cc32xx.a : RingBuf.oem4 (.text:RingBuf_put)
                  2001109a    00000046                      : TimerCC32XX.oem4 (.text:getPrescaler)
                  200110e0    00000044     nortos_cc32xx.a : ClockPSysTick_nortos.oem4 (.text:ClockP_stop)
                  20011124    00000044     driverlib.a : prcm.obj (.text:PRCMLPDSRestoreInfoSet)
                  20011168    00000044     drivers_cc32xx.a : PowerCC32XX_asm.oem4 (.text:PowerCC32XX_enterLPDS)
                  200111ac    00000044     nortos_cc32xx.a : SemaphoreP_nortos.oem4 (.text:SemaphoreP_post)
                  200111f0    00000044                     : SwiP_nortos.oem4 (.text:SwiP_restore)
                  20011234    00000044     drivers_cc32xx.a : Timer.oem4 (.text:Timer_start)
                  20011278    00000044                      : UART.oem4 (.text:UART_init)
                  200112bc    00000044     rtsv7M4_T_le_eabi.lib : autoinit.c.obj (.text:__TI_auto_init_nobinit_nopinit:__TI_auto_init_nobinit_nopinit)
                  20011300    00000040     nortos_cc32xx.a : ClockPSysTick_nortos.oem4 (.text:ClockP_construct)
                  20011340    00000040     driverlib.a : pin.obj (.text:PinModeSet)
                  20011380    00000040     drivers_cc32xx.a : RingBuf.oem4 (.text:RingBuf_get)
                  200113c0    00000040                      : TimerCC32XX.oem4 (.text:TimerSupport_timerEnable)
                  20011400    00000040                      : TimerCC32XX.oem4 (.text:Timer_close)
                  20011440    00000040                      : UARTCC32XX.oem4 (.text:UARTCC32XX_read)
                  20011480    00000040                      : UART.oem4 (.text:UART_open)
                  200114c0    0000003e     rtsv7M4_T_le_eabi.lib : _printfi.c.obj (.text:_fcpy)
                  200114fe    00000002     nortos_cc32xx.a : startup_cc32xx_ccs.oem4 (.text:nmiISR)
                  20011500    0000003c                     : ClockPSysTick_nortos.oem4 (.text:ClockP_destruct)
                  2001153c    0000003c     drivers_cc32xx.a : PowerCC32XX.oem4 (.text:Power_setConstraint)
                  20011578    0000003c     gpiointerrupt.obj (.text:initUART)
                  200115b4    0000003a     nortos_cc32xx.a : PowerCC32XX_nortos.oem4 (.text:getCountsRTC)
                  200115ee    00000002     rtsv7M4_T_le_eabi.lib : div0.asm.obj (.text)
                  200115f0    00000038     driverlib.a : prcm.obj (.text:PRCMLPDSEnterKeepDebugIf)
                  20011628    00000038     nortos_cc32xx.a : ClockPSysTick_nortos.oem4 (.text:addToList)
                  20011660    00000038                     : startup_cc32xx_ccs.oem4 (.text:initVectors)
                  20011698    00000038     drivers_cc32xx.a : PowerCC32XX.oem4 (.text:notify)
                  200116d0    00000038     rtsv7M4_T_le_eabi.lib : fs_toi_t2.asm.obj (.text)
                  20011708    00000038                           : i_tofs_t2.asm.obj (.text)
                  20011740    00000036     driverlib.a : timer.obj (.text:TimerControlStall)
                  20011776    00000036     drivers_cc32xx.a : Timer.oem4 (.text:Timer_stop)
                  200117ac    00000036                      : UARTCC32XX.oem4 (.text:UARTCC32XX_readCancel)
                  200117e2    00000002     --HOLE-- [fill = 0]
                  200117e4    00000034     nortos_cc32xx.a : ClockPSysTick_nortos.oem4 (.text:ClockP_getTicksUntilInterrupt)
                  20011818    00000034                     : ClockPSysTick_nortos.oem4 (.text:ClockP_startup)
                  2001184c    00000034     driverlib.a : pin.obj (.text:PinModeGet)
                  20011880    00000034     drivers_cc32xx.a : PowerCC32XX.oem4 (.text:PowerCC32XX_restoreParkState)
                  200118b4    00000034                      : TimerCC32XX.oem4 (.text:TimerCC32XX_freeTimerResource)
                  200118e8    00000034                      : TimerCC32XX.oem4 (.text:TimerCC32XX_hwiIntFunction)
                  2001191c    00000034                      : TimerCC32XX.oem4 (.text:getPowerMgrId)
                  20011950    00000030     nortos_cc32xx.a : ClockPSysTick_nortos.oem4 (.text:ClockP_start)
                  20011980    00000030     drivers_cc32xx.a : PowerCC32XX.oem4 (.text:PowerCC32XX_restoreParkedPin)
                  200119b0    00000030     rtsv7M4_T_le_eabi.lib : snprintf.c.obj (.text:_outs)
                  200119e0    0000002e                           : i_tofd_t2.asm.obj (.text)
                  20011a0e    00000002     --HOLE-- [fill = 0]
                  20011a10    0000002c     drivers_cc32xx.a : PowerCC32XX.oem4 (.text:PowerCC32XX_getParkState)
                  20011a3c    0000002a     nortos_cc32xx.a : HwiPCC32XX_nortos.oem4 (.text:HwiP_create)
                  20011a66    0000002a     driverlib.a : timer.obj (.text:TimerLoadSet)
                  20011a90    0000002a                 : timer.obj (.text:TimerPrescaleSet)
                  20011aba    00000028                 : i2c.obj (.text:I2CFIFODataPutNonBlocking)
                  20011ae2    00000002     --HOLE-- [fill = 0]
                  20011ae4    00000028                 : prcm.obj (.text:PRCMPeripheralClkDisable)
                  20011b0c    00000028     drivers_cc32xx.a : PowerCC32XX.oem4 (.text:Power_registerNotify)
                  20011b34    00000028     rtsv7M4_T_le_eabi.lib : memory.c.obj (.text:free_list_insert)
                  20011b5c    00000026     driverlib.a : i2c.obj (.text:I2CFIFODataGetNonBlocking)
                  20011b82    00000026     drivers_cc32xx.a : I2C.oem4 (.text:I2C_cancel)
                  20011ba8    00000026                      : List.oem4 (.text:List_put)
                  20011bce    00000026                      : List.oem4 (.text:List_remove)
                  20011bf4    00000024     nortos_cc32xx.a : HwiPCC32XX_nortos.oem4 (.text:HwiP_dispatch)
                  20011c18    00000024     drivers_cc32xx.a : PowerCC32XX.oem4 (.text:PowerCC32XX_reset)
                  20011c3c    00000024                      : TimerCC32XX.oem4 (.text:TimerSupport_timerDisable)
                  20011c60    00000024     rtsv7M4_T_le_eabi.lib : boot_cortex_m.c.obj (.text:_c_int00_noargs:_c_int00_noargs)
                  20011c84    00000022     driverlib.a : i2c.obj (.text:I2CMasterSlaveAddrSet)
                  20011ca6    00000020     nortos_cc32xx.a : HwiPCC32XX_nortos.oem4 (.text:HwiP_destruct)
                  20011cc6    00000002     --HOLE-- [fill = 0]
                  20011cc8    00000020     drivers_cc32xx.a : PowerCC32XX.oem4 (.text:Power_unregisterNotify)
                  20011ce8    00000020                      : RingBuf.oem4 (.text:RingBuf_peek)
                  20011d08    00000020                      : UARTCC32XX.oem4 (.text:getPowerMgrId)
                  20011d28    0000001e     driverlib.a : i2c.obj (.text:I2CMasterIntStatusEx)
                  20011d46    0000001e     nortos_cc32xx.a : SemaphoreP_nortos.oem4 (.text:SemaphoreP_constructBinary)
                  20011d64    0000001e     driverlib.a : timer.obj (.text:TimerDisable)
                  20011d82    0000001e                 : timer.obj (.text:TimerEnable)
                  20011da0    0000001c                 : pin.obj (.text:PinToPadGet)
                  20011dbc    0000001c     nortos_cc32xx.a : SwiP_nortos.oem4 (.text:SwiP_disable)
                  20011dd8    0000001c     rtsv7M4_T_le_eabi.lib : memory.c.obj (.text:free_list_remove)
                  20011df4    0000001c                           : memccpy.c.obj (.text:memccpy)
                  20011e10    0000001a     nortos_cc32xx.a : ClockPSysTick_nortos.oem4 (.text:ClockP_create)
                  20011e2a    0000001a                     : SemaphoreP_nortos.oem4 (.text:SemaphoreP_createBinary)
                  20011e44    0000001a                     : startup_cc32xx_ccs.oem4 (.text:resetISR)
                  20011e5e    00000002     --HOLE-- [fill = 0]
                  20011e60    00000018     drivers_cc32xx.a : GPIO.oem4 (.text:GPIO_setCallback)
                  20011e78    00000018     driverlib.a : i2c.obj (.text:I2CMasterBusBusy)
                  20011e90    00000018                 : i2c.obj (.text:I2CMasterIntDisableEx)
                  20011ea8    00000018                 : i2c.obj (.text:I2CMasterIntEnableEx)
                  20011ec0    00000018                 : i2c.obj (.text:I2CRxFIFOFlush)
                  20011ed8    00000018                 : i2c.obj (.text:I2CTxFIFOFlush)
                  20011ef0    00000018     drivers_cc32xx.a : PowerCC32XX.oem4 (.text:Power_getTransitionLatency)
                  20011f08    00000018                      : PowerCC32XX.oem4 (.text:Power_idleFunc)
                  20011f20    00000018     driverlib.a : timer.obj (.text:TimerIntDisable)
                  20011f38    00000018                 : timer.obj (.text:TimerIntEnable)
                  20011f50    00000018                 : uart.obj (.text:UARTBusy)
                  20011f68    00000018                 : uart.obj (.text:UARTIntEnable)
                  20011f80    00000018     drivers_cc32xx.a : UART.oem4 (.text:UART_Params_init)
                  20011f98    00000018     rtsv7M4_T_le_eabi.lib : snprintf.c.obj (.text:_outc)
                  20011fb0    00000018                           : ll_mul_t2.asm.obj (.text)
                  20011fc8    00000016     driverlib.a : i2c.obj (.text:I2CMasterBurstLengthSet)
                  20011fde    00000016                 : prcm.obj (.text:PRCMHIBRegRead)
                  20011ff4    00000016                 : prcm.obj (.text:PRCMHIBRegWrite)
                  2001200a    00000016     nortos_cc32xx.a : SemaphoreP_nortos.oem4 (.text:SemaphoreP_create)
                  20012020    00000016     rtsv7M4_T_le_eabi.lib : strchr.c.obj (.text:strchr)
                  20012036    00000014     ti_drivers_config.obj (.text:Board_init)
                  2001204a    00000014     driverlib.a : cpu.obj (.text:CPUcpsid)
                  2001205e    00000002     --HOLE-- [fill = 0]
                  20012060    00000014     nortos_cc32xx.a : HwiPCC32XX_nortos.oem4 (.text:HwiP_inISR)
                  20012074    00000014     drivers_cc32xx.a : I2CCC32XX.oem4 (.text:I2CSupport_masterFinish)
                  20012088    00000014                      : I2C.oem4 (.text:I2C_transfer)
                  2001209c    00000014     driverlib.a : interrupt.obj (.text:IntVTableBaseSet)
                  200120b0    00000014     drivers_cc32xx.a : PowerCC32XX.oem4 (.text:Power_disablePolicy)
                  200120c4    00000014                      : PowerCC32XX.oem4 (.text:Power_getDependencyCount)
                  200120d8    00000014                      : UARTCC32XX.oem4 (.text:releasePowerConstraint)
                  200120ec    00000014     rtsv7M4_T_le_eabi.lib : strlen.c.obj (.text:strlen)
                  20012100    00000012     nortos_cc32xx.a : HwiPCC32XX_nortos.oem4 (.text:HwiP_Params_init)
                  20012112    00000012     driverlib.a : i2c.obj (.text:I2CMasterIntClearEx)
                  20012124    00000012     drivers_cc32xx.a : RingBuf.oem4 (.text:RingBuf_construct)
                  20012136    00000012     driverlib.a : timer.obj (.text:TimerIntClear)
                  20012148    00000012     main_nortos.obj (.text:main)
                  2001215a    00000012     rtsv7M4_T_le_eabi.lib : wcslen.c.obj (.text:wcslen)
                  2001216c    00000010     nortos_cc32xx.a : ClockPSysTick_nortos.oem4 (.text:ClockP_add)
                  2001217c    00000010                     : ClockPSysTick_nortos.oem4 (.text:ClockP_delete)
                  2001218c    00000010                     : ClockPSysTick_nortos.oem4 (.text:ClockP_getCpuFreq)
                  2001219c    00000010                     : ClockPSysTick_nortos.oem4 (.text:ClockP_getSystemTicks)
                  200121ac    00000010                     : ClockPSysTick_nortos.oem4 (.text:ClockP_setTicks)
                  200121bc    00000010                     : HwiPCC32XX_nortos.oem4 (.text:HwiP_delete)
                  200121cc    00000010                     : HwiPCC32XX_nortos.oem4 (.text:HwiP_restore)
                  200121dc    00000010     driverlib.a : i2c.obj (.text:I2CFIFOStatus)
                  200121ec    00000010     drivers_cc32xx.a : I2C.oem4 (.text:I2C_Params_init)
                  200121fc    00000010                      : PowerCC32XX.oem4 (.text:Power_enablePolicy)
                  2001220c    00000010     nortos_cc32xx.a : SemaphoreP_nortos.oem4 (.text:SemaphoreP_Params_init)
                  2001221c    00000010     drivers_cc32xx.a : Timer.oem4 (.text:Timer_Params_init)
                  2001222c    00000010                      : UARTCC32XX.oem4 (.text:readBlockingTimeout)
                  2001223c    0000000e     nortos_cc32xx.a : HwiPCC32XX_nortos.oem4 (.text:HwiP_clearInterrupt)
                  2001224a    0000000e                     : HwiPCC32XX_nortos.oem4 (.text:HwiP_disable)
                  20012258    0000000e                     : HwiPCC32XX_nortos.oem4 (.text:HwiP_disableInterrupt)
                  20012266    0000000e                     : HwiPCC32XX_nortos.oem4 (.text:HwiP_enable)
                  20012274    0000000e                     : HwiPCC32XX_nortos.oem4 (.text:HwiP_enableInterrupt)
                  20012282    0000000e     drivers_cc32xx.a : I2CCC32XX.oem4 (.text:I2CCC32XX_updateReg)
                  20012290    0000000e                      : RingBuf.oem4 (.text:RingBuf_isFull)
                  2001229e    0000000e     rtsv7M4_T_le_eabi.lib : copy_decompress_none.c.obj (.text:decompress:none:__TI_decompress_none)
                  200122ac    0000000c     drivers_cc32xx.a : I2CCC32XX.oem4 (.text:I2CCC32XX_postNotify)
                  200122b8    0000000c                      : PowerCC32XX.oem4 (.text:Power_getConstraintMask)
                  200122c4    0000000c     rtsv7M4_T_le_eabi.lib : s_copysign.c.obj (.text:copysign)
                  200122d0    0000000c                           : copy_zero_init.c.obj (.text:decompress:ZI:__TI_zero_init)
                  200122dc    0000000c     gpiointerrupt.obj (.text:gpioButtonFxn0)
                  200122e8    0000000c     gpiointerrupt.obj (.text:gpioButtonFxn1)
                  200122f4    0000000c     drivers_cc32xx.a : TimerCC32XX.oem4 (.text:postNotifyFxn)
                  20012300    0000000c                      : UARTCC32XX.oem4 (.text:postNotifyFxn)
                  2001230c    0000000c     gpiointerrupt.obj (.text:timerCallback)
                  20012318    0000000a     nortos_cc32xx.a : ClockPSysTick_nortos.oem4 (.text:ClockP_Params_init)
                  20012322    0000000a                     : ClockPSysTick_nortos.oem4 (.text:ClockP_isActive)
                  2001232c    0000000a     driverlib.a : interrupt.obj (.text:IntMasterDisable)
                  20012336    0000000a     drivers_cc32xx.a : UART.oem4 (.text:UART_write)
                  20012340    00000008                      : I2CCC32XX.oem4 (.text:I2CCC32XX_blockingCallback)
                  20012348    00000008     rtsv7M4_T_le_eabi.lib : errno.c.obj (.text:__aeabi_errno_addr)
                  20012350    00000008                           : memory.c.obj (.text:malloc)
                  20012358    00000008     drivers_cc32xx.a : UARTCC32XX.oem4 (.text:readSemCallback)
                  20012360    00000008                      : UARTCC32XX.oem4 (.text:writeSemCallback)
                  20012368    00000006                      : I2CCC32XX.oem4 (.text:I2CSupport_powerRelConstraint)
                  2001236e    00000006                      : I2CCC32XX.oem4 (.text:I2CSupport_powerSetConstraint)
                  20012374    00000006     driverlib.a : utils.obj (.text:UtilsDelay)
                  2001237a    00000004     nortos_cc32xx.a : ClockPSysTick_nortos.oem4 (.text:ClockP_setTimeout)
                  2001237e    00000004                     : HwiPCC32XX_nortos.oem4 (.text:HwiP_post)
                  20012382    00000004                     : SemaphoreP_nortos.oem4 (.text:SemaphoreP_delete)
                  20012386    00000004     rtsv7M4_T_le_eabi.lib : pre_init.c.obj (.text:_system_pre_init)
                  2001238a    00000004                           : exit.c.obj (.text:abort:abort)

.const     0    20012ed4    000004e0     
                  20012ed4    00000101     rtsv7M4_T_le_eabi.lib : ctype.c.obj (.const:.string:_ctypes_)
                  20012fd5    00000003     --HOLE-- [fill = 0]
                  20012fd8    00000100     driverlib.a : pin.obj (.const:g_ulPinToPadMap)
                  200130d8    000000a8                 : prcm.obj (.const:PRCM_PeriphRegsList)
                  20013180    00000044     ti_drivers_config.obj (.const:PowerCC32XX_config)
                  200131c4    00000028     drivers_cc32xx.a : UARTCC32XX.oem4 (.const:UARTCC32XX_fxnTable)
                  200131ec    00000028                      : GPIOCC32XX.oem4 (.const:portConfigs)
                  20013214    00000024                      : UART.oem4 (.const:UART_defaultParams)
                  20013238    00000024     ti_drivers_config.obj (.const:uartCC32XXHWAttrs0)
                  2001325c    00000021     drivers_cc32xx.a : GPIOCC32XX.oem4 (.const:.string:pinTable)
                  2001327d    00000003     --HOLE-- [fill = 0]
                  20013280    00000020                      : UARTCC32XX.oem4 (.const:staticFxnTable)
                  200132a0    00000018     driverlib.a : interrupt.obj (.const:g_pulEnRegs)
                  200132b8    00000018                 : interrupt.obj (.const:g_pulPendRegs)
                  200132d0    00000018     gpiointerrupt.obj (.const:sensors)
                  200132e8    00000014     ti_drivers_config.obj (.const:i2cCC32XXHWAttrs)
                  200132fc    00000014     drivers_cc32xx.a : UARTCC32XX.oem4 (.const:parityType)
                  20013310    00000010     ti_drivers_config.obj (.const:GPIO_config)
                  20013320    00000010     drivers_cc32xx.a : I2C.oem4 (.const:I2C_defaultParams)
                  20013330    00000010                      : I2CCC32XX.oem4 (.const:I2C_defaultParams)
                  20013340    00000010                      : UARTCC32XX.oem4 (.const:dataLength)
                  20013350    00000010     ti_drivers_config.obj (.const:timerCC32XXHWAttrs)
                  20013360    0000000c     gpiointerrupt.obj (.const:.string)
                  2001336c    0000000c     ti_drivers_config.obj (.const:UART_config)
                  20013378    0000000c     drivers_cc32xx.a : Timer.oem4 (.const:defaultParams)
                  20013384    0000000c                      : TimerCC32XX.oem4 (.const:defaultParams)
                  20013390    0000000b     ti_drivers_config.obj (.const)
                  2001339b    00000001     --HOLE-- [fill = 0]
                  2001339c    00000008     ti_drivers_config.obj (.const:I2C_config)
                  200133a4    00000008     ti_drivers_config.obj (.const:Timer_config)
                  200133ac    00000008     drivers_cc32xx.a : UARTCC32XX.oem4 (.const:stopBits)

.cinit     0    200133b8    00000100     
                  200133b8    000000d9     (.cinit..data.load) [load image, compression = lzss]
                  20013491    00000003     --HOLE-- [fill = 0]
                  20013494    0000000c     (__TI_handler_table)
                  200134a0    00000008     (.cinit..bss.load) [load image, compression = zero_init]
                  200134a8    00000010     (__TI_cinit_table)

.init_array 
*          0    20004000    00000000     UNINITIALIZED

.ramVecs   0    20000000    0000030c     NOLOAD SECTION
                  20000000    0000030c     nortos_cc32xx.a : startup_cc32xx_ccs.oem4 (.ramVecs)

.stack     0    20003000    00001000     UNINITIALIZED
                  20003000    00000004     rtsv7M4_T_le_eabi.lib : boot_cortex_m.c.obj (.stack)
                  20003004    00000ffc     --HOLE--

.resetVecs 
*          0    20004000    00000040     
                  20004000    00000040     nortos_cc32xx.a : startup_cc32xx_ccs.oem4 (.resetVecs:retain)

.sysmem    0    20004040    00008000     UNINITIALIZED
                  20004040    00000010     rtsv7M4_T_le_eabi.lib : memory.c.obj (.sysmem)
                  20004050    00007ff0     --HOLE--

.data      0    20012390    00000638     UNINITIALIZED
                  20012390    0000030c     nortos_cc32xx.a : HwiPCC32XX_nortos.oem4 (.data:HwiP_dispatchTable)
                  2001269c    0000016c     drivers_cc32xx.a : PowerCC32XX.oem4 (.data:PowerCC32XX_module)
                  20012808    000000f8     ti_drivers_config.obj (.data:parkInfo)
                  20012900    00000084     ti_drivers_config.obj (.data:gpioPinConfigs)
                  20012984    00000015     gpiointerrupt.obj (.data)
                  20012999    00000003     nortos_cc32xx.a : SemaphoreP_nortos.oem4 (.data)
                  2001299c    00000008     rtsv7M4_T_le_eabi.lib : _lock.c.obj (.data:$O1$$)
                  200129a4    00000008                           : memory.c.obj (.data:$O1$$)
                  200129ac    00000008     nortos_cc32xx.a : SemaphoreP_nortos.oem4 (.data:SemaphoreP_defaultParams)
                  200129b4    00000008                     : HwiPCC32XX_nortos.oem4 (.data)
                  200129bc    00000005                     : ClockPSysTick_nortos.oem4 (.data)
                  200129c1    00000002     drivers_cc32xx.a : GPIOCC32XX.oem4 (.data)
                  200129c3    00000001                      : UART.oem4 (.data)
                  200129c4    00000004     rtsv7M4_T_le_eabi.lib : errno.c.obj (.data)

.bss       0    200129c8    0000050c     UNINITIALIZED
                  200129c8    0000012c     (.common:PowerCC32XX_contextSave)
                  20012af4    000000fc     (.common:i2cCC32XXObjects)
                  20012bf0    00000084     (.common:gpioCallbackFunctions)
                  20012c74    00000084     (.common:gpioUserArgs)
                  20012cf8    00000084     (.common:timerCC32XXObjects)
                  20012d7c    00000084     (.common:uartCC32XXObjects0)
                  20012e00    00000074     gpiointerrupt.obj (.bss:$O1$$)
                  20012e74    00000020     ti_drivers_config.obj (.bss:uartCC32XXRingBuffer0)
                  20012e94    00000014     drivers_cc32xx.a : GPIOCC32XX.oem4 (.bss:powerNotifyObj)
                  20012ea8    00000010     (.common:ClockP_ctrl)
                  20012eb8    0000000d     nortos_cc32xx.a : SwiP_nortos.oem4 (.bss)
                  20012ec5    00000003     --HOLE--
                  20012ec8    00000004     drivers_cc32xx.a : GPIOCC32XX.oem4 (.bss)
                  20012ecc    00000004     nortos_cc32xx.a : ClockPSysTick_nortos.oem4 (.bss)
                  20012ed0    00000004     drivers_cc32xx.a : TimerCC32XX.oem4 (.bss:timerState)

.log_data 
*          0    90000000    00000000     COPY SECTION

__llvm_prf_cnts 
*          0    20004000    00000000     UNINITIALIZED

MODULE SUMMARY

       Module                       code    ro data   rw data
       ------                       ----    -------   -------
    .\
       gpiointerrupt.obj            1304    36        137    
       main_nortos.obj              18      0         0      
    +--+----------------------------+-------+---------+---------+
       Total:                       1322    36        137    
                                                             
    .\syscfg\
       ti_drivers_config.obj        22      195       1192   
    +--+----------------------------+-------+---------+---------+
       Total:                       22      195       1192   
                                                             
    C:/ti/simplelink_cc32xx_sdk_5_30_00_08/kernel/nortos/lib/ccs/m4/nortos_cc32xx.a
       HwiPCC32XX_nortos.oem4       394     0         788    
       startup_cc32xx_ccs.oem4      90      64        780    
       ClockPSysTick_nortos.oem4    702     0         25     
       PowerCC32XX_nortos.oem4      472     0         0      
       SemaphoreP_nortos.oem4       410     0         11     
       SwiP_nortos.oem4             96      0         13     
    +--+----------------------------+-------+---------+---------+
       Total:                       2164    64        1617   
                                                             
    C:/ti/simplelink_cc32xx_sdk_5_30_00_08/source/ti/devices/cc32xx/driverlib/ccs/Release/driverlib.a
       prcm.obj                     1604    168       0      
       pin.obj                      280     256       0      
       interrupt.obj                334     48        0      
       i2c.obj                      318     0         0      
       timer.obj                    264     0         0      
       flash.obj                    72      0         0      
       uart.obj                     48      0         0      
       cpu.obj                      20      0         0      
       utils.obj                    6       0         0      
    +--+----------------------------+-------+---------+---------+
       Total:                       2946    472       0      
                                                             
    C:/ti/simplelink_cc32xx_sdk_5_30_00_08/source/ti/drivers/lib/ccs/m4/drivers_cc32xx.a
       UARTCC32XX.oem4              3466    116       0      
       PowerCC32XX.oem4             2432    0         664    
       I2CCC32XX.oem4               1452    16        0      
       GPIOCC32XX.oem4              1068    73        26     
       TimerCC32XX.oem4             876     12        4      
       I2C.oem4                     366     16        0      
       UART.oem4                    166     36        1      
       RingBuf.oem4                 198     0         0      
       Timer.oem4                   140     12        0      
       PowerCC32XX_asm.oem4         150     0         0      
       List.oem4                    76      0         0      
       GPIO.oem4                    24      0         0      
    +--+----------------------------+-------+---------+---------+
       Total:                       10414   281       695    
                                                             
    C:\ti\ccs1040\ccs\tools\compiler\ti-cgt-arm_20.2.5.LTS\lib\rtsv7M4_T_le_eabi.lib
       _printfi.c.obj               4835    0         0      
       memory.c.obj                 672     0         8      
       fd_add_t2.asm.obj            438     0         0      
       fd_div_t2.asm.obj            310     0         0      
       fd_cmp_t2.asm.obj            268     0         0      
       ctype.c.obj                  0       257       0      
       fd_mul_t2.asm.obj            252     0         0      
       s_scalbn.c.obj               208     0         0      
       memcpy_t2.asm.obj            156     0         0      
       ull_div_t2.asm.obj           150     0         0      
       snprintf.c.obj               148     0         0      
       fs_mul_t2.asm.obj            122     0         0      
       memset_t2.asm.obj            122     0         0      
       copy_decompress_lzss.c.obj   104     0         0      
       s_frexp.c.obj                92      0         0      
       _ltoa.c.obj                  84      0         0      
       atoi.c.obj                   76      0         0      
       fd_toi_t2.asm.obj            72      0         0      
       autoinit.c.obj               68      0         0      
       fs_toi_t2.asm.obj            56      0         0      
       i_tofs_t2.asm.obj            56      0         0      
       i_tofd_t2.asm.obj            46      0         0      
       boot_cortex_m.c.obj          36      0         0      
       memccpy.c.obj                28      0         0      
       ll_mul_t2.asm.obj            24      0         0      
       strchr.c.obj                 22      0         0      
       strlen.c.obj                 20      0         0      
       wcslen.c.obj                 18      0         0      
       copy_decompress_none.c.obj   14      0         0      
       copy_zero_init.c.obj         12      0         0      
       errno.c.obj                  8       0         4      
       s_copysign.c.obj             12      0         0      
       _lock.c.obj                  2       0         8      
       exit.c.obj                   4       0         0      
       pre_init.c.obj               4       0         0      
       div0.asm.obj                 2       0         0      
    +--+----------------------------+-------+---------+---------+
       Total:                       8541    257       20     
                                                             
       Heap:                        0       0         32768  
       Stack:                       0       0         4096   
       Linker Generated:            0       253       0      
    +--+----------------------------+-------+---------+---------+
       Grand Total:                 25409   1558      40525  


LINKER GENERATED COPY TABLES

__TI_cinit_table @ 200134a8 records: 2, size/record: 8, table size: 16
	.data: load addr=200133b8, load size=000000d9 bytes, run addr=20012390, run size=00000638 bytes, compression=lzss
	.bss: load addr=200134a0, load size=00000008 bytes, run addr=200129c8, run size=0000050c bytes, compression=zero_init


LINKER GENERATED HANDLER TABLE

__TI_handler_table @ 20013494 records: 3, size/record: 4, table size: 12
	index: 0, handler: __TI_decompress_lzss
	index: 1, handler: __TI_decompress_none
	index: 2, handler: __TI_zero_init


GLOBAL SYMBOLS: SORTED ALPHABETICALLY BY Name 

address   name                             
-------   ----                             
20012037  Board_init                       
2000ca8f  Board_initHook                   
20012991  ButtonDownPushed                 
20012990  ButtonUpPushed                   
2001238b  C$$EXIT                          
20013392  CONFIG_GPIO_BUTTON_0_CONST       
20013393  CONFIG_GPIO_BUTTON_1_CONST       
20013394  CONFIG_GPIO_LED_0_CONST          
20013395  CONFIG_I2C_0_CONST               
20013397  CONFIG_TIMER_0_CONST             
20013399  CONFIG_UART_0_CONST              
2001204b  CPUcpsid                         
20012319  ClockP_Params_init               
2001216d  ClockP_add                       
20011301  ClockP_construct                 
20011e11  ClockP_create                    
20012ea8  ClockP_ctrl                      
2001217d  ClockP_delete                    
20011501  ClockP_destruct                  
20010ba5  ClockP_doTick                    
2001218d  ClockP_getCpuFreq                
2001219d  ClockP_getSystemTicks            
200117e5  ClockP_getTicksUntilInterrupt    
20012323  ClockP_isActive                  
200121ad  ClockP_setTicks                  
2001237b  ClockP_setTimeout                
20011951  ClockP_start                     
20011819  ClockP_startup                   
200110e1  ClockP_stop                      
20010ba5  ClockP_sysTickHandler            
200129bc  ClockP_tickPeriod                
20010e5d  FlashDisable                     
20013310  GPIO_config                      
20010ea5  GPIO_disableInt                  
20010eed  GPIO_enableInt                   
20010731  GPIO_hwiIntFxn                   
2000fad1  GPIO_init                        
20013390  GPIO_pinLowerBound               
20013391  GPIO_pinUpperBound               
20011e61  GPIO_setCallback                 
2000dbf9  GPIO_setConfig                   
20010605  GPIO_setInterruptConfig          
2000ffa1  GPIO_write                       
20012101  HwiP_Params_init                 
2001223d  HwiP_clearInterrupt              
2000fbf1  HwiP_construct                   
20011a3d  HwiP_create                      
200121bd  HwiP_delete                      
20011ca7  HwiP_destruct                    
2001224b  HwiP_disable                     
20012259  HwiP_disableInterrupt            
20011bf5  HwiP_dispatch                    
20012267  HwiP_enable                      
20012275  HwiP_enableInterrupt             
20012061  HwiP_inISR                       
200129b4  HwiP_key                         
2001237f  HwiP_post                        
200121cd  HwiP_restore                     
200129b8  HwiP_swiPIntNum                  
20011b5d  I2CFIFODataGetNonBlocking        
20011abb  I2CFIFODataPutNonBlocking        
200121dd  I2CFIFOStatus                    
20011fc9  I2CMasterBurstLengthSet          
20011e79  I2CMasterBusBusy                 
20012113  I2CMasterIntClearEx              
20011e91  I2CMasterIntDisableEx            
20011ea9  I2CMasterIntEnableEx             
20011d29  I2CMasterIntStatusEx             
20011c85  I2CMasterSlaveAddrSet            
20011ec1  I2CRxFIFOFlush                   
20012075  I2CSupport_masterFinish          
20012369  I2CSupport_powerRelConstraint    
2001236f  I2CSupport_powerSetConstraint    
200104cb  I2CSupport_primeTransfer         
20011ed9  I2CTxFIFOFlush                   
200121ed  I2C_Params_init                  
20011b83  I2C_cancel                       
2001339c  I2C_config                       
20013396  I2C_count                        
20013320  I2C_defaultParams                
2000d8f3  I2C_init                         
2000e921  I2C_open                         
20012089  I2C_transfer                     
2000e4bf  I2C_transferTimeout              
UNDEFED   ITM_flush                        
UNDEFED   ITM_restore                      
2000f5cd  IntEnable                        
2001232d  IntMasterDisable                 
2000fc7d  IntPendSet                       
2001209d  IntVTableBaseSet                 
20011ba9  List_put                         
20011bcf  List_remove                      
20012267  NoRTOS_start                     
2000ca91  PRCMCC3200MCUInit                
20011fdf  PRCMHIBRegRead                   
20011ff5  PRCMHIBRegWrite                  
20010f35  PRCMLPDSEnter                    
200115f1  PRCMLPDSEnterKeepDebugIf         
20011125  PRCMLPDSRestoreInfoSet           
20011ae5  PRCMPeripheralClkDisable         
20010f7d  PRCMPeripheralClkEnable          
200108a9  PRCMPeripheralReset              
20010791  PRCMSysResetCauseGet             
2000fd05  PinConfigSet                     
2001184d  PinModeGet                       
20011341  PinModeSet                       
20011da1  PinToPadGet                      
20013180  PowerCC32XX_config               
2000f675  PowerCC32XX_configureWakeup      
200129c8  PowerCC32XX_contextSave          
20011169  PowerCC32XX_enterLPDS            
20011a11  PowerCC32XX_getParkState         
2000ec0b  PowerCC32XX_initPolicy           
2001269c  PowerCC32XX_module               
20010ce1  PowerCC32XX_parkPin              
20011c19  PowerCC32XX_reset                
20011881  PowerCC32XX_restoreParkState     
20011981  PowerCC32XX_restoreParkedPin     
20010aad  PowerCC32XX_resumeLPDS           
20010669  PowerCC32XX_setParkState         
2000d8f5  PowerCC32XX_sleepPolicy          
200120b1  Power_disablePolicy              
200121fd  Power_enablePolicy               
200122b9  Power_getConstraintMask          
200120c5  Power_getDependencyCount         
20011ef1  Power_getTransitionLatency       
20011f09  Power_idleFunc                   
2000fe99  Power_init                       
20011b0d  Power_registerNotify             
20010fc5  Power_releaseConstraint          
20010901  Power_releaseDependency          
2001153d  Power_setConstraint              
20010021  Power_setDependency              
2000e119  Power_sleep                      
20011cc9  Power_unregisterNotify           
20012125  RingBuf_construct                
20011381  RingBuf_get                      
20012291  RingBuf_isFull                   
20011ce9  RingBuf_peek                     
20011055  RingBuf_put                      
2001220d  SemaphoreP_Params_init           
20010bf5  SemaphoreP_construct             
20011d47  SemaphoreP_constructBinary       
2001200b  SemaphoreP_create                
20011e2b  SemaphoreP_createBinary          
200129ac  SemaphoreP_defaultParams         
20012383  SemaphoreP_delete                
2000ef77  SemaphoreP_destruct              
2000f861  SemaphoreP_pend                  
200111ad  SemaphoreP_post                  
20011dbd  SwiP_disable                     
200111f1  SwiP_restore                     
20012994  TemperatureTarget                
20010c45  TimerCC32XX_allocateTimerResource
200118b5  TimerCC32XX_freeTimerResource    
20011741  TimerControlStall                
20012985  TimerCounter                     
20011d65  TimerDisable                     
20011d83  TimerEnable                      
20012984  TimerFlag                        
20012988  TimerFlag1s                      
20012986  TimerFlag200m                    
20012987  TimerFlag500m                    
20012137  TimerIntClear                    
20011f21  TimerIntDisable                  
20011f39  TimerIntEnable                   
20011a67  TimerLoadSet                     
20011a91  TimerPrescaleSet                 
20011c3d  TimerSupport_timerDisable        
200113c1  TimerSupport_timerEnable         
2001221d  Timer_Params_init                
20011401  Timer_close                      
200133a4  Timer_config                     
20013398  Timer_count                      
2000f0f3  Timer_init                       
2000e251  Timer_open                       
20011235  Timer_start                      
20011777  Timer_stop                       
20011f51  UARTBusy                         
2000e5e1  UARTCC32XX_close                 
2000eb19  UARTCC32XX_control               
200131c4  UARTCC32XX_fxnTable              
2000facf  UARTCC32XX_init                  
2000cebd  UARTCC32XX_open                  
20011441  UARTCC32XX_read                  
200117ad  UARTCC32XX_readCancel            
2000f039  UARTCC32XX_readPolling           
2000eead  UARTCC32XX_write                 
2001059d  UARTCC32XX_writeCancel           
200106cd  UARTCC32XX_writePolling          
20011f69  UARTIntEnable                    
20011f81  UART_Params_init                 
2001336c  UART_config                      
2001339a  UART_count                       
20013214  UART_defaultParams               
20011279  UART_init                        
20011481  UART_open                        
20012337  UART_write                       
20012375  UtilsDelay                       
20004000  __STACK_END                      
00001000  __STACK_SIZE                     
00008000  __SYSMEM_SIZE                    
200134a8  __TI_CINIT_Base                  
200134b8  __TI_CINIT_Limit                 
20013494  __TI_Handler_Table_Base          
200134a0  __TI_Handler_Table_Limit         
200112bd  __TI_auto_init_nobinit_nopinit   
20010535  __TI_decompress_lzss             
2001229f  __TI_decompress_none             
200109af  __TI_ltoa                        
ffffffff  __TI_pprof_out_hndl              
2000c041  __TI_printfi                     
ffffffff  __TI_prof_data_size              
ffffffff  __TI_prof_data_start             
200133b8  __TI_static_base__               
200122d1  __TI_zero_init                   
2000fd8d  __aeabi_cdcmpeq                  
2000fd8d  __aeabi_cdcmple                  
2000fe13  __aeabi_cdrcmple                 
2001100d  __aeabi_d2iz                     
2000d747  __aeabi_dadd                     
2000e389  __aeabi_ddiv                     
2000ea1d  __aeabi_dmul                     
2000d73d  __aeabi_dsub                     
20012349  __aeabi_errno_addr               
200116d1  __aeabi_f2iz                     
20010197  __aeabi_fmul                     
200119e1  __aeabi_i2d                      
20011709  __aeabi_i2f                      
200115ef  __aeabi_idiv0                    
200115ef  __aeabi_ldiv0                    
20011fb1  __aeabi_lmul                     
20010211  __aeabi_memclr                   
20010211  __aeabi_memclr4                  
20010211  __aeabi_memclr8                  
2000f99d  __aeabi_memcpy                   
2000f99d  __aeabi_memcpy4                  
2000f99d  __aeabi_memcpy8                  
20010213  __aeabi_memset                   
20010213  __aeabi_memset4                  
20010213  __aeabi_memset8                  
2000fa39  __aeabi_uldivmod                 
ffffffff  __binit__                        
ffffffff  __c_args__                       
UNDEFED   __mpu_init                       
20003000  __stack                          
20004000  __start___llvm_prf_cnts          
20004000  __stop___llvm_prf_cnts           
20011c61  _c_int00_noargs                  
20012ed4  _ctypes_                         
2001299c  _lock                            
20010377  _nop                             
20004040  _sys_memory                      
UNDEFED   _system_post_cinit               
20012387  _system_pre_init                 
200129a0  _unlock                          
2001238b  abort                            
2000e821  aligned_alloc                    
20010d2d  atoi                             
ffffffff  binit                            
2001072f  clkFxn                           
200122c5  copysign                         
200122c5  copysignl                        
200129c4  errno                            
2000ecf9  free                             
200107f1  frexp                            
200107f1  frexpl                           
200122dd  gpioButtonFxn0                   
200122e9  gpioButtonFxn1                   
20012bf0  gpioCallbackFunctions            
20012900  gpioPinConfigs                   
20012c74  gpioUserArgs                     
20012998  heatFlag                         
20012e0c  i2c                              
200132e8  i2cCC32XXHWAttrs                 
20012af4  i2cCC32XXObjects                 
20012e14  i2cTransaction                   
20010a05  initGPIO                         
2000d579  initI2C                          
20010d79  initTimer                        
20011579  initUART                         
20011661  initVectors                      
2000eddd  ldexp                            
2000eddd  ldexpl                           
20012149  main                             
2000da91  mainThread                       
20012351  malloc                           
2000e821  memalign                         
20011df5  memccpy                          
2000f99d  memcpy                           
20010219  memset                           
20012e34  output                           
20012808  parkInfo                         
2000ec0d  readTemp                         
20011e45  resetISR                         
20011e58  resetVectorAddr                  
20004000  resetVectors                     
20012e01  rxBuffer                         
2000eddd  scalbn                           
2000eddd  scalbnl                          
2001298c  second                           
20010e11  snprintf                         
20012021  strchr                           
200120ed  strlen                           
20012e04  temperature                      
20012e08  timer0                           
20013350  timerCC32XXHWAttrs               
20012cf8  timerCC32XXObjects               
2001230d  timerCallback                    
20012e00  txBuffer                         
20012e10  uart                             
20012d7c  uartCC32XXObjects0               
2001215b  wcslen                           


GLOBAL SYMBOLS: SORTED BY Symbol Address 

address   name                             
-------   ----                             
00001000  __STACK_SIZE                     
00008000  __SYSMEM_SIZE                    
20003000  __stack                          
20004000  __STACK_END                      
20004000  __start___llvm_prf_cnts          
20004000  __stop___llvm_prf_cnts           
20004000  resetVectors                     
20004040  _sys_memory                      
2000c041  __TI_printfi                     
2000ca8f  Board_initHook                   
2000ca91  PRCMCC3200MCUInit                
2000cebd  UARTCC32XX_open                  
2000d579  initI2C                          
2000d73d  __aeabi_dsub                     
2000d747  __aeabi_dadd                     
2000d8f3  I2C_init                         
2000d8f5  PowerCC32XX_sleepPolicy          
2000da91  mainThread                       
2000dbf9  GPIO_setConfig                   
2000e119  Power_sleep                      
2000e251  Timer_open                       
2000e389  __aeabi_ddiv                     
2000e4bf  I2C_transferTimeout              
2000e5e1  UARTCC32XX_close                 
2000e821  aligned_alloc                    
2000e821  memalign                         
2000e921  I2C_open                         
2000ea1d  __aeabi_dmul                     
2000eb19  UARTCC32XX_control               
2000ec0b  PowerCC32XX_initPolicy           
2000ec0d  readTemp                         
2000ecf9  free                             
2000eddd  ldexp                            
2000eddd  ldexpl                           
2000eddd  scalbn                           
2000eddd  scalbnl                          
2000eead  UARTCC32XX_write                 
2000ef77  SemaphoreP_destruct              
2000f039  UARTCC32XX_readPolling           
2000f0f3  Timer_init                       
2000f5cd  IntEnable                        
2000f675  PowerCC32XX_configureWakeup      
2000f861  SemaphoreP_pend                  
2000f99d  __aeabi_memcpy                   
2000f99d  __aeabi_memcpy4                  
2000f99d  __aeabi_memcpy8                  
2000f99d  memcpy                           
2000fa39  __aeabi_uldivmod                 
2000facf  UARTCC32XX_init                  
2000fad1  GPIO_init                        
2000fbf1  HwiP_construct                   
2000fc7d  IntPendSet                       
2000fd05  PinConfigSet                     
2000fd8d  __aeabi_cdcmpeq                  
2000fd8d  __aeabi_cdcmple                  
2000fe13  __aeabi_cdrcmple                 
2000fe99  Power_init                       
2000ffa1  GPIO_write                       
20010021  Power_setDependency              
20010197  __aeabi_fmul                     
20010211  __aeabi_memclr                   
20010211  __aeabi_memclr4                  
20010211  __aeabi_memclr8                  
20010213  __aeabi_memset                   
20010213  __aeabi_memset4                  
20010213  __aeabi_memset8                  
20010219  memset                           
20010377  _nop                             
200104cb  I2CSupport_primeTransfer         
20010535  __TI_decompress_lzss             
2001059d  UARTCC32XX_writeCancel           
20010605  GPIO_setInterruptConfig          
20010669  PowerCC32XX_setParkState         
200106cd  UARTCC32XX_writePolling          
2001072f  clkFxn                           
20010731  GPIO_hwiIntFxn                   
20010791  PRCMSysResetCauseGet             
200107f1  frexp                            
200107f1  frexpl                           
200108a9  PRCMPeripheralReset              
20010901  Power_releaseDependency          
200109af  __TI_ltoa                        
20010a05  initGPIO                         
20010aad  PowerCC32XX_resumeLPDS           
20010ba5  ClockP_doTick                    
20010ba5  ClockP_sysTickHandler            
20010bf5  SemaphoreP_construct             
20010c45  TimerCC32XX_allocateTimerResource
20010ce1  PowerCC32XX_parkPin              
20010d2d  atoi                             
20010d79  initTimer                        
20010e11  snprintf                         
20010e5d  FlashDisable                     
20010ea5  GPIO_disableInt                  
20010eed  GPIO_enableInt                   
20010f35  PRCMLPDSEnter                    
20010f7d  PRCMPeripheralClkEnable          
20010fc5  Power_releaseConstraint          
2001100d  __aeabi_d2iz                     
20011055  RingBuf_put                      
200110e1  ClockP_stop                      
20011125  PRCMLPDSRestoreInfoSet           
20011169  PowerCC32XX_enterLPDS            
200111ad  SemaphoreP_post                  
200111f1  SwiP_restore                     
20011235  Timer_start                      
20011279  UART_init                        
200112bd  __TI_auto_init_nobinit_nopinit   
20011301  ClockP_construct                 
20011341  PinModeSet                       
20011381  RingBuf_get                      
200113c1  TimerSupport_timerEnable         
20011401  Timer_close                      
20011441  UARTCC32XX_read                  
20011481  UART_open                        
20011501  ClockP_destruct                  
2001153d  Power_setConstraint              
20011579  initUART                         
200115ef  __aeabi_idiv0                    
200115ef  __aeabi_ldiv0                    
200115f1  PRCMLPDSEnterKeepDebugIf         
20011661  initVectors                      
200116d1  __aeabi_f2iz                     
20011709  __aeabi_i2f                      
20011741  TimerControlStall                
20011777  Timer_stop                       
200117ad  UARTCC32XX_readCancel            
200117e5  ClockP_getTicksUntilInterrupt    
20011819  ClockP_startup                   
2001184d  PinModeGet                       
20011881  PowerCC32XX_restoreParkState     
200118b5  TimerCC32XX_freeTimerResource    
20011951  ClockP_start                     
20011981  PowerCC32XX_restoreParkedPin     
200119e1  __aeabi_i2d                      
20011a11  PowerCC32XX_getParkState         
20011a3d  HwiP_create                      
20011a67  TimerLoadSet                     
20011a91  TimerPrescaleSet                 
20011abb  I2CFIFODataPutNonBlocking        
20011ae5  PRCMPeripheralClkDisable         
20011b0d  Power_registerNotify             
20011b5d  I2CFIFODataGetNonBlocking        
20011b83  I2C_cancel                       
20011ba9  List_put                         
20011bcf  List_remove                      
20011bf5  HwiP_dispatch                    
20011c19  PowerCC32XX_reset                
20011c3d  TimerSupport_timerDisable        
20011c61  _c_int00_noargs                  
20011c85  I2CMasterSlaveAddrSet            
20011ca7  HwiP_destruct                    
20011cc9  Power_unregisterNotify           
20011ce9  RingBuf_peek                     
20011d29  I2CMasterIntStatusEx             
20011d47  SemaphoreP_constructBinary       
20011d65  TimerDisable                     
20011d83  TimerEnable                      
20011da1  PinToPadGet                      
20011dbd  SwiP_disable                     
20011df5  memccpy                          
20011e11  ClockP_create                    
20011e2b  SemaphoreP_createBinary          
20011e45  resetISR                         
20011e58  resetVectorAddr                  
20011e61  GPIO_setCallback                 
20011e79  I2CMasterBusBusy                 
20011e91  I2CMasterIntDisableEx            
20011ea9  I2CMasterIntEnableEx             
20011ec1  I2CRxFIFOFlush                   
20011ed9  I2CTxFIFOFlush                   
20011ef1  Power_getTransitionLatency       
20011f09  Power_idleFunc                   
20011f21  TimerIntDisable                  
20011f39  TimerIntEnable                   
20011f51  UARTBusy                         
20011f69  UARTIntEnable                    
20011f81  UART_Params_init                 
20011fb1  __aeabi_lmul                     
20011fc9  I2CMasterBurstLengthSet          
20011fdf  PRCMHIBRegRead                   
20011ff5  PRCMHIBRegWrite                  
2001200b  SemaphoreP_create                
20012021  strchr                           
20012037  Board_init                       
2001204b  CPUcpsid                         
20012061  HwiP_inISR                       
20012075  I2CSupport_masterFinish          
20012089  I2C_transfer                     
2001209d  IntVTableBaseSet                 
200120b1  Power_disablePolicy              
200120c5  Power_getDependencyCount         
200120ed  strlen                           
20012101  HwiP_Params_init                 
20012113  I2CMasterIntClearEx              
20012125  RingBuf_construct                
20012137  TimerIntClear                    
20012149  main                             
2001215b  wcslen                           
2001216d  ClockP_add                       
2001217d  ClockP_delete                    
2001218d  ClockP_getCpuFreq                
2001219d  ClockP_getSystemTicks            
200121ad  ClockP_setTicks                  
200121bd  HwiP_delete                      
200121cd  HwiP_restore                     
200121dd  I2CFIFOStatus                    
200121ed  I2C_Params_init                  
200121fd  Power_enablePolicy               
2001220d  SemaphoreP_Params_init           
2001221d  Timer_Params_init                
2001223d  HwiP_clearInterrupt              
2001224b  HwiP_disable                     
20012259  HwiP_disableInterrupt            
20012267  HwiP_enable                      
20012267  NoRTOS_start                     
20012275  HwiP_enableInterrupt             
20012291  RingBuf_isFull                   
2001229f  __TI_decompress_none             
200122b9  Power_getConstraintMask          
200122c5  copysign                         
200122c5  copysignl                        
200122d1  __TI_zero_init                   
200122dd  gpioButtonFxn0                   
200122e9  gpioButtonFxn1                   
2001230d  timerCallback                    
20012319  ClockP_Params_init               
20012323  ClockP_isActive                  
2001232d  IntMasterDisable                 
20012337  UART_write                       
20012349  __aeabi_errno_addr               
20012351  malloc                           
20012369  I2CSupport_powerRelConstraint    
2001236f  I2CSupport_powerSetConstraint    
20012375  UtilsDelay                       
2001237b  ClockP_setTimeout                
2001237f  HwiP_post                        
20012383  SemaphoreP_delete                
20012387  _system_pre_init                 
2001238b  C$$EXIT                          
2001238b  abort                            
2001269c  PowerCC32XX_module               
20012808  parkInfo                         
20012900  gpioPinConfigs                   
20012984  TimerFlag                        
20012985  TimerCounter                     
20012986  TimerFlag200m                    
20012987  TimerFlag500m                    
20012988  TimerFlag1s                      
2001298c  second                           
20012990  ButtonUpPushed                   
20012991  ButtonDownPushed                 
20012994  TemperatureTarget                
20012998  heatFlag                         
2001299c  _lock                            
200129a0  _unlock                          
200129ac  SemaphoreP_defaultParams         
200129b4  HwiP_key                         
200129b8  HwiP_swiPIntNum                  
200129bc  ClockP_tickPeriod                
200129c4  errno                            
200129c8  PowerCC32XX_contextSave          
20012af4  i2cCC32XXObjects                 
20012bf0  gpioCallbackFunctions            
20012c74  gpioUserArgs                     
20012cf8  timerCC32XXObjects               
20012d7c  uartCC32XXObjects0               
20012e00  txBuffer                         
20012e01  rxBuffer                         
20012e04  temperature                      
20012e08  timer0                           
20012e0c  i2c                              
20012e10  uart                             
20012e14  i2cTransaction                   
20012e34  output                           
20012ea8  ClockP_ctrl                      
20012ed4  _ctypes_                         
20013180  PowerCC32XX_config               
200131c4  UARTCC32XX_fxnTable              
20013214  UART_defaultParams               
200132e8  i2cCC32XXHWAttrs                 
20013310  GPIO_config                      
20013320  I2C_defaultParams                
20013350  timerCC32XXHWAttrs               
2001336c  UART_config                      
20013390  GPIO_pinLowerBound               
20013391  GPIO_pinUpperBound               
20013392  CONFIG_GPIO_BUTTON_0_CONST       
20013393  CONFIG_GPIO_BUTTON_1_CONST       
20013394  CONFIG_GPIO_LED_0_CONST          
20013395  CONFIG_I2C_0_CONST               
20013396  I2C_count                        
20013397  CONFIG_TIMER_0_CONST             
20013398  Timer_count                      
20013399  CONFIG_UART_0_CONST              
2001339a  UART_count                       
2001339c  I2C_config                       
200133a4  Timer_config                     
200133b8  __TI_static_base__               
20013494  __TI_Handler_Table_Base          
200134a0  __TI_Handler_Table_Limit         
200134a8  __TI_CINIT_Base                  
200134b8  __TI_CINIT_Limit                 
ffffffff  __TI_pprof_out_hndl              
ffffffff  __TI_prof_data_size              
ffffffff  __TI_prof_data_start             
ffffffff  __binit__                        
ffffffff  __c_args__                       
ffffffff  binit                            
UNDEFED   ITM_flush                        
UNDEFED   ITM_restore                      
UNDEFED   __mpu_init                       
UNDEFED   _system_post_cinit               

[313 symbols]
